spots read      : 28,669,841
reads read      : 57,339,682
reads written   : 28,669,841
reads 0-length  : 28,669,841
spots read      : 21,523,925
reads read      : 43,047,850
reads written   : 21,523,925
reads 0-length  : 21,523,925
spots read      : 20,387,104
reads read      : 40,774,208
reads written   : 20,387,104
reads 0-length  : 20,387,104
spots read      : 21,362,219
reads read      : 42,724,438
reads written   : 21,362,219
reads 0-length  : 21,362,219
spots read      : 9,390,498
reads read      : 18,780,996
reads written   : 9,390,498
reads 0-length  : 9,390,498
spots read      : 13,698,399
reads read      : 27,396,798
reads written   : 13,698,399
reads 0-length  : 13,698,399
spots read      : 15,288,573
reads read      : 30,577,146
reads written   : 15,288,573
reads 0-length  : 15,288,573
spots read      : 28,608,288
reads read      : 57,216,576
reads written   : 28,608,288
reads 0-length  : 28,608,288
spots read      : 23,670,304
reads read      : 47,340,608
reads written   : 23,670,304
reads 0-length  : 23,670,304
spots read      : 21,929,258
reads read      : 43,858,516
reads written   : 21,929,258
reads 0-length  : 21,929,258
spots read      : 16,789,517
reads read      : 33,579,034
reads written   : 16,789,517
reads 0-length  : 16,789,517
spots read      : 27,798,300
reads read      : 55,596,600
reads written   : 27,798,300
reads 0-length  : 27,798,300
spots read      : 20,029,672
reads read      : 40,059,344
reads written   : 20,029,672
reads 0-length  : 20,029,672
spots read      : 48,358,595
reads read      : 96,717,190
reads written   : 48,358,595
reads 0-length  : 48,358,595
spots read      : 9,083,109
reads read      : 18,166,218
reads written   : 9,083,109
reads 0-length  : 9,083,109
spots read      : 28,169,791
reads read      : 56,339,582
reads written   : 28,169,791
reads 0-length  : 28,169,791
spots read      : 40,592,835
reads read      : 81,185,670
reads written   : 40,592,835
reads 0-length  : 40,592,835
spots read      : 10,511,189
reads read      : 21,022,378
reads written   : 10,511,189
reads 0-length  : 10,511,189
spots read      : 25,842,984
reads read      : 51,685,968
reads written   : 25,842,984
reads 0-length  : 25,842,984
spots read      : 40,919,021
reads read      : 81,838,042
reads written   : 40,919,021
reads 0-length  : 40,919,021
spots read      : 7,652,536
reads read      : 15,305,072
reads written   : 7,652,536
reads 0-length  : 7,652,536
spots read      : 26,993,586
reads read      : 53,987,172
reads written   : 26,993,586
reads 0-length  : 26,993,586
spots read      : 28,358,712
reads read      : 56,717,424
reads written   : 28,358,712
reads 0-length  : 28,358,712
spots read      : 6,169,544
reads read      : 12,339,088
reads written   : 6,169,544
reads 0-length  : 6,169,544
spots read      : 26,810,972
reads read      : 53,621,944
reads written   : 26,810,972
reads 0-length  : 26,810,972
spots read      : 29,980,756
reads read      : 59,961,512
reads written   : 29,980,756
reads 0-length  : 29,980,756
spots read      : 20,911,293
reads read      : 41,822,586
reads written   : 20,911,293
reads 0-length  : 20,911,293
spots read      : 9,771,807
reads read      : 19,543,614
reads written   : 9,771,807
reads 0-length  : 9,771,807
spots read      : 15,622,275
reads read      : 31,244,550
reads written   : 15,622,275
reads 0-length  : 15,622,275
spots read      : 10,215,323
reads read      : 20,430,646
reads written   : 10,215,323
reads 0-length  : 10,215,323
spots read      : 20,950,492
reads read      : 41,900,984
reads written   : 20,950,492
reads 0-length  : 20,950,492
spots read      : 10,252,985
reads read      : 20,505,970
reads written   : 10,252,985
reads 0-length  : 10,252,985
spots read      : 17,126,563
reads read      : 34,253,126
reads written   : 17,126,563
reads 0-length  : 17,126,563
spots read      : 11,504,911
reads read      : 23,009,822
reads written   : 11,504,911
reads 0-length  : 11,504,911
spots read      : 39,864,045
reads read      : 79,728,090
reads written   : 39,864,045
reads 0-length  : 39,864,045
spots read      : 35,516,180
reads read      : 71,032,360
reads written   : 35,516,180
reads 0-length  : 35,516,180
