Processing H4K16ac_Scrameble_ChIP1_S155_L003
[bam_sort_core] merging from 0 files and 8 in-memory blocks...
Processing H4K16ac_Scrameble_ChIP1_S155_L003_sorted
[bam_sort_core] merging from 0 files and 8 in-memory blocks...
Processing H4K16ac_Scrameble_ChIP2_S156_L003
[bam_sort_core] merging from 0 files and 8 in-memory blocks...
Processing H4K16ac_Scrameble_ChIP2_S156_L003_sorted
[bam_sort_core] merging from 0 files and 8 in-memory blocks...
Processing H4K16ac_YEATS2_shRNA#3_ChIP1_S157_L003
[bam_sort_core] merging from 0 files and 8 in-memory blocks...
Processing H4K16ac_YEATS2_shRNA#3_ChIP1_S157_L003_sorted
[bam_sort_core] merging from 0 files and 8 in-memory blocks...
Processing H4K16ac_YEATS2_shRNA#3_ChIP2_S158_L003
[bam_sort_core] merging from 0 files and 8 in-memory blocks...
Processing H4K16ac_YEATS2_shRNA#3_ChIP2_S158_L003_sorted
[bam_sort_core] merging from 0 files and 8 in-memory blocks...
Processing scramble_Input_rep1_S151_L003
[bam_sort_core] merging from 0 files and 8 in-memory blocks...
Processing scramble_Input_rep1_S151_L003_sorted
[bam_sort_core] merging from 0 files and 8 in-memory blocks...
Processing scramble_Input_rep2_S152_L003
[bam_sort_core] merging from 0 files and 8 in-memory blocks...
Processing scramble_Input_rep2_S152_L003_sorted
[bam_sort_core] merging from 0 files and 8 in-memory blocks...
Processing YEATS2_shRNA#3_Input1_S153_L003
[bam_sort_core] merging from 0 files and 8 in-memory blocks...
Processing YEATS2_shRNA#3_Input1_S153_L003_sorted
[bam_sort_core] merging from 0 files and 8 in-memory blocks...
Processing YEATS2_shRNA#3_Input2_S154_L003
[bam_sort_core] merging from 0 files and 8 in-memory blocks...
Processing YEATS2_shRNA#3_Input2_S154_L003_sorted
[bam_sort_core] merging from 0 files and 8 in-memory blocks...
Sample                                         dm6_fragments
H4K16ac_Scrameble_ChIP1_S155_L003              227169
H4K16ac_Scrameble_ChIP1_S155_L003_sorted       227169
H4K16ac_Scrameble_ChIP2_S156_L003              195595
H4K16ac_Scrameble_ChIP2_S156_L003_sorted       195595
H4K16ac_YEATS2_shRNA#3_ChIP1_S157_L003         178343
H4K16ac_YEATS2_shRNA#3_ChIP1_S157_L003_sorted  178343
H4K16ac_YEATS2_shRNA#3_ChIP2_S158_L003         260382
H4K16ac_YEATS2_shRNA#3_ChIP2_S158_L003_sorted  260382
scramble_Input_rep1_S151_L003                  662
scramble_Input_rep1_S151_L003_sorted           662
scramble_Input_rep2_S152_L003                  619
scramble_Input_rep2_S152_L003_sorted           619
YEATS2_shRNA#3_Input1_S153_L003                1154
YEATS2_shRNA#3_Input1_S153_L003_sorted         1154
YEATS2_shRNA#3_Input2_S154_L003                836
YEATS2_shRNA#3_Input2_S154_L003_sorted         836
