Loaded 20,107 protein-coding genes
Finished Scramble_rep1
Finished Scramble_rep2
Finished KD_rep1
Finished KD_rep2
Traceback (most recent call last):
  File "/gpfs/projects/b1042/LauberthLab/BenFolder/pybw.py", line 339, in <module>
    main()
    ~~~~^^
  File "/gpfs/projects/b1042/LauberthLab/BenFolder/pybw.py", line 316, in main
    keep_mask = filter_low_signal_genes(genes, promoter_signals, body_signals, raw_promoter, raw_body)
  File "/gpfs/projects/b1042/LauberthLab/BenFolder/pybw.py", line 98, in filter_low_signal_genes
    promoter_signals[f"KD_{rep}"] * -1
    ~~~~~~~~~~~~~~~~~~~~~~~~~~~~~~~~~~
    + body_signals[f"KD_{rep}"]
    ~~~~~~~~~~~~~~~~~~~~~~~~~~~
    + promoter_signals[f"Scramble_{rep}"]
    ~~~~~~~~~~~~~~~~~~~~~~~~~~~~~~~~~~~~~
    - body_signals[f"Scramble_{rep}"]
    ^~~~~~~~~~~~~~~~~~~~~~~~~~~~~~~~~
TypeError: unsupported operand type(s) for -: 'list' and 'list'
