Running RSeQC strandedness for SRR5944047
Reading reference gene model rna_seq_featurecounts/reference/all_rseqc.bed12 ... Done
Loading SAM/BAM file ...  Total 200000 usable reads were sampled
Running RSeQC strandedness for SRR5944048
Reading reference gene model rna_seq_featurecounts/reference/all_rseqc.bed12 ... Done
Loading SAM/BAM file ...  Total 200000 usable reads were sampled
Running RSeQC strandedness for SRR5944049
Reading reference gene model rna_seq_featurecounts/reference/all_rseqc.bed12 ... Done
Loading SAM/BAM file ...  Total 200000 usable reads were sampled
Running RSeQC strandedness for SRR5944050
Reading reference gene model rna_seq_featurecounts/reference/all_rseqc.bed12 ... Done
Loading SAM/BAM file ...  Total 200000 usable reads were sampled
Running RSeQC strandedness for SRR5944051
Reading reference gene model rna_seq_featurecounts/reference/all_rseqc.bed12 ... Done
Loading SAM/BAM file ...  Total 200000 usable reads were sampled
Running RSeQC strandedness for SRR5944052
Reading reference gene model rna_seq_featurecounts/reference/all_rseqc.bed12 ... Done
Loading SAM/BAM file ...  Total 200000 usable reads were sampled
Running RSeQC strandedness for SRR5944053
Reading reference gene model rna_seq_featurecounts/reference/all_rseqc.bed12 ... Done
Loading SAM/BAM file ...  Total 200000 usable reads were sampled
Running RSeQC strandedness for SRR5944054
Reading reference gene model rna_seq_featurecounts/reference/all_rseqc.bed12 ... Done
Loading SAM/BAM file ...  Total 200000 usable reads were sampled
Running RSeQC strandedness for SRR5944055
Reading reference gene model rna_seq_featurecounts/reference/all_rseqc.bed12 ... Done
Loading SAM/BAM file ...  Total 200000 usable reads were sampled
Running RSeQC strandedness for SRR5944056
Reading reference gene model rna_seq_featurecounts/reference/all_rseqc.bed12 ... Done
Loading SAM/BAM file ...  Total 200000 usable reads were sampled
Running RSeQC strandedness for SRR5944057
Reading reference gene model rna_seq_featurecounts/reference/all_rseqc.bed12 ... Done
Loading SAM/BAM file ...  Total 200000 usable reads were sampled
Running RSeQC strandedness for SRR5944058
Reading reference gene model rna_seq_featurecounts/reference/all_rseqc.bed12 ... Done
Loading SAM/BAM file ...  Total 200000 usable reads were sampled
Running RSeQC strandedness for SRR5944059
Reading reference gene model rna_seq_featurecounts/reference/all_rseqc.bed12 ... Done
Loading SAM/BAM file ...  Total 200000 usable reads were sampled
Running RSeQC strandedness for SRR5944060
Reading reference gene model rna_seq_featurecounts/reference/all_rseqc.bed12 ... Done
Loading SAM/BAM file ...  Total 200000 usable reads were sampled
Running RSeQC strandedness for SRR5944061
Reading reference gene model rna_seq_featurecounts/reference/all_rseqc.bed12 ... Done
Loading SAM/BAM file ...  Total 200000 usable reads were sampled
Running RSeQC strandedness for SRR5944062
Reading reference gene model rna_seq_featurecounts/reference/all_rseqc.bed12 ... Done
Loading SAM/BAM file ...  Total 200000 usable reads were sampled
Running RSeQC strandedness for SRR5944063
Reading reference gene model rna_seq_featurecounts/reference/all_rseqc.bed12 ... Done
Loading SAM/BAM file ...  Total 200000 usable reads were sampled
Running RSeQC strandedness for SRR5944064
Reading reference gene model rna_seq_featurecounts/reference/all_rseqc.bed12 ... Done
Loading SAM/BAM file ...  Total 200000 usable reads were sampled
Running RSeQC strandedness for SRR5944065
Reading reference gene model rna_seq_featurecounts/reference/all_rseqc.bed12 ... Done
Loading SAM/BAM file ...  Total 200000 usable reads were sampled
Running RSeQC strandedness for SRR5944066
Reading reference gene model rna_seq_featurecounts/reference/all_rseqc.bed12 ... Done
Loading SAM/BAM file ...  Total 200000 usable reads were sampled
Running RSeQC strandedness for SRR5944067
Reading reference gene model rna_seq_featurecounts/reference/all_rseqc.bed12 ... Done
Loading SAM/BAM file ...  Total 200000 usable reads were sampled
Running RSeQC strandedness for SRR5944068
Reading reference gene model rna_seq_featurecounts/reference/all_rseqc.bed12 ... Done
Loading SAM/BAM file ...  Total 200000 usable reads were sampled
Running RSeQC strandedness for SRR5944069
Reading reference gene model rna_seq_featurecounts/reference/all_rseqc.bed12 ... Done
Loading SAM/BAM file ...  Total 200000 usable reads were sampled
Running RSeQC strandedness for SRR5944070
Reading reference gene model rna_seq_featurecounts/reference/all_rseqc.bed12 ... Done
Loading SAM/BAM file ...  Total 200000 usable reads were sampled
Running RSeQC strandedness for SRR5944071
Reading reference gene model rna_seq_featurecounts/reference/all_rseqc.bed12 ... Done
Loading SAM/BAM file ...  Total 200000 usable reads were sampled
Running RSeQC strandedness for SRR5944072
Reading reference gene model rna_seq_featurecounts/reference/all_rseqc.bed12 ... Done
Loading SAM/BAM file ...  Total 200000 usable reads were sampled
Running RSeQC strandedness for SRR5944073
Reading reference gene model rna_seq_featurecounts/reference/all_rseqc.bed12 ... Done
Loading SAM/BAM file ...  Total 200000 usable reads were sampled
Running RSeQC strandedness for SRR5944074
Reading reference gene model rna_seq_featurecounts/reference/all_rseqc.bed12 ... Done
Loading SAM/BAM file ...  Total 200000 usable reads were sampled
Running RSeQC strandedness for SRR5944075
Reading reference gene model rna_seq_featurecounts/reference/all_rseqc.bed12 ... Done
Loading SAM/BAM file ...  Total 200000 usable reads were sampled
Running RSeQC strandedness for SRR5944076
Reading reference gene model rna_seq_featurecounts/reference/all_rseqc.bed12 ... Done
Loading SAM/BAM file ...  Total 200000 usable reads were sampled
Running RSeQC strandedness for SRR5944077
Reading reference gene model rna_seq_featurecounts/reference/all_rseqc.bed12 ... Done
Loading SAM/BAM file ...  Total 200000 usable reads were sampled
Running RSeQC strandedness for SRR5944078
Reading reference gene model rna_seq_featurecounts/reference/all_rseqc.bed12 ... Done
Loading SAM/BAM file ...  Total 200000 usable reads were sampled
Running RSeQC strandedness for SRR5944079
Reading reference gene model rna_seq_featurecounts/reference/all_rseqc.bed12 ... Done
Loading SAM/BAM file ...  Total 200000 usable reads were sampled
Running RSeQC strandedness for SRR5944080
Reading reference gene model rna_seq_featurecounts/reference/all_rseqc.bed12 ... Done
Loading SAM/BAM file ...  Total 200000 usable reads were sampled
Running RSeQC strandedness for SRR5944081
Reading reference gene model rna_seq_featurecounts/reference/all_rseqc.bed12 ... Done
Loading SAM/BAM file ...  Total 200000 usable reads were sampled
Running RSeQC strandedness for SRR5944082
Reading reference gene model rna_seq_featurecounts/reference/all_rseqc.bed12 ... Done
Loading SAM/BAM file ...  Total 200000 usable reads were sampled
Running featureCounts on 36 single-end BAM files

        ==========     _____ _    _ ____  _____  ______          _____  
        =====         / ____| |  | |  _ \|  __ \|  ____|   /\   |  __ \ 
          =====      | (___ | |  | | |_) | |__) | |__     /  \  | |  | |
            ====      \___ \| |  | |  _ <|  _  /|  __|   / /\ \ | |  | |
              ====    ____) | |__| | |_) | | \ \| |____ / ____ \| |__| |
        ==========   |_____/ \____/|____/|_|  \_\______/_/    \_\_____/
	  v2.0.3

//========================== featureCounts setting ===========================\\
||                                                                            ||
||             Input files : 36 BAM files                                     ||
||                                                                            ||
||                           SRR5944047.sorted.bam                            ||
||                           SRR5944048.sorted.bam                            ||
||                           SRR5944049.sorted.bam                            ||
||                           SRR5944050.sorted.bam                            ||
||                           SRR5944051.sorted.bam                            ||
||                           SRR5944052.sorted.bam                            ||
||                           SRR5944053.sorted.bam                            ||
||                           SRR5944054.sorted.bam                            ||
||                           SRR5944055.sorted.bam                            ||
||                           SRR5944056.sorted.bam                            ||
||                           SRR5944057.sorted.bam                            ||
||                           SRR5944058.sorted.bam                            ||
||                           SRR5944059.sorted.bam                            ||
||                           SRR5944060.sorted.bam                            ||
||                           SRR5944061.sorted.bam                            ||
||                           SRR5944062.sorted.bam                            ||
||                           SRR5944063.sorted.bam                            ||
||                           SRR5944064.sorted.bam                            ||
||                           SRR5944065.sorted.bam                            ||
||                           SRR5944066.sorted.bam                            ||
||                           SRR5944067.sorted.bam                            ||
||                           SRR5944068.sorted.bam                            ||
||                           SRR5944069.sorted.bam                            ||
||                           SRR5944070.sorted.bam                            ||
||                           SRR5944071.sorted.bam                            ||
||                           SRR5944072.sorted.bam                            ||
||                           SRR5944073.sorted.bam                            ||
||                           SRR5944074.sorted.bam                            ||
||                           SRR5944075.sorted.bam                            ||
||                           SRR5944076.sorted.bam                            ||
||                           SRR5944077.sorted.bam                            ||
||                           SRR5944078.sorted.bam                            ||
||                           SRR5944079.sorted.bam                            ||
||                           SRR5944080.sorted.bam                            ||
||                           SRR5944081.sorted.bam                            ||
||                           SRR5944082.sorted.bam                            ||
||                                                                            ||
||             Output file : rna_seq_featureCounts.txt                        ||
||                 Summary : rna_seq_featureCounts.txt.summary                ||
||              Paired-end : no                                               ||
||        Count read pairs : no                                               ||
||              Annotation : all_exons.saf (SAF)                              ||
||      Dir for temp files : rna_seq_featurecounts                            ||
||                                                                            ||
||                 Threads : 16                                               ||
||                   Level : meta-feature level                               ||
||      Multimapping reads : not counted                                      ||
|| Multi-overlapping reads : not counted                                      ||
||   Min overlapping bases : 1                                                ||
||                                                                            ||
\\============================================================================//

//================================= Running ==================================\\
||                                                                            ||
|| Load annotation file all_exons.saf ...                                     ||

Error: Line 1 contains a format error. The expected annotation format is SAF.
