Loading required package: GenomicRanges
Loading required package: stats4
Loading required package: BiocGenerics
Loading required package: generics

Attaching package: ‘generics’

The following objects are masked from ‘package:base’:

    as.difftime, as.factor, as.ordered, intersect, is.element, setdiff,
    setequal, union


Attaching package: ‘BiocGenerics’

The following objects are masked from ‘package:stats’:

    IQR, mad, sd, var, xtabs

The following objects are masked from ‘package:base’:

    anyDuplicated, aperm, append, as.data.frame, basename, cbind,
    colnames, dirname, do.call, duplicated, eval, evalq, Filter, Find,
    get, grep, grepl, is.unsorted, lapply, Map, mapply, match, mget,
    order, paste, pmax, pmax.int, pmin, pmin.int, Position, rank,
    rbind, Reduce, rownames, sapply, saveRDS, table, tapply, unique,
    unsplit, which.max, which.min

Loading required package: S4Vectors

Attaching package: ‘S4Vectors’

The following object is masked from ‘package:utils’:

    findMatches

The following objects are masked from ‘package:base’:

    expand.grid, I, unname

Loading required package: IRanges
Loading required package: Seqinfo
Loading required package: SummarizedExperiment
Loading required package: MatrixGenerics
Loading required package: matrixStats

Attaching package: ‘MatrixGenerics’

The following objects are masked from ‘package:matrixStats’:

    colAlls, colAnyNAs, colAnys, colAvgsPerRowSet, colCollapse,
    colCounts, colCummaxs, colCummins, colCumprods, colCumsums,
    colDiffs, colIQRDiffs, colIQRs, colLogSumExps, colMadDiffs,
    colMads, colMaxs, colMeans2, colMedians, colMins, colOrderStats,
    colProds, colQuantiles, colRanges, colRanks, colSdDiffs, colSds,
    colSums2, colTabulates, colVarDiffs, colVars, colWeightedMads,
    colWeightedMeans, colWeightedMedians, colWeightedSds,
    colWeightedVars, rowAlls, rowAnyNAs, rowAnys, rowAvgsPerColSet,
    rowCollapse, rowCounts, rowCummaxs, rowCummins, rowCumprods,
    rowCumsums, rowDiffs, rowIQRDiffs, rowIQRs, rowLogSumExps,
    rowMadDiffs, rowMads, rowMaxs, rowMeans2, rowMedians, rowMins,
    rowOrderStats, rowProds, rowQuantiles, rowRanges, rowRanks,
    rowSdDiffs, rowSds, rowSums2, rowTabulates, rowVarDiffs, rowVars,
    rowWeightedMads, rowWeightedMeans, rowWeightedMedians,
    rowWeightedSds, rowWeightedVars

Loading required package: Biobase
Welcome to Bioconductor

    Vignettes contain introductory material; view with
    'browseVignettes()'. To cite Bioconductor, see
    'citation("Biobase")', and for packages 'citation("pkgname")'.


Attaching package: ‘Biobase’

The following object is masked from ‘package:MatrixGenerics’:

    rowMedians

The following objects are masked from ‘package:matrixStats’:

    anyMissing, rowMedians

 >>> DiffBind 3.20.0

ChIPseeker v1.46.1 Learn more at https://yulab-smu.top/contribution-knowledge-mining/

Please cite:

Qianwen Wang, Ming Li, Tianzhi Wu, Li Zhan, Lin Li, Meijun Chen, Wenqin
Xie, Zijing Xie, Erqiang Hu, Shuangbin Xu, Guangchuang Yu. Exploring
epigenomic datasets by ChIPseeker. Current Protocols. 2022, 2(10): e585
Loading required package: GenomicFeatures
Loading required package: AnnotationDbi

Scramble_rep1   Scramble  1 macs
Scramble_rep2   Scramble  2 macs
YEATS2KD_rep1   YEATS2KD  1 macs
YEATS2KD_rep2   YEATS2KD  2 macs
Genome detected: Hsapiens.UCSC.hg38
Applying blacklist...
Removed: 9741 of 190157 intervals.
Removed: 4473 merged (of 96097) and 2270 (of 37657) consensus.
Computing summits...
Re-centering peaks...
Indexing BAMfiles/human/H4K16ac_Scrameble_ChIP1_S155_L003_sorted.bam
Indexing BAMfiles/human/H4K16ac_Scrameble_ChIP2_S156_L003_sorted.bam
Indexing BAMfiles/human/H4K16ac_YEATS2_shRNA#3_ChIP2_S158_L003_sorted.bam
Indexing BAMfiles/human/scramble_Input_rep1_S151_L003_sorted.bam
Indexing BAMfiles/human/scramble_Input_rep2_S152_L003_sorted.bam
Indexing BAMfiles/human/YEATS2_shRNA#3_Input2_S154_L003_sorted.bam
Reads will be counted as Paired-end.
Reads will be counted as Paired-end.
Reads will be counted as Paired-end.
Reads will be counted as Paired-end.
Reads will be counted as Paired-end.
Reads will be counted as Paired-end.
Reads will be counted as Paired-end.
Reads will be counted as Paired-end.
Generating counts for spike-ins...
[E::hts_idx_load3] Could not load local index file 'NA' : No such file or directory
[E::hts_idx_load3] Could not load local index file 'NA' : No such file or directory
[E::hts_idx_load3] Could not load local index file 'NA' : No such file or directory
[E::hts_idx_load3] Could not load local index file 'NA' : No such file or directory
Error: BiocParallel errors
  4 remote errors, element index: 1, 2, 3, 4
  0 unevaluated and other errors
  first remote error:
Error: failed to open BAM index at 'NA'
Execution halted
YEATS2 DiffBind exited with status 1
