Using /home/nqp9093/.conda/envs/pybw/bin/python
pyBigWig: /home/nqp9093/.conda/envs/pybw/lib/python3.13/site-packages/pyBigWig.cpython-313-x86_64-linux-gnu.so
Loaded 20,107 protein-coding genes
Finished Scramble_rep1
Finished Scramble_rep2
Finished KD_rep1
Finished KD_rep2
Low-signal filter retained 19,399/20,107 genes
/home/nqp9093/.conda/envs/pybw/lib/python3.13/site-packages/pandas/core/arraylike.py:402: RuntimeWarning: invalid value encountered in log2
  result = getattr(ufunc, method)(*inputs, **kwargs)
Wrote promoter results for 13,734 genes
/home/nqp9093/.conda/envs/pybw/lib/python3.13/site-packages/pandas/core/arraylike.py:402: RuntimeWarning: invalid value encountered in log2
  result = getattr(ufunc, method)(*inputs, **kwargs)
Wrote genebody results for 11,771 genes
/home/nqp9093/.conda/envs/pybw/lib/python3.13/site-packages/pandas/core/arraylike.py:402: RuntimeWarning: invalid value encountered in log2
  result = getattr(ufunc, method)(*inputs, **kwargs)
Traceback (most recent call last):
  File "/gpfs/projects/b1042/LauberthLab/BenFolder/pybw.py", line 332, in <module>
    main()
    ~~~~^^
  File "/gpfs/projects/b1042/LauberthLab/BenFolder/pybw.py", line 315, in main
    ratios = ratiofinder(
        genes,
    ...<2 lines>...
        keep_mask
    )
  File "/gpfs/projects/b1042/LauberthLab/BenFolder/pybw.py", line 257, in ratiofinder
    .astype(int)
     ~~~~~~^^^^^
  File "/home/nqp9093/.conda/envs/pybw/lib/python3.13/site-packages/pandas/core/generic.py", line 6529, in astype
    new_data = self._mgr.astype(dtype=dtype, errors=errors)
  File "/home/nqp9093/.conda/envs/pybw/lib/python3.13/site-packages/pandas/core/internals/managers.py", line 627, in astype
    return self.apply("astype", dtype=dtype, errors=errors)
           ~~~~~~~~~~^^^^^^^^^^^^^^^^^^^^^^^^^^^^^^^^^^^^^^
  File "/home/nqp9093/.conda/envs/pybw/lib/python3.13/site-packages/pandas/core/internals/managers.py", line 445, in apply
    applied = getattr(b, f)(**kwargs)
  File "/home/nqp9093/.conda/envs/pybw/lib/python3.13/site-packages/pandas/core/internals/blocks.py", line 607, in astype
    new_values = astype_array_safe(values, dtype, errors=errors)
  File "/home/nqp9093/.conda/envs/pybw/lib/python3.13/site-packages/pandas/core/dtypes/astype.py", line 240, in astype_array_safe
    new_values = astype_array(values, dtype, copy=copy)
  File "/home/nqp9093/.conda/envs/pybw/lib/python3.13/site-packages/pandas/core/dtypes/astype.py", line 185, in astype_array
    values = _astype_nansafe(values, dtype, copy=copy)
  File "/home/nqp9093/.conda/envs/pybw/lib/python3.13/site-packages/pandas/core/dtypes/astype.py", line 102, in _astype_nansafe
    return _astype_float_to_int_nansafe(arr, dtype, copy)
  File "/home/nqp9093/.conda/envs/pybw/lib/python3.13/site-packages/pandas/core/dtypes/astype.py", line 146, in _astype_float_to_int_nansafe
    raise IntCastingNaNError(
    ...<3 lines>...
    )
pandas.errors.IntCastingNaNError: Cannot convert non-finite values (NA or inf) to integer.Replace or remove non-finite values or cast to an integer typethat supports these values (e.g. 'Int64')
