spots read      : 15,288,573
reads read      : 30,577,146
reads written   : 15,288,573
reads 0-length  : 15,288,573
spots read      : 28,608,288
reads read      : 57,216,576
reads written   : 28,608,288
reads 0-length  : 28,608,288
spots read      : 23,670,304
reads read      : 47,340,608
reads written   : 23,670,304
reads 0-length  : 23,670,304
spots read      : 21,929,258
reads read      : 43,858,516
reads written   : 21,929,258
reads 0-length  : 21,929,258
spots read      : 16,789,517
reads read      : 33,579,034
reads written   : 16,789,517
reads 0-length  : 16,789,517
spots read      : 27,798,300
reads read      : 55,596,600
reads written   : 27,798,300
reads 0-length  : 27,798,300
spots read      : 20,029,672
reads read      : 40,059,344
reads written   : 20,029,672
reads 0-length  : 20,029,672
spots read      : 48,358,595
reads read      : 96,717,190
reads written   : 48,358,595
reads 0-length  : 48,358,595
spots read      : 9,083,109
reads read      : 18,166,218
reads written   : 9,083,109
reads 0-length  : 9,083,109
spots read      : 28,169,791
reads read      : 56,339,582
reads written   : 28,169,791
reads 0-length  : 28,169,791
spots read      : 40,592,835
reads read      : 81,185,670
reads written   : 40,592,835
reads 0-length  : 40,592,835
spots read      : 10,511,189
reads read      : 21,022,378
reads written   : 10,511,189
reads 0-length  : 10,511,189
spots read      : 25,842,984
reads read      : 51,685,968
reads written   : 25,842,984
reads 0-length  : 25,842,984
spots read      : 40,919,021
reads read      : 81,838,042
reads written   : 40,919,021
reads 0-length  : 40,919,021
spots read      : 7,652,536
reads read      : 15,305,072
reads written   : 7,652,536
reads 0-length  : 7,652,536
spots read      : 26,993,586
reads read      : 53,987,172
reads written   : 26,993,586
reads 0-length  : 26,993,586
spots read      : 28,358,712
reads read      : 56,717,424
reads written   : 28,358,712
reads 0-length  : 28,358,712
spots read      : 6,169,544
reads read      : 12,339,088
reads written   : 6,169,544
reads 0-length  : 6,169,544
spots read      : 26,810,972
reads read      : 53,621,944
reads written   : 26,810,972
reads 0-length  : 26,810,972
spots read      : 29,980,756
reads read      : 59,961,512
reads written   : 29,980,756
reads 0-length  : 29,980,756
spots read      : 35,516,180
reads read      : 71,032,360
reads written   : 35,516,180
reads 0-length  : 35,516,180
spots read      : 39,864,045
reads read      : 79,728,090
reads written   : 39,864,045
reads 0-length  : 39,864,045
