Traceback (most recent call last):
  File "/home/nqp9093/.conda/envs/pybw/lib/python3.13/pathlib/_local.py", line 722, in mkdir
    os.mkdir(self, mode)
    ~~~~~~~~^^^^^^^^^^^^
FileNotFoundError: [Errno 2] No such file or directory: '/private/tmp/pybw-mplconfig'

During handling of the above exception, another exception occurred:

Traceback (most recent call last):
  File "/home/nqp9093/.conda/envs/pybw/lib/python3.13/pathlib/_local.py", line 722, in mkdir
    os.mkdir(self, mode)
    ~~~~~~~~^^^^^^^^^^^^
FileNotFoundError: [Errno 2] No such file or directory: '/private/tmp'

During handling of the above exception, another exception occurred:

Traceback (most recent call last):
  File "/gpfs/projects/b1042/LauberthLab/BenFolder/pybw.py", line 13, in <module>
    mplconfigdir.mkdir(parents=True, exist_ok=True)
    ~~~~~~~~~~~~~~~~~~^^^^^^^^^^^^^^^^^^^^^^^^^^^^^
  File "/home/nqp9093/.conda/envs/pybw/lib/python3.13/pathlib/_local.py", line 726, in mkdir
    self.parent.mkdir(parents=True, exist_ok=True)
    ~~~~~~~~~~~~~~~~~^^^^^^^^^^^^^^^^^^^^^^^^^^^^^
  File "/home/nqp9093/.conda/envs/pybw/lib/python3.13/pathlib/_local.py", line 726, in mkdir
    self.parent.mkdir(parents=True, exist_ok=True)
    ~~~~~~~~~~~~~~~~~^^^^^^^^^^^^^^^^^^^^^^^^^^^^^
  File "/home/nqp9093/.conda/envs/pybw/lib/python3.13/pathlib/_local.py", line 722, in mkdir
    os.mkdir(self, mode)
    ~~~~~~~~^^^^^^^^^^^^
PermissionError: [Errno 13] Permission denied: '/private'
