bamFilesList: ['macs3_results_p53kd/normalized_bam/P53_H4K16ac_1_S0_L001.spikein_normalized.bam', 'macs3_results_p53kd/normalized_bam/MutP53_Input1_S0_L001.spikein_normalized.bam']
binLength: 25
numberOfSamples: 0
blackListFileName: None
skipZeroOverZero: False
bed_and_bin: False
genomeChunkSize: None
defaultFragmentLength: read length
numberOfProcessors: 8
verbose: False
region: None
bedFile: None
minMappingQuality: None
ignoreDuplicates: False
chrsToSkip: []
stepSize: 25
center_read: False
samFlag_include: None
samFlag_exclude: None
minFragmentLength: 0
maxFragmentLength: 0
zerosToNans: False
smoothLength: None
save_data: False
out_file_for_raw_data: None
maxPairedFragmentLength: 1000
[2026-08-07T16:27:42.887] error: *** JOB 8770494 ON qnode0167 CANCELLED AT 2026-08-07T16:27:42 DUE to SIGNAL Terminated ***
