31678739 reads; of these:
  31678739 (100.00%) were paired; of these:
    2333805 (7.37%) aligned concordantly 0 times
    25416067 (80.23%) aligned concordantly exactly 1 time
    3928867 (12.40%) aligned concordantly >1 times
92.63% overall alignment rate
31678739 reads; of these:
  31678739 (100.00%) were paired; of these:
    31678077 (100.00%) aligned concordantly 0 times
    462 (0.00%) aligned concordantly exactly 1 time
    200 (0.00%) aligned concordantly >1 times
0.00% overall alignment rate
34094841 reads; of these:
  34094841 (100.00%) were paired; of these:
    2294258 (6.73%) aligned concordantly 0 times
    27547641 (80.80%) aligned concordantly exactly 1 time
    4252942 (12.47%) aligned concordantly >1 times
93.27% overall alignment rate
34094841 reads; of these:
  34094841 (100.00%) were paired; of these:
    34094222 (100.00%) aligned concordantly 0 times
    443 (0.00%) aligned concordantly exactly 1 time
    176 (0.00%) aligned concordantly >1 times
0.00% overall alignment rate
40713567 reads; of these:
  40713567 (100.00%) were paired; of these:
    5359777 (13.16%) aligned concordantly 0 times
    30752433 (75.53%) aligned concordantly exactly 1 time
    4601357 (11.30%) aligned concordantly >1 times
86.84% overall alignment rate
40713567 reads; of these:
  40713567 (100.00%) were paired; of these:
    40486398 (99.44%) aligned concordantly 0 times
    188505 (0.46%) aligned concordantly exactly 1 time
    38664 (0.09%) aligned concordantly >1 times
0.56% overall alignment rate
36666011 reads; of these:
  36666011 (100.00%) were paired; of these:
    4064752 (11.09%) aligned concordantly 0 times
    28312330 (77.22%) aligned concordantly exactly 1 time
    4288929 (11.70%) aligned concordantly >1 times
88.91% overall alignment rate
36666011 reads; of these:
  36666011 (100.00%) were paired; of these:
    36470416 (99.47%) aligned concordantly 0 times
    163043 (0.44%) aligned concordantly exactly 1 time
    32552 (0.09%) aligned concordantly >1 times
0.53% overall alignment rate
46350509 reads; of these:
  46350509 (100.00%) were paired; of these:
    3265032 (7.04%) aligned concordantly 0 times
    37267957 (80.40%) aligned concordantly exactly 1 time
    5817520 (12.55%) aligned concordantly >1 times
92.96% overall alignment rate
46350509 reads; of these:
  46350509 (100.00%) were paired; of these:
    46349355 (100.00%) aligned concordantly 0 times
    819 (0.00%) aligned concordantly exactly 1 time
    335 (0.00%) aligned concordantly >1 times
0.00% overall alignment rate
46735166 reads; of these:
  46735166 (100.00%) were paired; of these:
    3515014 (7.52%) aligned concordantly 0 times
    37358096 (79.94%) aligned concordantly exactly 1 time
    5862056 (12.54%) aligned concordantly >1 times
92.48% overall alignment rate
46735166 reads; of these:
  46735166 (100.00%) were paired; of these:
    46734330 (100.00%) aligned concordantly 0 times
    516 (0.00%) aligned concordantly exactly 1 time
    320 (0.00%) aligned concordantly >1 times
0.00% overall alignment rate
32508556 reads; of these:
  32508556 (100.00%) were paired; of these:
    3774464 (11.61%) aligned concordantly 0 times
    25019567 (76.96%) aligned concordantly exactly 1 time
    3714525 (11.43%) aligned concordantly >1 times
88.39% overall alignment rate
32508556 reads; of these:
  32508556 (100.00%) were paired; of these:
    32330213 (99.45%) aligned concordantly 0 times
    149049 (0.46%) aligned concordantly exactly 1 time
    29294 (0.09%) aligned concordantly >1 times
0.55% overall alignment rate
42252790 reads; of these:
  42252790 (100.00%) were paired; of these:
    4999654 (11.83%) aligned concordantly 0 times
    32439803 (76.78%) aligned concordantly exactly 1 time
    4813333 (11.39%) aligned concordantly >1 times
88.17% overall alignment rate
42252790 reads; of these:
  42252790 (100.00%) were paired; of these:
    41992408 (99.38%) aligned concordantly 0 times
    216667 (0.51%) aligned concordantly exactly 1 time
    43715 (0.10%) aligned concordantly >1 times
0.62% overall alignment rate
[bam_sort_core] merging from 20 files and 10 in-memory blocks...
[bam_sort_core] merging from 20 files and 10 in-memory blocks...
[bam_sort_core] merging from 30 files and 10 in-memory blocks...
[bam_sort_core] merging from 20 files and 10 in-memory blocks...
[bam_sort_core] merging from 30 files and 10 in-memory blocks...
[bam_sort_core] merging from 30 files and 10 in-memory blocks...
[bam_sort_core] merging from 30 files and 10 in-memory blocks...
[bam_sort_core] merging from 30 files and 10 in-memory blocks...
[bam_sort_core] merging from 40 files and 10 in-memory blocks...
[bam_sort_core] merging from 30 files and 10 in-memory blocks...
[bam_sort_core] merging from 40 files and 10 in-memory blocks...
[bam_sort_core] merging from 30 files and 10 in-memory blocks...
[bam_sort_core] merging from 30 files and 10 in-memory blocks...
[bam_sort_core] merging from 20 files and 10 in-memory blocks...
[bam_sort_core] merging from 30 files and 10 in-memory blocks...
[bam_sort_core] merging from 30 files and 10 in-memory blocks...
running HISAT2 alignment now
running HISAT2 alignment now
running HISAT2 alignment now
running HISAT2 alignment now
running HISAT2 alignment now
running HISAT2 alignment now
running HISAT2 alignment now
running HISAT2 alignment now
running HISAT2 alignment now
running HISAT2 alignment now
running HISAT2 alignment now
running HISAT2 alignment now
running HISAT2 alignment now
running HISAT2 alignment now
running HISAT2 alignment now
running HISAT2 alignment now
running samtools to convert SAM to BAM
running samtools to convert SAM to BAM
running samtools to convert SAM to BAM
running samtools to convert SAM to BAM
running samtools to convert SAM to BAM
running samtools to convert SAM to BAM
running samtools to convert SAM to BAM
running samtools to convert SAM to BAM
running samtools to convert SAM to BAM
running samtools to convert SAM to BAM
running samtools to convert SAM to BAM
running samtools to convert SAM to BAM
running samtools to convert SAM to BAM
running samtools to convert SAM to BAM
running samtools to convert SAM to BAM
running samtools to convert SAM to BAM
running samtools to convert SAM to BAM
running samtools to convert SAM to BAM
running samtools to convert SAM to BAM
running samtools to convert SAM to BAM
running samtools to convert SAM to BAM
running samtools to convert SAM to BAM
running samtools to convert SAM to BAM
running samtools to convert SAM to BAM
running samtools to convert SAM to BAM
running samtools to convert SAM to BAM
running samtools to convert SAM to BAM
running samtools to convert SAM to BAM
running samtools to convert SAM to BAM
running samtools to convert SAM to BAM
running samtools to convert SAM to BAM
running samtools to convert SAM to BAM
