
The following have been reloaded with a version change:
  1) expat/2.6.4-gcc-8.5.0 => expat/2.5.0-gcc-4.8.5
  2) kbproto/1.0.7-gcc-12.4.0 => kbproto/1.0.7-gcc-4.8.5
  3) libbsd/0.12.2-gcc-8.5.0 => libbsd/0.11.7-gcc-4.8.5
  4) libice/1.1.1-gcc-12.4.0 => libice/1.0.9-gcc-4.8.5
  5) libmd/1.0.4-gcc-8.5.0 => libmd/1.0.4-gcc-4.8.5
  6) libpthread-stubs/0.5-gcc-12.4.0 => libpthread-stubs/0.4-gcc-4.8.5
  7) libsm/1.2.4-gcc-12.4.0 => libsm/1.2.3-gcc-4.8.5
  8) libx11/1.8.10-gcc-12.4.0 => libx11/1.8.4-gcc-4.8.5
  9) libxau/1.0.11-gcc-12.4.0 => libxau/1.0.8-gcc-4.8.5
 10) libxcb/1.17.0-gcc-12.4.0 => libxcb/1.14-gcc-4.8.5
 11) libxdmcp/1.1.5-gcc-12.4.0 => libxdmcp/1.1.4-gcc-4.8.5
 12) libxext/1.3.6-gcc-12.4.0 => libxext/1.3.3-gcc-4.8.5
 13) libxrender/0.9.11-gcc-12.4.0 => libxrender/0.9.10-gcc-4.8.5
 14) libxscrnsaver/1.2.4-gcc-12.4.0 => libxscrnsaver/1.2.2-gcc-4.8.5
 15) libxt/1.3.0-gcc-12.4.0 => libxt/1.1.5-gcc-4.8.5
 16) renderproto/0.11.1-gcc-12.4.0 => renderproto/0.11.1-gcc-4.8.5
 17) scrnsaverproto/1.2.2-gcc-12.4.0 => scrnsaverproto/1.2.2-gcc-4.8.5
 18) util-linux-uuid/2.40.2-gcc-8.5.0 => util-linux-uuid/2.36.2-gcc-4.8.5
 19) xextproto/7.3.0-gcc-12.4.0 => xextproto/7.3.0-gcc-4.8.5
 20) xproto/7.0.31-gcc-12.4.0 => xproto/7.0.31-gcc-4.8.5
 21) xtrans/1.5.2-gcc-12.4.0 => xtrans/1.4.0-gcc-4.8.5
 22) zstd/1.5.6-gcc-8.5.0 => zstd/1.5.5-gcc-4.8.5

Loading required package: GenomicRanges
Loading required package: stats4
Loading required package: BiocGenerics
Loading required package: generics

Attaching package: ‘generics’

The following objects are masked from ‘package:base’:

    as.difftime, as.factor, as.ordered, intersect, is.element, setdiff,
    setequal, union


Attaching package: ‘BiocGenerics’

The following objects are masked from ‘package:stats’:

    IQR, mad, sd, var, xtabs

The following objects are masked from ‘package:base’:

    anyDuplicated, aperm, append, as.data.frame, basename, cbind,
    colnames, dirname, do.call, duplicated, eval, evalq, Filter, Find,
    get, grep, grepl, is.unsorted, lapply, Map, mapply, match, mget,
    order, paste, pmax, pmax.int, pmin, pmin.int, Position, rank,
    rbind, Reduce, rownames, sapply, saveRDS, table, tapply, unique,
    unsplit, which.max, which.min

Loading required package: S4Vectors

Attaching package: ‘S4Vectors’

The following object is masked from ‘package:utils’:

    findMatches

The following objects are masked from ‘package:base’:

    expand.grid, I, unname

Loading required package: IRanges
Loading required package: Seqinfo
Loading required package: SummarizedExperiment
Loading required package: MatrixGenerics
Loading required package: matrixStats

Attaching package: ‘MatrixGenerics’

The following objects are masked from ‘package:matrixStats’:

    colAlls, colAnyNAs, colAnys, colAvgsPerRowSet, colCollapse,
    colCounts, colCummaxs, colCummins, colCumprods, colCumsums,
    colDiffs, colIQRDiffs, colIQRs, colLogSumExps, colMadDiffs,
    colMads, colMaxs, colMeans2, colMedians, colMins, colOrderStats,
    colProds, colQuantiles, colRanges, colRanks, colSdDiffs, colSds,
    colSums2, colTabulates, colVarDiffs, colVars, colWeightedMads,
    colWeightedMeans, colWeightedMedians, colWeightedSds,
    colWeightedVars, rowAlls, rowAnyNAs, rowAnys, rowAvgsPerColSet,
    rowCollapse, rowCounts, rowCummaxs, rowCummins, rowCumprods,
    rowCumsums, rowDiffs, rowIQRDiffs, rowIQRs, rowLogSumExps,
    rowMadDiffs, rowMads, rowMaxs, rowMeans2, rowMedians, rowMins,
    rowOrderStats, rowProds, rowQuantiles, rowRanges, rowRanks,
    rowSdDiffs, rowSds, rowSums2, rowTabulates, rowVarDiffs, rowVars,
    rowWeightedMads, rowWeightedMeans, rowWeightedMedians,
    rowWeightedSds, rowWeightedVars

Loading required package: Biobase
Welcome to Bioconductor

    Vignettes contain introductory material; view with
    'browseVignettes()'. To cite Bioconductor, see
    'citation("Biobase")', and for packages 'citation("pkgname")'.


Attaching package: ‘Biobase’

The following object is masked from ‘package:MatrixGenerics’:

    rowMedians

The following objects are masked from ‘package:matrixStats’:

    anyMissing, rowMedians

 >>> DiffBind 3.20.0
Scramble_rep1   Scramble  1 macs
Scramble_rep2   Scramble  2 macs
p53KD_rep1   p53KD  1 macs
p53KD_rep2   p53KD  2 macs
Loading required namespace: GenomeInfoDb
Genome detected: Hsapiens.UCSC.hg38
Applying blacklist...
Removed: 28541 of 57422 intervals.
Counting control reads for greylist...
Error in value[[3L]](cond) : 
  GreyListChIP error: Error: BiocParallel errors
  4 remote errors, element index: 1, 2, 3, 4
  0 unevaluated and other errors
  first remote error:
Error in tileGenome(obj@karyotype, tilewidth = tileSize/2): 'seqlengths' contains NAs or negative values

Calls: dba.blacklist ... tryCatch -> tryCatchList -> tryCatchOne -> <Anonymous>
Execution halted
DiffBind exited with status 1
