bamFilesList: ['macs3_results_p53kd/normalized_bam/Scr_H4K16ac_1_S0_L001.spikein_normalized.bam']
binLength: 50
numberOfSamples: None
blackListFileName: None
skipZeroOverZero: False
bed_and_bin: False
genomeChunkSize: None
defaultFragmentLength: read length
numberOfProcessors: 8
verbose: False
region: None
bedFile: None
minMappingQuality: None
ignoreDuplicates: False
chrsToSkip: []
stepSize: 50
center_read: False
samFlag_include: None
samFlag_exclude: None
minFragmentLength: 0
maxFragmentLength: 0
zerosToNans: False
smoothLength: None
save_data: False
out_file_for_raw_data: None
maxPairedFragmentLength: 1000
bamFilesList: ['macs3_results_p53kd/normalized_bam/Scr_Input1_S0_L001.spikein_normalized.bam']
binLength: 50
numberOfSamples: None
blackListFileName: None
skipZeroOverZero: False
bed_and_bin: False
genomeChunkSize: None
defaultFragmentLength: read length
numberOfProcessors: 8
verbose: False
region: None
bedFile: None
minMappingQuality: None
ignoreDuplicates: False
chrsToSkip: []
stepSize: 50
center_read: False
samFlag_include: None
samFlag_exclude: None
minFragmentLength: 0
maxFragmentLength: 0
zerosToNans: False
smoothLength: None
save_data: False
out_file_for_raw_data: None
maxPairedFragmentLength: 1000
bamFilesList: ['macs3_results_p53kd/normalized_bam/Scr_H4K16ac_2_S0_L001.spikein_normalized.bam']
binLength: 50
numberOfSamples: None
blackListFileName: None
skipZeroOverZero: False
bed_and_bin: False
genomeChunkSize: None
defaultFragmentLength: read length
numberOfProcessors: 8
verbose: False
region: None
bedFile: None
minMappingQuality: None
ignoreDuplicates: False
chrsToSkip: []
stepSize: 50
center_read: False
samFlag_include: None
samFlag_exclude: None
minFragmentLength: 0
maxFragmentLength: 0
zerosToNans: False
smoothLength: None
save_data: False
out_file_for_raw_data: None
maxPairedFragmentLength: 1000
bamFilesList: ['macs3_results_p53kd/normalized_bam/Scr_Input2_S0_L001.spikein_normalized.bam']
binLength: 50
numberOfSamples: None
blackListFileName: None
skipZeroOverZero: False
bed_and_bin: False
genomeChunkSize: None
defaultFragmentLength: read length
numberOfProcessors: 8
verbose: False
region: None
bedFile: None
minMappingQuality: None
ignoreDuplicates: False
chrsToSkip: []
stepSize: 50
center_read: False
samFlag_include: None
samFlag_exclude: None
minFragmentLength: 0
maxFragmentLength: 0
zerosToNans: False
smoothLength: None
save_data: False
out_file_for_raw_data: None
maxPairedFragmentLength: 1000
bamFilesList: ['macs3_results_p53kd/normalized_bam/P53_H4K16ac_1_S0_L001.spikein_normalized.bam']
binLength: 50
numberOfSamples: None
blackListFileName: None
skipZeroOverZero: False
bed_and_bin: False
genomeChunkSize: None
defaultFragmentLength: read length
numberOfProcessors: 8
verbose: False
region: None
bedFile: None
minMappingQuality: None
ignoreDuplicates: False
chrsToSkip: []
stepSize: 50
center_read: False
samFlag_include: None
samFlag_exclude: None
minFragmentLength: 0
maxFragmentLength: 0
zerosToNans: False
smoothLength: None
save_data: False
out_file_for_raw_data: None
maxPairedFragmentLength: 1000
bamFilesList: ['macs3_results_p53kd/normalized_bam/MutP53_Input1_S0_L001.spikein_normalized.bam']
binLength: 50
numberOfSamples: None
blackListFileName: None
skipZeroOverZero: False
bed_and_bin: False
genomeChunkSize: None
defaultFragmentLength: read length
numberOfProcessors: 8
verbose: False
region: None
bedFile: None
minMappingQuality: None
ignoreDuplicates: False
chrsToSkip: []
stepSize: 50
center_read: False
samFlag_include: None
samFlag_exclude: None
minFragmentLength: 0
maxFragmentLength: 0
zerosToNans: False
smoothLength: None
save_data: False
out_file_for_raw_data: None
maxPairedFragmentLength: 1000
bamFilesList: ['macs3_results_p53kd/normalized_bam/P53_H4K16ac_2_S0_L001.spikein_normalized.bam']
binLength: 50
numberOfSamples: None
blackListFileName: None
skipZeroOverZero: False
bed_and_bin: False
genomeChunkSize: None
defaultFragmentLength: read length
numberOfProcessors: 8
verbose: False
region: None
bedFile: None
minMappingQuality: None
ignoreDuplicates: False
chrsToSkip: []
stepSize: 50
center_read: False
samFlag_include: None
samFlag_exclude: None
minFragmentLength: 0
maxFragmentLength: 0
zerosToNans: False
smoothLength: None
save_data: False
out_file_for_raw_data: None
maxPairedFragmentLength: 1000
bamFilesList: ['macs3_results_p53kd/normalized_bam/MutP53_Input2_S0_L001.spikein_normalized.bam']
binLength: 50
numberOfSamples: None
blackListFileName: None
skipZeroOverZero: False
bed_and_bin: False
genomeChunkSize: None
defaultFragmentLength: read length
numberOfProcessors: 8
verbose: False
region: None
bedFile: None
minMappingQuality: None
ignoreDuplicates: False
chrsToSkip: []
stepSize: 50
center_read: False
samFlag_include: None
samFlag_exclude: None
minFragmentLength: 0
maxFragmentLength: 0
zerosToNans: False
smoothLength: None
save_data: False
out_file_for_raw_data: None
maxPairedFragmentLength: 1000
INFO  @ 07 Aug 2026 08:47:01: [29 MB] 
# Command line: callpeak -t macs3_results_p53kd/normalized_bam/Scr_H4K16ac_1_S0_L001.spikein_normalized.bam -c macs3_results_p53kd/normalized_bam/Scr_Input1_S0_L001.spikein_normalized.bam -f BAMPE -g hs -n Scramble_H4K16ac_rep1 --outdir macs3_results_p53kd/peaks/Scramble_H4K16ac_rep1 --broad --broad-cutoff 0.1
# ARGUMENTS LIST:
# name = Scramble_H4K16ac_rep1
# format = BAMPE
# ChIP-seq file = ['macs3_results_p53kd/normalized_bam/Scr_H4K16ac_1_S0_L001.spikein_normalized.bam']
# control file = ['macs3_results_p53kd/normalized_bam/Scr_Input1_S0_L001.spikein_normalized.bam']
# effective genome size = 2.91e+09
# band width = 300
# model fold = [5, 50]
# qvalue cutoff for narrow/strong regions = 5.00e-02
# qvalue cutoff for broad/weak regions = 1.00e-01
# The maximum gap between significant sites is assigned as the read length/tag size.
# The minimum length of peaks is assigned as the predicted fragment length "d".
# Larger dataset will be scaled towards smaller dataset.
# Range for calculating regional lambda is: 1000 bps and 10000 bps
# Broad region calling is on
# Paired-End mode is on
 
INFO  @ 07 Aug 2026 08:47:01: [29 MB] #1 read fragment files... 
INFO  @ 07 Aug 2026 08:47:01: [29 MB] #1 read treatment fragments... 
INFO  @ 07 Aug 2026 08:47:06: [74 MB]  1000000 fragments parsed 
INFO  @ 07 Aug 2026 08:47:10: [83 MB]  2000000 fragments parsed 
INFO  @ 07 Aug 2026 08:47:13: [90 MB]  3000000 fragments parsed 
INFO  @ 07 Aug 2026 08:47:17: [99 MB]  4000000 fragments parsed 
INFO  @ 07 Aug 2026 08:47:20: [106 MB]  5000000 fragments parsed 
INFO  @ 07 Aug 2026 08:47:24: [115 MB]  6000000 fragments parsed 
INFO  @ 07 Aug 2026 08:47:27: [124 MB]  7000000 fragments parsed 
INFO  @ 07 Aug 2026 08:47:30: [131 MB]  8000000 fragments parsed 
INFO  @ 07 Aug 2026 08:47:34: [140 MB]  9000000 fragments parsed 
INFO  @ 07 Aug 2026 08:47:37: [147 MB]  10000000 fragments parsed 
INFO  @ 07 Aug 2026 08:47:41: [154 MB]  11000000 fragments parsed 
INFO  @ 07 Aug 2026 08:47:44: [164 MB]  12000000 fragments parsed 
INFO  @ 07 Aug 2026 08:47:48: [172 MB]  13000000 fragments parsed 
INFO  @ 07 Aug 2026 08:47:51: [180 MB]  14000000 fragments parsed 
INFO  @ 07 Aug 2026 08:47:55: [188 MB]  15000000 fragments parsed 
INFO  @ 07 Aug 2026 08:47:58: [196 MB]  16000000 fragments parsed 
INFO  @ 07 Aug 2026 08:48:02: [205 MB]  17000000 fragments parsed 
INFO  @ 07 Aug 2026 08:48:05: [214 MB]  18000000 fragments parsed 
INFO  @ 07 Aug 2026 08:48:09: [222 MB]  19000000 fragments parsed 
INFO  @ 07 Aug 2026 08:48:12: [275 MB]  20000000 fragments parsed 
INFO  @ 07 Aug 2026 08:48:22: [317 MB] 20234913 fragments have been read. 
INFO  @ 07 Aug 2026 08:48:33: [317 MB] #1.2 read input fragments... 
INFO  @ 07 Aug 2026 08:48:37: [323 MB]  1000000 fragments parsed 
INFO  @ 07 Aug 2026 08:48:41: [331 MB]  2000000 fragments parsed 
INFO  @ 07 Aug 2026 08:48:45: [339 MB]  3000000 fragments parsed 
INFO  @ 07 Aug 2026 08:48:48: [345 MB]  4000000 fragments parsed 
INFO  @ 07 Aug 2026 08:48:52: [355 MB]  5000000 fragments parsed 
INFO  @ 07 Aug 2026 08:48:56: [361 MB]  6000000 fragments parsed 
INFO  @ 07 Aug 2026 08:49:00: [369 MB]  7000000 fragments parsed 
INFO  @ 07 Aug 2026 08:49:04: [378 MB]  8000000 fragments parsed 
INFO  @ 07 Aug 2026 08:49:07: [384 MB]  9000000 fragments parsed 
INFO  @ 07 Aug 2026 08:49:11: [393 MB]  10000000 fragments parsed 
INFO  @ 07 Aug 2026 08:49:15: [402 MB]  11000000 fragments parsed 
INFO  @ 07 Aug 2026 08:49:18: [408 MB]  12000000 fragments parsed 
INFO  @ 07 Aug 2026 08:49:22: [417 MB]  13000000 fragments parsed 
INFO  @ 07 Aug 2026 08:49:26: [425 MB]  14000000 fragments parsed 
INFO  @ 07 Aug 2026 08:49:30: [433 MB]  15000000 fragments parsed 
INFO  @ 07 Aug 2026 08:49:33: [441 MB]  16000000 fragments parsed 
INFO  @ 07 Aug 2026 08:49:37: [450 MB]  17000000 fragments parsed 
INFO  @ 07 Aug 2026 08:49:41: [458 MB]  18000000 fragments parsed 
INFO  @ 07 Aug 2026 08:49:45: [466 MB]  19000000 fragments parsed 
INFO  @ 07 Aug 2026 08:49:49: [474 MB]  20000000 fragments parsed 
INFO  @ 07 Aug 2026 08:49:53: [483 MB]  21000000 fragments parsed 
INFO  @ 07 Aug 2026 08:49:57: [491 MB]  22000000 fragments parsed 
INFO  @ 07 Aug 2026 08:50:01: [500 MB]  23000000 fragments parsed 
INFO  @ 07 Aug 2026 08:50:05: [508 MB]  24000000 fragments parsed 
INFO  @ 07 Aug 2026 08:50:09: [574 MB]  25000000 fragments parsed 
INFO  @ 07 Aug 2026 08:50:13: [602 MB] 25127812 fragments have been read. 
INFO  @ 07 Aug 2026 08:50:26: [602 MB] #1 mean fragment size is determined as 252.7 bp from treatment 
INFO  @ 07 Aug 2026 08:50:26: [602 MB] #1 note: mean fragment size in control is 327.7 bp -- value ignored 
INFO  @ 07 Aug 2026 08:50:26: [602 MB] #1 fragment size = 252.7 
INFO  @ 07 Aug 2026 08:50:26: [602 MB] #1  total fragments in treatment: 20234913 
INFO  @ 07 Aug 2026 08:50:26: [602 MB] #1 user defined the maximum fragments... 
INFO  @ 07 Aug 2026 08:50:26: [602 MB] #1 filter out redundant fragments by allowing at most 1 identical fragment(s) 
INFO  @ 07 Aug 2026 08:50:54: [602 MB] #1  fragments after filtering in treatment: 9623594 
INFO  @ 07 Aug 2026 08:50:54: [602 MB] #1  Redundant rate of treatment: 0.52 
INFO  @ 07 Aug 2026 08:50:54: [602 MB] #1  total fragments in control: 25127812 
INFO  @ 07 Aug 2026 08:50:54: [602 MB] #1 user defined the maximum fragments... 
INFO  @ 07 Aug 2026 08:50:54: [602 MB] #1 filter out redundant fragments by allowing at most 1 identical fragment(s) 
INFO  @ 07 Aug 2026 08:51:27: [619 MB] #1  fragments after filtering in control: 23387167 
INFO  @ 07 Aug 2026 08:51:27: [619 MB] #1  Redundant rate of control: 0.07 
INFO  @ 07 Aug 2026 08:51:27: [619 MB] #1 finished! 
INFO  @ 07 Aug 2026 08:51:27: [619 MB] #2 Build Peak Model... 
INFO  @ 07 Aug 2026 08:51:27: [619 MB] #2 Skipped... 
INFO  @ 07 Aug 2026 08:51:27: [619 MB] #3 Call peaks... 
INFO  @ 07 Aug 2026 08:51:27: [619 MB] #3 Call broad peaks with given level1 -log10qvalue cutoff and level2: 1.301030, 1.000000... 
INFO  @ 07 Aug 2026 08:51:27: [619 MB] #3 Pre-compute pvalue-qvalue table... 
INFO  @ 07 Aug 2026 08:54:01: [2716 MB] #3 Call peaks for each chromosome... 
INFO  @ 07 Aug 2026 08:54:52: [2716 MB] #4 Write output xls file... macs3_results_p53kd/peaks/Scramble_H4K16ac_rep1/Scramble_H4K16ac_rep1_peaks.xls 
INFO  @ 07 Aug 2026 08:54:52: [2716 MB] #4 Write broad peak in broadPeak format file... macs3_results_p53kd/peaks/Scramble_H4K16ac_rep1/Scramble_H4K16ac_rep1_peaks.broadPeak 
INFO  @ 07 Aug 2026 08:54:52: [2716 MB] #4 Write broad peak in bed12/gappedPeak format file... macs3_results_p53kd/peaks/Scramble_H4K16ac_rep1/Scramble_H4K16ac_rep1_peaks.gappedPeak 
INFO  @ 07 Aug 2026 08:54:52: [2716 MB] Done! 
INFO  @ 07 Aug 2026 08:54:53: [29 MB] 
# Command line: callpeak -t macs3_results_p53kd/normalized_bam/Scr_H4K16ac_2_S0_L001.spikein_normalized.bam -c macs3_results_p53kd/normalized_bam/Scr_Input2_S0_L001.spikein_normalized.bam -f BAMPE -g hs -n Scramble_H4K16ac_rep2 --outdir macs3_results_p53kd/peaks/Scramble_H4K16ac_rep2 --broad --broad-cutoff 0.1
# ARGUMENTS LIST:
# name = Scramble_H4K16ac_rep2
# format = BAMPE
# ChIP-seq file = ['macs3_results_p53kd/normalized_bam/Scr_H4K16ac_2_S0_L001.spikein_normalized.bam']
# control file = ['macs3_results_p53kd/normalized_bam/Scr_Input2_S0_L001.spikein_normalized.bam']
# effective genome size = 2.91e+09
# band width = 300
# model fold = [5, 50]
# qvalue cutoff for narrow/strong regions = 5.00e-02
# qvalue cutoff for broad/weak regions = 1.00e-01
# The maximum gap between significant sites is assigned as the read length/tag size.
# The minimum length of peaks is assigned as the predicted fragment length "d".
# Larger dataset will be scaled towards smaller dataset.
# Range for calculating regional lambda is: 1000 bps and 10000 bps
# Broad region calling is on
# Paired-End mode is on
 
INFO  @ 07 Aug 2026 08:54:53: [29 MB] #1 read fragment files... 
INFO  @ 07 Aug 2026 08:54:53: [29 MB] #1 read treatment fragments... 
INFO  @ 07 Aug 2026 08:54:57: [74 MB]  1000000 fragments parsed 
INFO  @ 07 Aug 2026 08:55:00: [81 MB]  2000000 fragments parsed 
INFO  @ 07 Aug 2026 08:55:03: [92 MB]  3000000 fragments parsed 
INFO  @ 07 Aug 2026 08:55:06: [98 MB]  4000000 fragments parsed 
INFO  @ 07 Aug 2026 08:55:09: [107 MB]  5000000 fragments parsed 
INFO  @ 07 Aug 2026 08:55:12: [116 MB]  6000000 fragments parsed 
INFO  @ 07 Aug 2026 08:55:16: [123 MB]  7000000 fragments parsed 
INFO  @ 07 Aug 2026 08:55:19: [131 MB]  8000000 fragments parsed 
INFO  @ 07 Aug 2026 08:55:22: [138 MB]  9000000 fragments parsed 
INFO  @ 07 Aug 2026 08:55:25: [146 MB]  10000000 fragments parsed 
INFO  @ 07 Aug 2026 08:55:28: [155 MB]  11000000 fragments parsed 
INFO  @ 07 Aug 2026 08:55:32: [162 MB]  12000000 fragments parsed 
INFO  @ 07 Aug 2026 08:55:35: [170 MB]  13000000 fragments parsed 
INFO  @ 07 Aug 2026 08:55:38: [178 MB]  14000000 fragments parsed 
INFO  @ 07 Aug 2026 08:55:41: [187 MB]  15000000 fragments parsed 
INFO  @ 07 Aug 2026 08:55:45: [194 MB]  16000000 fragments parsed 
INFO  @ 07 Aug 2026 08:55:48: [203 MB]  17000000 fragments parsed 
INFO  @ 07 Aug 2026 08:55:51: [210 MB]  18000000 fragments parsed 
INFO  @ 07 Aug 2026 08:55:54: [218 MB]  19000000 fragments parsed 
INFO  @ 07 Aug 2026 08:55:57: [227 MB]  20000000 fragments parsed 
INFO  @ 07 Aug 2026 08:56:01: [234 MB]  21000000 fragments parsed 
INFO  @ 07 Aug 2026 08:56:04: [243 MB]  22000000 fragments parsed 
INFO  @ 07 Aug 2026 08:56:07: [252 MB]  23000000 fragments parsed 
INFO  @ 07 Aug 2026 08:56:11: [301 MB]  24000000 fragments parsed 
INFO  @ 07 Aug 2026 08:56:23: [345 MB] 24321042 fragments have been read. 
INFO  @ 07 Aug 2026 08:56:36: [345 MB] #1.2 read input fragments... 
INFO  @ 07 Aug 2026 08:56:40: [351 MB]  1000000 fragments parsed 
INFO  @ 07 Aug 2026 08:56:44: [356 MB]  2000000 fragments parsed 
INFO  @ 07 Aug 2026 08:56:48: [367 MB]  3000000 fragments parsed 
INFO  @ 07 Aug 2026 08:56:51: [373 MB]  4000000 fragments parsed 
INFO  @ 07 Aug 2026 08:56:55: [380 MB]  5000000 fragments parsed 
INFO  @ 07 Aug 2026 08:56:59: [388 MB]  6000000 fragments parsed 
INFO  @ 07 Aug 2026 08:57:03: [397 MB]  7000000 fragments parsed 
INFO  @ 07 Aug 2026 08:57:07: [403 MB]  8000000 fragments parsed 
INFO  @ 07 Aug 2026 08:57:10: [412 MB]  9000000 fragments parsed 
INFO  @ 07 Aug 2026 08:57:14: [419 MB]  10000000 fragments parsed 
INFO  @ 07 Aug 2026 08:57:18: [429 MB]  11000000 fragments parsed 
INFO  @ 07 Aug 2026 08:57:22: [435 MB]  12000000 fragments parsed 
INFO  @ 07 Aug 2026 08:57:26: [445 MB]  13000000 fragments parsed 
INFO  @ 07 Aug 2026 08:57:29: [450 MB]  14000000 fragments parsed 
INFO  @ 07 Aug 2026 08:57:33: [460 MB]  15000000 fragments parsed 
INFO  @ 07 Aug 2026 08:57:37: [466 MB]  16000000 fragments parsed 
INFO  @ 07 Aug 2026 08:57:40: [475 MB]  17000000 fragments parsed 
INFO  @ 07 Aug 2026 08:57:44: [483 MB]  18000000 fragments parsed 
INFO  @ 07 Aug 2026 08:57:48: [491 MB]  19000000 fragments parsed 
INFO  @ 07 Aug 2026 08:57:52: [499 MB]  20000000 fragments parsed 
INFO  @ 07 Aug 2026 08:57:55: [508 MB]  21000000 fragments parsed 
INFO  @ 07 Aug 2026 08:57:59: [514 MB]  22000000 fragments parsed 
INFO  @ 07 Aug 2026 08:58:03: [524 MB]  23000000 fragments parsed 
INFO  @ 07 Aug 2026 08:58:06: [532 MB]  24000000 fragments parsed 
INFO  @ 07 Aug 2026 08:58:10: [539 MB]  25000000 fragments parsed 
INFO  @ 07 Aug 2026 08:58:14: [547 MB]  26000000 fragments parsed 
INFO  @ 07 Aug 2026 08:58:18: [554 MB]  27000000 fragments parsed 
INFO  @ 07 Aug 2026 08:58:21: [563 MB]  28000000 fragments parsed 
INFO  @ 07 Aug 2026 08:58:25: [570 MB]  29000000 fragments parsed 
INFO  @ 07 Aug 2026 08:58:29: [577 MB]  30000000 fragments parsed 
INFO  @ 07 Aug 2026 08:58:32: [586 MB]  31000000 fragments parsed 
INFO  @ 07 Aug 2026 08:58:36: [594 MB]  32000000 fragments parsed 
INFO  @ 07 Aug 2026 08:58:39: [659 MB]  33000000 fragments parsed 
INFO  @ 07 Aug 2026 08:58:44: [687 MB] 33171508 fragments have been read. 
INFO  @ 07 Aug 2026 08:59:02: [687 MB] #1 mean fragment size is determined as 197.3 bp from treatment 
INFO  @ 07 Aug 2026 08:59:02: [687 MB] #1 note: mean fragment size in control is 331.4 bp -- value ignored 
INFO  @ 07 Aug 2026 08:59:02: [687 MB] #1 fragment size = 197.3 
INFO  @ 07 Aug 2026 08:59:02: [687 MB] #1  total fragments in treatment: 24321042 
INFO  @ 07 Aug 2026 08:59:02: [687 MB] #1 user defined the maximum fragments... 
INFO  @ 07 Aug 2026 08:59:02: [687 MB] #1 filter out redundant fragments by allowing at most 1 identical fragment(s) 
INFO  @ 07 Aug 2026 08:59:36: [687 MB] #1  fragments after filtering in treatment: 2945448 
INFO  @ 07 Aug 2026 08:59:36: [687 MB] #1  Redundant rate of treatment: 0.88 
INFO  @ 07 Aug 2026 08:59:36: [687 MB] #1  total fragments in control: 33171508 
INFO  @ 07 Aug 2026 08:59:36: [687 MB] #1 user defined the maximum fragments... 
INFO  @ 07 Aug 2026 08:59:36: [687 MB] #1 filter out redundant fragments by allowing at most 1 identical fragment(s) 
INFO  @ 07 Aug 2026 09:00:19: [687 MB] #1  fragments after filtering in control: 30247311 
INFO  @ 07 Aug 2026 09:00:19: [687 MB] #1  Redundant rate of control: 0.09 
INFO  @ 07 Aug 2026 09:00:19: [687 MB] #1 finished! 
INFO  @ 07 Aug 2026 09:00:19: [687 MB] #2 Build Peak Model... 
INFO  @ 07 Aug 2026 09:00:19: [687 MB] #2 Skipped... 
INFO  @ 07 Aug 2026 09:00:19: [687 MB] #3 Call peaks... 
INFO  @ 07 Aug 2026 09:00:19: [687 MB] #3 Call broad peaks with given level1 -log10qvalue cutoff and level2: 1.301030, 1.000000... 
INFO  @ 07 Aug 2026 09:00:19: [687 MB] #3 Pre-compute pvalue-qvalue table... 
INFO  @ 07 Aug 2026 09:03:26: [3090 MB] #3 Call peaks for each chromosome... 
INFO  @ 07 Aug 2026 09:04:28: [3090 MB] #4 Write output xls file... macs3_results_p53kd/peaks/Scramble_H4K16ac_rep2/Scramble_H4K16ac_rep2_peaks.xls 
INFO  @ 07 Aug 2026 09:04:28: [3090 MB] #4 Write broad peak in broadPeak format file... macs3_results_p53kd/peaks/Scramble_H4K16ac_rep2/Scramble_H4K16ac_rep2_peaks.broadPeak 
INFO  @ 07 Aug 2026 09:04:28: [3090 MB] #4 Write broad peak in bed12/gappedPeak format file... macs3_results_p53kd/peaks/Scramble_H4K16ac_rep2/Scramble_H4K16ac_rep2_peaks.gappedPeak 
INFO  @ 07 Aug 2026 09:04:28: [3090 MB] Done! 
INFO  @ 07 Aug 2026 09:04:29: [32 MB] 
# Command line: callpeak -t macs3_results_p53kd/normalized_bam/P53_H4K16ac_1_S0_L001.spikein_normalized.bam -c macs3_results_p53kd/normalized_bam/MutP53_Input1_S0_L001.spikein_normalized.bam -f BAMPE -g hs -n p53KD_H4K16ac_rep1 --outdir macs3_results_p53kd/peaks/p53KD_H4K16ac_rep1 --broad --broad-cutoff 0.1
# ARGUMENTS LIST:
# name = p53KD_H4K16ac_rep1
# format = BAMPE
# ChIP-seq file = ['macs3_results_p53kd/normalized_bam/P53_H4K16ac_1_S0_L001.spikein_normalized.bam']
# control file = ['macs3_results_p53kd/normalized_bam/MutP53_Input1_S0_L001.spikein_normalized.bam']
# effective genome size = 2.91e+09
# band width = 300
# model fold = [5, 50]
# qvalue cutoff for narrow/strong regions = 5.00e-02
# qvalue cutoff for broad/weak regions = 1.00e-01
# The maximum gap between significant sites is assigned as the read length/tag size.
# The minimum length of peaks is assigned as the predicted fragment length "d".
# Larger dataset will be scaled towards smaller dataset.
# Range for calculating regional lambda is: 1000 bps and 10000 bps
# Broad region calling is on
# Paired-End mode is on
 
INFO  @ 07 Aug 2026 09:04:29: [32 MB] #1 read fragment files... 
INFO  @ 07 Aug 2026 09:04:29: [32 MB] #1 read treatment fragments... 
INFO  @ 07 Aug 2026 09:04:33: [74 MB]  1000000 fragments parsed 
INFO  @ 07 Aug 2026 09:04:36: [82 MB]  2000000 fragments parsed 
INFO  @ 07 Aug 2026 09:04:39: [91 MB]  3000000 fragments parsed 
INFO  @ 07 Aug 2026 09:04:42: [98 MB]  4000000 fragments parsed 
INFO  @ 07 Aug 2026 09:04:45: [107 MB]  5000000 fragments parsed 
INFO  @ 07 Aug 2026 09:04:48: [114 MB]  6000000 fragments parsed 
INFO  @ 07 Aug 2026 09:04:51: [123 MB]  7000000 fragments parsed 
INFO  @ 07 Aug 2026 09:04:54: [131 MB]  8000000 fragments parsed 
INFO  @ 07 Aug 2026 09:04:57: [139 MB]  9000000 fragments parsed 
INFO  @ 07 Aug 2026 09:05:00: [147 MB]  10000000 fragments parsed 
INFO  @ 07 Aug 2026 09:05:03: [155 MB]  11000000 fragments parsed 
INFO  @ 07 Aug 2026 09:05:06: [162 MB]  12000000 fragments parsed 
INFO  @ 07 Aug 2026 09:05:09: [170 MB]  13000000 fragments parsed 
INFO  @ 07 Aug 2026 09:05:12: [178 MB]  14000000 fragments parsed 
INFO  @ 07 Aug 2026 09:05:15: [186 MB]  15000000 fragments parsed 
INFO  @ 07 Aug 2026 09:05:18: [194 MB]  16000000 fragments parsed 
INFO  @ 07 Aug 2026 09:05:21: [200 MB]  17000000 fragments parsed 
INFO  @ 07 Aug 2026 09:05:24: [210 MB]  18000000 fragments parsed 
INFO  @ 07 Aug 2026 09:05:27: [218 MB]  19000000 fragments parsed 
INFO  @ 07 Aug 2026 09:05:30: [226 MB]  20000000 fragments parsed 
INFO  @ 07 Aug 2026 09:05:33: [234 MB]  21000000 fragments parsed 
INFO  @ 07 Aug 2026 09:05:36: [243 MB]  22000000 fragments parsed 
INFO  @ 07 Aug 2026 09:05:39: [251 MB]  23000000 fragments parsed 
INFO  @ 07 Aug 2026 09:05:42: [259 MB]  24000000 fragments parsed 
INFO  @ 07 Aug 2026 09:05:45: [268 MB]  25000000 fragments parsed 
INFO  @ 07 Aug 2026 09:05:48: [275 MB]  26000000 fragments parsed 
INFO  @ 07 Aug 2026 09:06:01: [366 MB] 26996644 fragments have been read. 
INFO  @ 07 Aug 2026 09:06:16: [366 MB] #1.2 read input fragments... 
INFO  @ 07 Aug 2026 09:06:20: [371 MB]  1000000 fragments parsed 
INFO  @ 07 Aug 2026 09:06:24: [378 MB]  2000000 fragments parsed 
INFO  @ 07 Aug 2026 09:06:28: [386 MB]  3000000 fragments parsed 
INFO  @ 07 Aug 2026 09:06:31: [395 MB]  4000000 fragments parsed 
INFO  @ 07 Aug 2026 09:06:35: [402 MB]  5000000 fragments parsed 
INFO  @ 07 Aug 2026 09:06:39: [410 MB]  6000000 fragments parsed 
INFO  @ 07 Aug 2026 09:06:42: [417 MB]  7000000 fragments parsed 
INFO  @ 07 Aug 2026 09:06:46: [425 MB]  8000000 fragments parsed 
INFO  @ 07 Aug 2026 09:06:49: [433 MB]  9000000 fragments parsed 
INFO  @ 07 Aug 2026 09:06:53: [441 MB]  10000000 fragments parsed 
INFO  @ 07 Aug 2026 09:06:57: [449 MB]  11000000 fragments parsed 
INFO  @ 07 Aug 2026 09:07:01: [456 MB]  12000000 fragments parsed 
INFO  @ 07 Aug 2026 09:07:04: [465 MB]  13000000 fragments parsed 
INFO  @ 07 Aug 2026 09:07:08: [472 MB]  14000000 fragments parsed 
INFO  @ 07 Aug 2026 09:07:11: [480 MB]  15000000 fragments parsed 
INFO  @ 07 Aug 2026 09:07:15: [487 MB]  16000000 fragments parsed 
INFO  @ 07 Aug 2026 09:07:19: [495 MB]  17000000 fragments parsed 
INFO  @ 07 Aug 2026 09:07:22: [503 MB]  18000000 fragments parsed 
INFO  @ 07 Aug 2026 09:07:26: [510 MB]  19000000 fragments parsed 
INFO  @ 07 Aug 2026 09:07:30: [518 MB]  20000000 fragments parsed 
INFO  @ 07 Aug 2026 09:07:33: [527 MB]  21000000 fragments parsed 
INFO  @ 07 Aug 2026 09:07:37: [534 MB]  22000000 fragments parsed 
INFO  @ 07 Aug 2026 09:07:41: [543 MB]  23000000 fragments parsed 
INFO  @ 07 Aug 2026 09:07:44: [551 MB]  24000000 fragments parsed 
INFO  @ 07 Aug 2026 09:07:48: [559 MB]  25000000 fragments parsed 
INFO  @ 07 Aug 2026 09:07:52: [566 MB]  26000000 fragments parsed 
INFO  @ 07 Aug 2026 09:07:55: [574 MB]  27000000 fragments parsed 
INFO  @ 07 Aug 2026 09:07:59: [582 MB]  28000000 fragments parsed 
INFO  @ 07 Aug 2026 09:08:03: [590 MB]  29000000 fragments parsed 
INFO  @ 07 Aug 2026 09:08:06: [598 MB]  30000000 fragments parsed 
INFO  @ 07 Aug 2026 09:08:10: [605 MB]  31000000 fragments parsed 
INFO  @ 07 Aug 2026 09:08:14: [614 MB]  32000000 fragments parsed 
INFO  @ 07 Aug 2026 09:08:17: [621 MB]  33000000 fragments parsed 
INFO  @ 07 Aug 2026 09:08:21: [630 MB]  34000000 fragments parsed 
INFO  @ 07 Aug 2026 09:08:24: [637 MB]  35000000 fragments parsed 
INFO  @ 07 Aug 2026 09:08:28: [645 MB]  36000000 fragments parsed 
INFO  @ 07 Aug 2026 09:08:32: [653 MB]  37000000 fragments parsed 
INFO  @ 07 Aug 2026 09:08:35: [662 MB]  38000000 fragments parsed 
INFO  @ 07 Aug 2026 09:08:39: [669 MB]  39000000 fragments parsed 
INFO  @ 07 Aug 2026 09:08:42: [676 MB]  40000000 fragments parsed 
INFO  @ 07 Aug 2026 09:08:46: [713 MB]  41000000 fragments parsed 
INFO  @ 07 Aug 2026 09:08:53: [772 MB] 41494257 fragments have been read. 
INFO  @ 07 Aug 2026 09:09:16: [772 MB] #1 mean fragment size is determined as 206.2 bp from treatment 
INFO  @ 07 Aug 2026 09:09:16: [772 MB] #1 note: mean fragment size in control is 331.7 bp -- value ignored 
INFO  @ 07 Aug 2026 09:09:16: [772 MB] #1 fragment size = 206.2 
INFO  @ 07 Aug 2026 09:09:16: [772 MB] #1  total fragments in treatment: 26996644 
INFO  @ 07 Aug 2026 09:09:16: [772 MB] #1 user defined the maximum fragments... 
INFO  @ 07 Aug 2026 09:09:16: [772 MB] #1 filter out redundant fragments by allowing at most 1 identical fragment(s) 
INFO  @ 07 Aug 2026 09:09:54: [772 MB] #1  fragments after filtering in treatment: 5174185 
INFO  @ 07 Aug 2026 09:09:54: [772 MB] #1  Redundant rate of treatment: 0.81 
INFO  @ 07 Aug 2026 09:09:54: [772 MB] #1  total fragments in control: 41494257 
INFO  @ 07 Aug 2026 09:09:54: [772 MB] #1 user defined the maximum fragments... 
INFO  @ 07 Aug 2026 09:09:54: [772 MB] #1 filter out redundant fragments by allowing at most 1 identical fragment(s) 
INFO  @ 07 Aug 2026 09:10:48: [772 MB] #1  fragments after filtering in control: 36736391 
INFO  @ 07 Aug 2026 09:10:48: [772 MB] #1  Redundant rate of control: 0.11 
INFO  @ 07 Aug 2026 09:10:48: [772 MB] #1 finished! 
INFO  @ 07 Aug 2026 09:10:48: [772 MB] #2 Build Peak Model... 
INFO  @ 07 Aug 2026 09:10:48: [772 MB] #2 Skipped... 
INFO  @ 07 Aug 2026 09:10:48: [772 MB] #3 Call peaks... 
INFO  @ 07 Aug 2026 09:10:48: [772 MB] #3 Call broad peaks with given level1 -log10qvalue cutoff and level2: 1.301030, 1.000000... 
INFO  @ 07 Aug 2026 09:10:48: [772 MB] #3 Pre-compute pvalue-qvalue table... 
INFO  @ 07 Aug 2026 09:14:31: [3415 MB] #3 Call peaks for each chromosome... 
INFO  @ 07 Aug 2026 09:15:45: [3415 MB] #4 Write output xls file... macs3_results_p53kd/peaks/p53KD_H4K16ac_rep1/p53KD_H4K16ac_rep1_peaks.xls 
INFO  @ 07 Aug 2026 09:15:45: [3415 MB] #4 Write broad peak in broadPeak format file... macs3_results_p53kd/peaks/p53KD_H4K16ac_rep1/p53KD_H4K16ac_rep1_peaks.broadPeak 
INFO  @ 07 Aug 2026 09:15:45: [3415 MB] #4 Write broad peak in bed12/gappedPeak format file... macs3_results_p53kd/peaks/p53KD_H4K16ac_rep1/p53KD_H4K16ac_rep1_peaks.gappedPeak 
INFO  @ 07 Aug 2026 09:15:46: [3415 MB] Done! 
INFO  @ 07 Aug 2026 09:15:46: [30 MB] 
# Command line: callpeak -t macs3_results_p53kd/normalized_bam/P53_H4K16ac_2_S0_L001.spikein_normalized.bam -c macs3_results_p53kd/normalized_bam/MutP53_Input2_S0_L001.spikein_normalized.bam -f BAMPE -g hs -n p53KD_H4K16ac_rep2 --outdir macs3_results_p53kd/peaks/p53KD_H4K16ac_rep2 --broad --broad-cutoff 0.1
# ARGUMENTS LIST:
# name = p53KD_H4K16ac_rep2
# format = BAMPE
# ChIP-seq file = ['macs3_results_p53kd/normalized_bam/P53_H4K16ac_2_S0_L001.spikein_normalized.bam']
# control file = ['macs3_results_p53kd/normalized_bam/MutP53_Input2_S0_L001.spikein_normalized.bam']
# effective genome size = 2.91e+09
# band width = 300
# model fold = [5, 50]
# qvalue cutoff for narrow/strong regions = 5.00e-02
# qvalue cutoff for broad/weak regions = 1.00e-01
# The maximum gap between significant sites is assigned as the read length/tag size.
# The minimum length of peaks is assigned as the predicted fragment length "d".
# Larger dataset will be scaled towards smaller dataset.
# Range for calculating regional lambda is: 1000 bps and 10000 bps
# Broad region calling is on
# Paired-End mode is on
 
INFO  @ 07 Aug 2026 09:15:46: [30 MB] #1 read fragment files... 
INFO  @ 07 Aug 2026 09:15:46: [30 MB] #1 read treatment fragments... 
INFO  @ 07 Aug 2026 09:15:51: [74 MB]  1000000 fragments parsed 
INFO  @ 07 Aug 2026 09:15:54: [82 MB]  2000000 fragments parsed 
INFO  @ 07 Aug 2026 09:15:57: [91 MB]  3000000 fragments parsed 
INFO  @ 07 Aug 2026 09:16:00: [98 MB]  4000000 fragments parsed 
INFO  @ 07 Aug 2026 09:16:03: [107 MB]  5000000 fragments parsed 
INFO  @ 07 Aug 2026 09:16:06: [114 MB]  6000000 fragments parsed 
INFO  @ 07 Aug 2026 09:16:09: [123 MB]  7000000 fragments parsed 
INFO  @ 07 Aug 2026 09:16:12: [131 MB]  8000000 fragments parsed 
INFO  @ 07 Aug 2026 09:16:15: [139 MB]  9000000 fragments parsed 
INFO  @ 07 Aug 2026 09:16:18: [146 MB]  10000000 fragments parsed 
INFO  @ 07 Aug 2026 09:16:21: [153 MB]  11000000 fragments parsed 
INFO  @ 07 Aug 2026 09:16:24: [162 MB]  12000000 fragments parsed 
INFO  @ 07 Aug 2026 09:16:27: [169 MB]  13000000 fragments parsed 
INFO  @ 07 Aug 2026 09:16:30: [177 MB]  14000000 fragments parsed 
INFO  @ 07 Aug 2026 09:16:33: [185 MB]  15000000 fragments parsed 
INFO  @ 07 Aug 2026 09:16:36: [193 MB]  16000000 fragments parsed 
INFO  @ 07 Aug 2026 09:16:39: [201 MB]  17000000 fragments parsed 
INFO  @ 07 Aug 2026 09:16:43: [207 MB]  18000000 fragments parsed 
INFO  @ 07 Aug 2026 09:16:46: [217 MB]  19000000 fragments parsed 
INFO  @ 07 Aug 2026 09:16:49: [224 MB]  20000000 fragments parsed 
INFO  @ 07 Aug 2026 09:16:52: [233 MB]  21000000 fragments parsed 
INFO  @ 07 Aug 2026 09:16:55: [240 MB]  22000000 fragments parsed 
INFO  @ 07 Aug 2026 09:16:58: [249 MB]  23000000 fragments parsed 
INFO  @ 07 Aug 2026 09:17:02: [257 MB]  24000000 fragments parsed 
INFO  @ 07 Aug 2026 09:17:05: [266 MB]  25000000 fragments parsed 
INFO  @ 07 Aug 2026 09:17:08: [272 MB]  26000000 fragments parsed 
INFO  @ 07 Aug 2026 09:17:11: [282 MB]  27000000 fragments parsed 
INFO  @ 07 Aug 2026 09:17:15: [309 MB]  28000000 fragments parsed 
INFO  @ 07 Aug 2026 09:17:25: [378 MB] 28617322 fragments have been read. 
INFO  @ 07 Aug 2026 09:17:42: [378 MB] #1.2 read input fragments... 
INFO  @ 07 Aug 2026 09:17:46: [383 MB]  1000000 fragments parsed 
INFO  @ 07 Aug 2026 09:17:49: [391 MB]  2000000 fragments parsed 
INFO  @ 07 Aug 2026 09:17:53: [400 MB]  3000000 fragments parsed 
INFO  @ 07 Aug 2026 09:17:57: [407 MB]  4000000 fragments parsed 
INFO  @ 07 Aug 2026 09:18:00: [415 MB]  5000000 fragments parsed 
INFO  @ 07 Aug 2026 09:18:04: [423 MB]  6000000 fragments parsed 
INFO  @ 07 Aug 2026 09:18:08: [430 MB]  7000000 fragments parsed 
INFO  @ 07 Aug 2026 09:18:11: [439 MB]  8000000 fragments parsed 
INFO  @ 07 Aug 2026 09:18:15: [446 MB]  9000000 fragments parsed 
INFO  @ 07 Aug 2026 09:18:19: [454 MB]  10000000 fragments parsed 
INFO  @ 07 Aug 2026 09:18:22: [462 MB]  11000000 fragments parsed 
INFO  @ 07 Aug 2026 09:18:26: [470 MB]  12000000 fragments parsed 
INFO  @ 07 Aug 2026 09:18:30: [477 MB]  13000000 fragments parsed 
INFO  @ 07 Aug 2026 09:18:33: [485 MB]  14000000 fragments parsed 
INFO  @ 07 Aug 2026 09:18:37: [493 MB]  15000000 fragments parsed 
INFO  @ 07 Aug 2026 09:18:41: [501 MB]  16000000 fragments parsed 
INFO  @ 07 Aug 2026 09:18:44: [509 MB]  17000000 fragments parsed 
INFO  @ 07 Aug 2026 09:18:48: [516 MB]  18000000 fragments parsed 
INFO  @ 07 Aug 2026 09:18:52: [524 MB]  19000000 fragments parsed 
INFO  @ 07 Aug 2026 09:18:56: [532 MB]  20000000 fragments parsed 
INFO  @ 07 Aug 2026 09:18:59: [541 MB]  21000000 fragments parsed 
INFO  @ 07 Aug 2026 09:19:03: [548 MB]  22000000 fragments parsed 
INFO  @ 07 Aug 2026 09:19:06: [556 MB]  23000000 fragments parsed 
INFO  @ 07 Aug 2026 09:19:10: [565 MB]  24000000 fragments parsed 
INFO  @ 07 Aug 2026 09:19:13: [574 MB]  25000000 fragments parsed 
INFO  @ 07 Aug 2026 09:19:17: [582 MB]  26000000 fragments parsed 
INFO  @ 07 Aug 2026 09:19:21: [591 MB]  27000000 fragments parsed 
INFO  @ 07 Aug 2026 09:19:24: [598 MB]  28000000 fragments parsed 
INFO  @ 07 Aug 2026 09:19:28: [608 MB]  29000000 fragments parsed 
INFO  @ 07 Aug 2026 09:19:31: [616 MB]  30000000 fragments parsed 
INFO  @ 07 Aug 2026 09:19:35: [639 MB]  31000000 fragments parsed 
INFO  @ 07 Aug 2026 09:19:41: [711 MB] 31615179 fragments have been read. 
INFO  @ 07 Aug 2026 09:19:59: [711 MB] #1 mean fragment size is determined as 204.7 bp from treatment 
INFO  @ 07 Aug 2026 09:19:59: [711 MB] #1 note: mean fragment size in control is 335.9 bp -- value ignored 
INFO  @ 07 Aug 2026 09:19:59: [711 MB] #1 fragment size = 204.7 
INFO  @ 07 Aug 2026 09:19:59: [711 MB] #1  total fragments in treatment: 28617322 
INFO  @ 07 Aug 2026 09:19:59: [711 MB] #1 user defined the maximum fragments... 
INFO  @ 07 Aug 2026 09:19:59: [711 MB] #1 filter out redundant fragments by allowing at most 1 identical fragment(s) 
INFO  @ 07 Aug 2026 09:20:35: [711 MB] #1  fragments after filtering in treatment: 10451008 
INFO  @ 07 Aug 2026 09:20:35: [711 MB] #1  Redundant rate of treatment: 0.63 
INFO  @ 07 Aug 2026 09:20:35: [711 MB] #1  total fragments in control: 31615179 
INFO  @ 07 Aug 2026 09:20:35: [711 MB] #1 user defined the maximum fragments... 
INFO  @ 07 Aug 2026 09:20:35: [711 MB] #1 filter out redundant fragments by allowing at most 1 identical fragment(s) 
INFO  @ 07 Aug 2026 09:21:13: [711 MB] #1  fragments after filtering in control: 28765080 
INFO  @ 07 Aug 2026 09:21:13: [711 MB] #1  Redundant rate of control: 0.09 
INFO  @ 07 Aug 2026 09:21:13: [711 MB] #1 finished! 
INFO  @ 07 Aug 2026 09:21:13: [711 MB] #2 Build Peak Model... 
INFO  @ 07 Aug 2026 09:21:13: [711 MB] #2 Skipped... 
INFO  @ 07 Aug 2026 09:21:13: [711 MB] #3 Call peaks... 
INFO  @ 07 Aug 2026 09:21:13: [711 MB] #3 Call broad peaks with given level1 -log10qvalue cutoff and level2: 1.301030, 1.000000... 
INFO  @ 07 Aug 2026 09:21:13: [711 MB] #3 Pre-compute pvalue-qvalue table... 
INFO  @ 07 Aug 2026 09:24:23: [3029 MB] #3 Call peaks for each chromosome... 
INFO  @ 07 Aug 2026 09:25:29: [3029 MB] #4 Write output xls file... macs3_results_p53kd/peaks/p53KD_H4K16ac_rep2/p53KD_H4K16ac_rep2_peaks.xls 
INFO  @ 07 Aug 2026 09:25:29: [3029 MB] #4 Write broad peak in broadPeak format file... macs3_results_p53kd/peaks/p53KD_H4K16ac_rep2/p53KD_H4K16ac_rep2_peaks.broadPeak 
INFO  @ 07 Aug 2026 09:25:29: [3029 MB] #4 Write broad peak in bed12/gappedPeak format file... macs3_results_p53kd/peaks/p53KD_H4K16ac_rep2/p53KD_H4K16ac_rep2_peaks.gappedPeak 
INFO  @ 07 Aug 2026 09:25:29: [3029 MB] Done! 


>> loading peak file...				 2026-08-07 09:25:55 AM 
>> preparing features information...		 2026-08-07 09:25:55 AM 
>> Using Genome: hg38 ...
>> identifying nearest features...		 2026-08-07 09:25:58 AM 
>> calculating distance from peak to TSS...	 2026-08-07 09:26:00 AM 
>> assigning genomic annotation...		 2026-08-07 09:26:00 AM 
>> Using Genome: hg38 ...
>> Using Genome: hg38 ...
>> adding gene annotation...			 2026-08-07 09:26:36 AM 
'select()' returned 1:many mapping between keys and columns
>> assigning chromosome lengths			 2026-08-07 09:26:37 AM 
>> done...					 2026-08-07 09:26:37 AM 
Wrote: macs3_results_p53kd/peaks/Scramble_H4K16ac_rep1/Scramble_H4K16ac_rep1_peaks_annotated.tsv
>> loading peak file...				 2026-08-07 09:26:37 AM 
>> preparing features information...		 2026-08-07 09:26:37 AM 
>> Using Genome: hg38 ...
>> identifying nearest features...		 2026-08-07 09:26:37 AM 
>> calculating distance from peak to TSS...	 2026-08-07 09:26:38 AM 
>> assigning genomic annotation...		 2026-08-07 09:26:38 AM 
>> Using Genome: hg38 ...
>> Using Genome: hg38 ...
>> adding gene annotation...			 2026-08-07 09:26:44 AM 
'select()' returned 1:many mapping between keys and columns
>> assigning chromosome lengths			 2026-08-07 09:26:44 AM 
>> done...					 2026-08-07 09:26:44 AM 
Wrote: macs3_results_p53kd/peaks/Scramble_H4K16ac_rep2/Scramble_H4K16ac_rep2_peaks_annotated.tsv
>> loading peak file...				 2026-08-07 09:26:45 AM 
>> preparing features information...		 2026-08-07 09:26:45 AM 
>> Using Genome: hg38 ...
>> identifying nearest features...		 2026-08-07 09:26:45 AM 
>> calculating distance from peak to TSS...	 2026-08-07 09:26:45 AM 
>> assigning genomic annotation...		 2026-08-07 09:26:45 AM 
>> Using Genome: hg38 ...
>> Using Genome: hg38 ...
>> adding gene annotation...			 2026-08-07 09:26:52 AM 
'select()' returned 1:many mapping between keys and columns
>> assigning chromosome lengths			 2026-08-07 09:26:52 AM 
>> done...					 2026-08-07 09:26:52 AM 
Wrote: macs3_results_p53kd/peaks/p53KD_H4K16ac_rep1/p53KD_H4K16ac_rep1_peaks_annotated.tsv
>> loading peak file...				 2026-08-07 09:26:53 AM 
>> preparing features information...		 2026-08-07 09:26:53 AM 
>> Using Genome: hg38 ...
>> identifying nearest features...		 2026-08-07 09:26:53 AM 
>> calculating distance from peak to TSS...	 2026-08-07 09:26:53 AM 
>> assigning genomic annotation...		 2026-08-07 09:26:53 AM 
>> Using Genome: hg38 ...
>> Using Genome: hg38 ...
>> adding gene annotation...			 2026-08-07 09:27:01 AM 
'select()' returned 1:many mapping between keys and columns
>> assigning chromosome lengths			 2026-08-07 09:27:01 AM 
>> done...					 2026-08-07 09:27:01 AM 
Wrote: macs3_results_p53kd/peaks/p53KD_H4K16ac_rep2/p53KD_H4K16ac_rep2_peaks_annotated.tsv
There were 20 warnings (use warnings() to see them)
