Settings:
  Output files: "hgenome_index.*.bt2"
  Line rate: 6 (line is 64 bytes)
  Lines per side: 1 (side is 64 bytes)
  Offset rate: 4 (one in 16)
  FTable chars: 10
  Strings: unpacked
  Max bucket size: default
  Max bucket size, sqrt multiplier: default
  Max bucket size, len divisor: 4
  Difference-cover sample period: 1024
  Endianness: little
  Actual local endianness: little
  Sanity checking: disabled
  Assertions: disabled
  Random seed: 0
  Sizeofs: void*:8, int:4, long:8, size_t:8
Input files DNA, FASTA:
  GRCh38.p14.genome.fa
Building a SMALL index
Reading reference sizes
  Time reading reference sizes: 00:00:16
Calculating joined length
Writing header
Reserving space for joined string
Joining reference sequences
  Time to join reference sequences: 00:00:11
bmax according to bmaxDivN setting: 782562688
Using parameters --bmax 586922016 --dcv 1024
  Doing ahead-of-time memory usage test
  Passed!  Constructing with these parameters: --bmax 586922016 --dcv 1024
Constructing suffix-array element generator
Building DifferenceCoverSample
  Building sPrime
  Building sPrimeOrder
  V-Sorting samples
  V-Sorting samples time: 00:00:53
  Allocating rank array
  Ranking v-sort output
  Ranking v-sort output time: 00:00:12
  Invoking Larsson-Sadakane on ranks
  Invoking Larsson-Sadakane on ranks time: 00:00:29
  Sanity-checking and returning
Building samples
Reserving space for 12 sample suffixes
Generating random suffixes
QSorting 12 sample offsets, eliminating duplicates
QSorting sample offsets, eliminating duplicates time: 00:00:00
Multikey QSorting 12 samples
  (Using difference cover)
  Multikey QSorting samples time: 00:00:00
Calculating bucket sizes
Splitting and merging
  Splitting and merging time: 00:00:00
Split 1, merged 8; iterating...
Splitting and merging
  Splitting and merging time: 00:00:00
Split 1, merged 0; iterating...
Splitting and merging
  Splitting and merging time: 00:00:00
Split 1, merged 0; iterating...
Splitting and merging
  Splitting and merging time: 00:00:00
Avg bucket size: 4.47179e+08 (target: 586922015)
Converting suffix-array elements to index image
Allocating ftab, absorbFtab
Entering Ebwt loop
Getting block 1 of 7
  Reserving size (586922016) for bucket 1
  Calculating Z arrays for bucket 1
  Entering block accumulator loop for bucket 1:
  bucket 1: 10%
  bucket 1: 20%
  bucket 1: 30%
  bucket 1: 40%
  bucket 1: 50%
  bucket 1: 60%
  bucket 1: 70%
  bucket 1: 80%
  bucket 1: 90%
  bucket 1: 100%
  Sorting block of length 196653375 for bucket 1
  (Using difference cover)
  Sorting block time: 00:01:10
Returning block of 196653376 for bucket 1
Getting block 2 of 7
  Reserving size (586922016) for bucket 2
  Calculating Z arrays for bucket 2
  Entering block accumulator loop for bucket 2:
  bucket 2: 10%
  bucket 2: 20%
  bucket 2: 30%
  bucket 2: 40%
  bucket 2: 50%
  bucket 2: 60%
  bucket 2: 70%
  bucket 2: 80%
  bucket 2: 90%
  bucket 2: 100%
  Sorting block of length 577718400 for bucket 2
  (Using difference cover)
  Sorting block time: 00:03:31
Returning block of 577718401 for bucket 2
Getting block 3 of 7
  Reserving size (586922016) for bucket 3
  Calculating Z arrays for bucket 3
  Entering block accumulator loop for bucket 3:
  bucket 3: 10%
  bucket 3: 20%
  bucket 3: 30%
  bucket 3: 40%
  bucket 3: 50%
  bucket 3: 60%
  bucket 3: 70%
  bucket 3: 80%
  bucket 3: 90%
  bucket 3: 100%
  Sorting block of length 586868818 for bucket 3
  (Using difference cover)
  Sorting block time: 00:03:40
Returning block of 586868819 for bucket 3
Getting block 4 of 7
  Reserving size (586922016) for bucket 4
  Calculating Z arrays for bucket 4
  Entering block accumulator loop for bucket 4:
  bucket 4: 10%
  bucket 4: 20%
  bucket 4: 30%
[2026-08-03T15:57:47.037] error: *** JOB 8517854 ON qnode3115 CANCELLED AT 2026-08-03T15:57:47 DUE to SIGNAL Terminated ***
