
The following have been reloaded with a version change:
  1) expat/2.6.4-gcc-8.5.0 => expat/2.5.0-gcc-4.8.5
  2) kbproto/1.0.7-gcc-12.4.0 => kbproto/1.0.7-gcc-4.8.5
  3) libbsd/0.12.2-gcc-8.5.0 => libbsd/0.11.7-gcc-4.8.5
  4) libice/1.1.1-gcc-12.4.0 => libice/1.0.9-gcc-4.8.5
  5) libmd/1.0.4-gcc-8.5.0 => libmd/1.0.4-gcc-4.8.5
  6) libpthread-stubs/0.5-gcc-12.4.0 => libpthread-stubs/0.4-gcc-4.8.5
  7) libsm/1.2.4-gcc-12.4.0 => libsm/1.2.3-gcc-4.8.5
  8) libx11/1.8.10-gcc-12.4.0 => libx11/1.8.4-gcc-4.8.5
  9) libxau/1.0.11-gcc-12.4.0 => libxau/1.0.8-gcc-4.8.5
 10) libxcb/1.17.0-gcc-12.4.0 => libxcb/1.14-gcc-4.8.5
 11) libxdmcp/1.1.5-gcc-12.4.0 => libxdmcp/1.1.4-gcc-4.8.5
 12) libxext/1.3.6-gcc-12.4.0 => libxext/1.3.3-gcc-4.8.5
 13) libxrender/0.9.11-gcc-12.4.0 => libxrender/0.9.10-gcc-4.8.5
 14) libxscrnsaver/1.2.4-gcc-12.4.0 => libxscrnsaver/1.2.2-gcc-4.8.5
 15) libxt/1.3.0-gcc-12.4.0 => libxt/1.1.5-gcc-4.8.5
 16) renderproto/0.11.1-gcc-12.4.0 => renderproto/0.11.1-gcc-4.8.5
 17) scrnsaverproto/1.2.2-gcc-12.4.0 => scrnsaverproto/1.2.2-gcc-4.8.5
 18) util-linux-uuid/2.40.2-gcc-8.5.0 => util-linux-uuid/2.36.2-gcc-4.8.5
 19) xextproto/7.3.0-gcc-12.4.0 => xextproto/7.3.0-gcc-4.8.5
 20) xproto/7.0.31-gcc-12.4.0 => xproto/7.0.31-gcc-4.8.5
 21) xtrans/1.5.2-gcc-12.4.0 => xtrans/1.4.0-gcc-4.8.5
 22) zstd/1.5.6-gcc-8.5.0 => zstd/1.5.5-gcc-4.8.5

Error in library(DiffBind) : there is no package called ‘DiffBind’
Execution halted
DiffBind exited with status 1
