

Annotating: macs3_results/peaks/Scramble_H4K16ac_rep1/Scramble_H4K16ac_rep1_peaks.broadPeak
>> Using Genome: hg38 ...
>> Using Genome: hg38 ...
>> Using Genome: hg38 ...
Loading required package: org.Hs.eg.db
'select()' returned 1:many mapping between keys and columns
Annotating: macs3_results/peaks/Scramble_H4K16ac_rep2/Scramble_H4K16ac_rep2_peaks.broadPeak
>> Using Genome: hg38 ...
>> Using Genome: hg38 ...
>> Using Genome: hg38 ...
'select()' returned 1:many mapping between keys and columns
Annotating: macs3_results/peaks/YEATS2KD_H4K16ac_rep1/YEATS2KD_H4K16ac_rep1_peaks.broadPeak
>> Using Genome: hg38 ...
>> Using Genome: hg38 ...
>> Using Genome: hg38 ...
'select()' returned 1:many mapping between keys and columns
Annotating: macs3_results/peaks/YEATS2KD_H4K16ac_rep2/YEATS2KD_H4K16ac_rep2_peaks.broadPeak
>> Using Genome: hg38 ...
>> Using Genome: hg38 ...
>> Using Genome: hg38 ...
'select()' returned 1:many mapping between keys and columns
Warning message:
`aes_string()` was deprecated in ggplot2 3.0.0.
ℹ Please use tidy evaluation idioms with `aes()`.
ℹ See also `vignette("ggplot2-in-packages")` for more information.
ℹ The deprecated feature was likely used in the ChIPseeker package.
  Please report the issue at <https://github.com/YuLab-SMU/ChIPseeker/issues>. 
null device 
          1 
Wrote combined plot to: macs3_results/chipseeker_visualizations/chipseeker_annotation_combined.pdf
Wrote combined and individual plots to: macs3_results/chipseeker_visualizations/chipseeker_annotation_plots.pdf
