Using R: /home/nqp9093/.conda/envs/chipseeker/bin/Rscript
null device 
          1 
null device 
          1 
>> preparing features information...		 2026-08-10 04:20:49 PM 
>> Using Genome: hg38 ...
>> identifying nearest features...		 2026-08-10 04:20:51 PM 
>> calculating distance from peak to TSS...	 2026-08-10 04:20:52 PM 
>> assigning genomic annotation...		 2026-08-10 04:20:52 PM 
>> Using Genome: hg38 ...
>> Using Genome: hg38 ...
>> adding gene annotation...			 2026-08-10 04:21:42 PM 
>> assigning chromosome lengths			 2026-08-10 04:21:42 PM 
>> done...					 2026-08-10 04:21:42 PM 
>> preparing features information...		 2026-08-10 04:21:42 PM 
>> Using Genome: hg38 ...
>> identifying nearest features...		 2026-08-10 04:21:42 PM 
>> calculating distance from peak to TSS...	 2026-08-10 04:21:43 PM 
>> assigning genomic annotation...		 2026-08-10 04:21:43 PM 
>> Using Genome: hg38 ...
>> Using Genome: hg38 ...
>> adding gene annotation...			 2026-08-10 04:21:52 PM 
>> assigning chromosome lengths			 2026-08-10 04:21:53 PM 
>> done...					 2026-08-10 04:21:53 PM 
null device 
          1 
null device 
          1 
