/var/spool/slurmd/job8001534/slurm_script: line 18: $: command not found

CommandNotFoundError: Your shell has not been properly configured to use 'conda activate'.
If your shell is Bash or a Bourne variant, enable conda for the current user with

    $ echo ". /software/anaconda3/2018.12/etc/profile.d/conda.sh" >> ~/.bashrc

or, for all users, enable conda with

    $ sudo ln -s /software/anaconda3/2018.12/etc/profile.d/conda.sh /etc/profile.d/conda.sh

The options above will permanently enable the 'conda' command, but they do NOT
put conda's base (root) environment on PATH.  To do so, run

    $ conda activate

in your terminal, or to put the base environment on PATH permanently, run

    $ echo "conda activate" >> ~/.bashrc

Previous to conda 4.4, the recommended way to activate conda was to modify PATH in
your ~/.bashrc file.  You should manually remove the line that looks like

    export PATH="/software/anaconda3/2018.12/bin:$PATH"

^^^ The above line should NO LONGER be in your ~/.bashrc file! ^^^


Reading reference gene model all.bed ... Done
Loading SAM/BAM file ...  Total 200000 usable reads were sampled


This is PairEnd Data
Fraction of reads failed to determine: 0.1229
Fraction of reads explained by "1++,1--,2+-,2-+": 0.0086
Fraction of reads explained by "1+-,1-+,2++,2--": 0.8686
