Using an excessive number of cores has a diminishing return! It is recommended not to exceed 8 cores per trimming process (you asked for 10 cores). Please consider re-specifying
Path to Cutadapt set as: 'cutadapt' (default)
Cutadapt seems to be working fine (tested command 'cutadapt --version')
Cutadapt version: 4.2
Could not detect version of Python used by Cutadapt from the first line of Cutadapt (but found this: >>>#!/bin/sh<<<)
Letting the (modified) Cutadapt deal with the Python version instead
pigz 2.6
Parallel gzip (pigz) detected. Proceeding with multicore (de)compression using 10 cores

igzip command line interface 2.30.0
igzip detected. Using igzip for decompressing

No quality encoding type selected. Assuming that the data provided uses Sanger encoded Phred scores (default)

Output will be written into the directory: /gpfs/projects/b1042/LauberthLab/BenFolder/trimmeddir/
Writing report to '/gpfs/projects/b1042/LauberthLab/BenFolder/trimmeddir/21161D-57-01_S151_L003_R1_001.fastq.gz_trimming_report.txt'

SUMMARISING RUN PARAMETERS
==========================
Input filename: 21161-57-08012024_165948_H4k16ac_CHIP_Y2KD/21161D-57-01_S151_L003_R1_001.fastq.gz
Trimming mode: paired-end
Trim Galore version: 0.6.10
Cutadapt version: 4.2
Python version: could not detect
Number of cores used for trimming: 10
Quality Phred score cutoff: 20
Quality encoding type selected: ASCII+33
Adapter sequence: 'AGATCGGAAGAGC' (Illumina TruSeq, Sanger iPCR; user defined)
Maximum trimming error rate: 0.1 (default)
Minimum required adapter overlap (stringency): 1 bp
Minimum required sequence length for both reads before a sequence pair gets removed: 20 bp
Output file(s) will be GZIP compressed

Cutadapt seems to be fairly up-to-date (version 4.2). Setting -j 10
Writing final adapter and quality trimmed output to 21161D-57-01_S151_L003_R1_001_trimmed.fq.gz


  >>> Now performing quality (cutoff '-q 20') and adapter trimming in a single pass for the adapter sequence: 'AGATCGGAAGAGC' from file 21161-57-08012024_165948_H4k16ac_CHIP_Y2KD/21161D-57-01_S151_L003_R1_001.fastq.gz <<< 
10000000 sequences processed
20000000 sequences processed
30000000 sequences processed
This is cutadapt 4.2 with Python 3.8.16
Command line parameters: -j 10 -e 0.1 -q 20 -O 1 -a AGATCGGAAGAGC 21161-57-08012024_165948_H4k16ac_CHIP_Y2KD/21161D-57-01_S151_L003_R1_001.fastq.gz
Processing single-end reads on 10 cores ...
Finished in 116.428 s (3.673 µs/read; 16.34 M reads/minute).

=== Summary ===

Total reads processed:              31,702,215
Reads with adapters:                12,687,632 (40.0%)
Reads written (passing filters):    31,702,215 (100.0%)

Total basepairs processed: 4,787,034,465 bp
Quality-trimmed:              30,134,957 bp (0.6%)
Total written (filtered):  4,703,250,883 bp (98.2%)

=== Adapter 1 ===

Sequence: AGATCGGAAGAGC; Type: regular 3'; Length: 13; Trimmed: 12687632 times

Minimum overlap: 1
No. of allowed errors:
1-9 bp: 0; 10-13 bp: 1

Bases preceding removed adapters:
  A: 33.5%
  C: 24.5%
  G: 18.6%
  T: 23.4%
  none/other: 0.0%

Overview of removed sequences
length	count	expect	max.err	error counts
1	8350678	7925553.8	0	8350678
2	2077776	1981388.4	0	2077776
3	716597	495347.1	0	716597
4	187345	123836.8	0	187345
5	66993	30959.2	0	66993
6	45906	7739.8	0	45906
7	39265	1934.9	0	39265
8	40692	483.7	0	40692
9	48713	120.9	0	48294 419
10	30847	30.2	1	29227 1620
11	42492	7.6	1	40455 2037
12	33612	1.9	1	32274 1338
13	38274	0.5	1	36566 1708
14	34464	0.5	1	32971 1493
15	34774	0.5	1	33193 1581
16	32212	0.5	1	30914 1298
17	32643	0.5	1	31152 1491
18	28818	0.5	1	27868 950
19	30315	0.5	1	29166 1149
20	28273	0.5	1	27165 1108
21	30267	0.5	1	28960 1307
22	25882	0.5	1	25047 835
23	28078	0.5	1	26970 1108
24	24795	0.5	1	23933 862
25	29311	0.5	1	28153 1158
26	19869	0.5	1	19211 658
27	24034	0.5	1	23138 896
28	24150	0.5	1	23135 1015
29	22616	0.5	1	21765 851
30	20459	0.5	1	19825 634
31	19944	0.5	1	19248 696
32	22933	0.5	1	21982 951
33	18019	0.5	1	17399 620
34	19408	0.5	1	18673 735
35	16606	0.5	1	16007 599
36	21700	0.5	1	20885 815
37	12854	0.5	1	12366 488
38	16526	0.5	1	15910 616
39	14968	0.5	1	14413 555
40	15030	0.5	1	14416 614
41	16461	0.5	1	15811 650
42	13229	0.5	1	12734 495
43	13580	0.5	1	13075 505
44	22683	0.5	1	22045 638
45	6539	0.5	1	6230 309
46	7288	0.5	1	7024 264
47	11082	0.5	1	10760 322
48	10935	0.5	1	10579 356
49	10948	0.5	1	10554 394
50	10969	0.5	1	10555 414
51	10675	0.5	1	10313 362
52	11938	0.5	1	11535 403
53	12518	0.5	1	12105 413
54	9888	0.5	1	9584 304
55	13615	0.5	1	13283 332
56	18099	0.5	1	17773 326
57	16574	0.5	1	16300 274
58	10701	0.5	1	10476 225
59	5537	0.5	1	5380 157
60	3516	0.5	1	3420 96
61	2254	0.5	1	2170 84
62	2453	0.5	1	2365 88
63	2100	0.5	1	2026 74
64	1592	0.5	1	1525 67
65	1323	0.5	1	1248 75
66	1008	0.5	1	956 52
67	1503	0.5	1	1421 82
68	2343	0.5	1	2282 61
69	2678	0.5	1	2606 72
70	2459	0.5	1	2384 75
71	2395	0.5	1	2315 80
72	2311	0.5	1	2240 71
73	2594	0.5	1	2533 61
74	2782	0.5	1	2703 79
75	2763	0.5	1	2668 95
76	2776	0.5	1	2690 86
77	2710	0.5	1	2624 86
78	2539	0.5	1	2451 88
79	2507	0.5	1	2420 87
80	2420	0.5	1	2335 85
81	2229	0.5	1	2147 82
82	2098	0.5	1	2040 58
83	1994	0.5	1	1937 57
84	1918	0.5	1	1845 73
85	1859	0.5	1	1781 78
86	1677	0.5	1	1620 57
87	1714	0.5	1	1657 57
88	1529	0.5	1	1473 56
89	1452	0.5	1	1397 55
90	1346	0.5	1	1289 57
91	1231	0.5	1	1167 64
92	1165	0.5	1	1119 46
93	1164	0.5	1	1126 38
94	1004	0.5	1	959 45
95	1033	0.5	1	990 43
96	935	0.5	1	888 47
97	870	0.5	1	826 44
98	854	0.5	1	815 39
99	753	0.5	1	718 35
100	714	0.5	1	686 28
101	622	0.5	1	586 36
102	631	0.5	1	602 29
103	582	0.5	1	545 37
104	501	0.5	1	471 30
105	463	0.5	1	433 30
106	455	0.5	1	430 25
107	374	0.5	1	353 21
108	341	0.5	1	323 18
109	357	0.5	1	316 41
110	279	0.5	1	247 32
111	238	0.5	1	211 27
112	239	0.5	1	217 22
113	204	0.5	1	184 20
114	171	0.5	1	154 17
115	160	0.5	1	144 16
116	147	0.5	1	136 11
117	155	0.5	1	136 19
118	124	0.5	1	111 13
119	134	0.5	1	119 15
120	118	0.5	1	97 21
121	114	0.5	1	87 27
122	112	0.5	1	92 20
123	90	0.5	1	77 13
124	87	0.5	1	70 17
125	99	0.5	1	82 17
126	100	0.5	1	79 21
127	78	0.5	1	66 12
128	70	0.5	1	54 16
129	90	0.5	1	65 25
130	62	0.5	1	49 13
131	64	0.5	1	48 16
132	70	0.5	1	57 13
133	58	0.5	1	41 17
134	41	0.5	1	31 10
135	44	0.5	1	28 16
136	38	0.5	1	20 18
137	51	0.5	1	36 15
138	28	0.5	1	14 14
139	35	0.5	1	26 9
140	27	0.5	1	18 9
141	28	0.5	1	18 10
142	23	0.5	1	11 12
143	21	0.5	1	16 5
144	39	0.5	1	23 16
145	36	0.5	1	23 13
146	40	0.5	1	24 16
147	37	0.5	1	28 9
148	31	0.5	1	15 16
149	28	0.5	1	15 13
150	51	0.5	1	33 18
151	1683	0.5	1	418 1265

RUN STATISTICS FOR INPUT FILE: 21161-57-08012024_165948_H4k16ac_CHIP_Y2KD/21161D-57-01_S151_L003_R1_001.fastq.gz
=============================================
31702215 sequences processed in total
The length threshold of paired-end sequences gets evaluated later on (in the validation step)

Writing report to '/gpfs/projects/b1042/LauberthLab/BenFolder/trimmeddir/21161D-57-01_S151_L003_R2_001.fastq.gz_trimming_report.txt'

SUMMARISING RUN PARAMETERS
==========================
Input filename: 21161-57-08012024_165948_H4k16ac_CHIP_Y2KD/21161D-57-01_S151_L003_R2_001.fastq.gz
Trimming mode: paired-end
Trim Galore version: 0.6.10
Cutadapt version: 4.2
Python version: could not detect
Number of cores used for trimming: 10
Quality Phred score cutoff: 20
Quality encoding type selected: ASCII+33
Adapter sequence: 'AGATCGGAAGAGC' (Illumina TruSeq, Sanger iPCR; user defined)
Maximum trimming error rate: 0.1 (default)
Minimum required adapter overlap (stringency): 1 bp
Minimum required sequence length for both reads before a sequence pair gets removed: 20 bp
Output file(s) will be GZIP compressed

Cutadapt seems to be fairly up-to-date (version 4.2). Setting -j -j 10
Writing final adapter and quality trimmed output to 21161D-57-01_S151_L003_R2_001_trimmed.fq.gz


  >>> Now performing quality (cutoff '-q 20') and adapter trimming in a single pass for the adapter sequence: 'AGATCGGAAGAGC' from file 21161-57-08012024_165948_H4k16ac_CHIP_Y2KD/21161D-57-01_S151_L003_R2_001.fastq.gz <<< 
10000000 sequences processed
20000000 sequences processed
30000000 sequences processed
This is cutadapt 4.2 with Python 3.8.16
Command line parameters: -j 10 -e 0.1 -q 20 -O 1 -a AGATCGGAAGAGC 21161-57-08012024_165948_H4k16ac_CHIP_Y2KD/21161D-57-01_S151_L003_R2_001.fastq.gz
Processing single-end reads on 10 cores ...
Finished in 122.091 s (3.851 µs/read; 15.58 M reads/minute).

=== Summary ===

Total reads processed:              31,702,215
Reads with adapters:                12,241,841 (38.6%)
Reads written (passing filters):    31,702,215 (100.0%)

Total basepairs processed: 4,787,034,465 bp
Quality-trimmed:              69,162,224 bp (1.4%)
Total written (filtered):  4,667,948,442 bp (97.5%)

=== Adapter 1 ===

Sequence: AGATCGGAAGAGC; Type: regular 3'; Length: 13; Trimmed: 12241841 times

Minimum overlap: 1
No. of allowed errors:
1-9 bp: 0; 10-13 bp: 1

Bases preceding removed adapters:
  A: 33.3%
  C: 24.3%
  G: 18.8%
  T: 23.6%
  none/other: 0.0%

Overview of removed sequences
length	count	expect	max.err	error counts
1	8021709	7925553.8	0	8021709
2	2004662	1981388.4	0	2004662
3	683653	495347.1	0	683653
4	178576	123836.8	0	178576
5	65740	30959.2	0	65740
6	45120	7739.8	0	45120
7	40263	1934.9	0	40263
8	41049	483.7	0	41049
9	47200	120.9	0	46728 472
10	34028	30.2	1	32223 1805
11	40599	7.6	1	38538 2061
12	54288	1.9	1	52204 2084
13	18530	0.5	1	17414 1116
14	35443	0.5	1	32941 2502
15	39065	0.5	1	35816 3249
16	30472	0.5	1	28513 1959
17	33829	0.5	1	31323 2506
18	31339	0.5	1	28994 2345
19	69585	0.5	1	64995 4590
20	17704	0.5	1	16213 1491
21	7550	0.5	1	6788 762
22	25301	0.5	1	23747 1554
23	28028	0.5	1	26060 1968
24	64051	0.5	1	59014 5037
25	15696	0.5	1	14224 1472
26	29850	0.5	1	27991 1859
27	64851	0.5	1	61884 2967
28	16195	0.5	1	15047 1148
29	25366	0.5	1	24285 1081
30	30339	0.5	1	28856 1483
31	8294	0.5	1	7653 641
32	31067	0.5	1	29510 1557
33	48374	0.5	1	46834 1540
34	36725	0.5	1	35493 1232
35	8971	0.5	1	8501 470
36	9710	0.5	1	9212 498
37	20352	0.5	1	19783 569
38	16785	0.5	1	16157 628
39	5880	0.5	1	5521 359
40	4913	0.5	1	4596 317
41	5543	0.5	1	5267 276
42	2441	0.5	1	2190 251
43	17036	0.5	1	16330 706
44	2126	0.5	1	1847 279
45	21875	0.5	1	21059 816
46	4158	0.5	1	3848 310
47	2714	0.5	1	2497 217
48	13007	0.5	1	12605 402
49	3586	0.5	1	3334 252
50	6762	0.5	1	6483 279
51	2514	0.5	1	2325 189
52	7132	0.5	1	6850 282
53	1126	0.5	1	976 150
54	3602	0.5	1	3385 217
55	8893	0.5	1	8552 341
56	2849	0.5	1	2663 186
57	4693	0.5	1	4486 207
58	9689	0.5	1	9365 324
59	3044	0.5	1	2850 194
60	1313	0.5	1	1190 123
61	3904	0.5	1	3699 205
62	8089	0.5	1	7804 285
63	836	0.5	1	713 123
64	4042	0.5	1	3871 171
65	1702	0.5	1	1575 127
66	1810	0.5	1	1658 152
67	4468	0.5	1	4299 169
68	2120	0.5	1	1955 165
69	1140	0.5	1	1013 127
70	2712	0.5	1	2571 141
71	1648	0.5	1	1506 142
72	1970	0.5	1	1854 116
73	2946	0.5	1	2775 171
74	3919	0.5	1	3750 169
75	3489	0.5	1	3367 122
76	786	0.5	1	727 59
77	699	0.5	1	627 72
78	1327	0.5	1	1235 92
79	1817	0.5	1	1716 101
80	2101	0.5	1	1994 107
81	2006	0.5	1	1894 112
82	1931	0.5	1	1823 108
83	1914	0.5	1	1805 109
84	1880	0.5	1	1796 84
85	1809	0.5	1	1700 109
86	1666	0.5	1	1570 96
87	1684	0.5	1	1591 93
88	1516	0.5	1	1417 99
89	1433	0.5	1	1338 95
90	1370	0.5	1	1283 87
91	1205	0.5	1	1120 85
92	1175	0.5	1	1091 84
93	1158	0.5	1	1084 74
94	1017	0.5	1	946 71
95	1031	0.5	1	957 74
96	978	0.5	1	904 74
97	859	0.5	1	797 62
98	880	0.5	1	813 67
99	771	0.5	1	701 70
100	728	0.5	1	668 60
101	662	0.5	1	615 47
102	632	0.5	1	575 57
103	590	0.5	1	538 52
104	513	0.5	1	460 53
105	466	0.5	1	420 46
106	464	0.5	1	415 49
107	393	0.5	1	340 53
108	385	0.5	1	332 53
109	353	0.5	1	303 50
110	281	0.5	1	239 42
111	246	0.5	1	222 24
112	266	0.5	1	222 44
113	225	0.5	1	182 43
114	187	0.5	1	144 43
115	172	0.5	1	135 37
116	160	0.5	1	114 46
117	173	0.5	1	131 42
118	131	0.5	1	101 30
119	128	0.5	1	98 30
120	110	0.5	1	83 27
121	96	0.5	1	72 24
122	93	0.5	1	67 26
123	87	0.5	1	65 22
124	72	0.5	1	47 25
125	93	0.5	1	63 30
126	83	0.5	1	55 28
127	56	0.5	1	40 16
128	57	0.5	1	43 14
129	63	0.5	1	47 16
130	47	0.5	1	34 13
131	45	0.5	1	35 10
132	42	0.5	1	27 15
133	37	0.5	1	21 16
134	46	0.5	1	21 25
135	37	0.5	1	19 18
136	20	0.5	1	10 10
137	46	0.5	1	33 13
138	27	0.5	1	13 14
139	30	0.5	1	17 13
140	21	0.5	1	11 10
141	28	0.5	1	15 13
142	21	0.5	1	8 13
143	17	0.5	1	6 11
144	15	0.5	1	9 6
145	27	0.5	1	16 11
146	20	0.5	1	12 8
147	22	0.5	1	12 10
148	20	0.5	1	4 16
149	11	0.5	1	7 4
150	10	0.5	1	7 3
151	224	0.5	1	182 42

RUN STATISTICS FOR INPUT FILE: 21161-57-08012024_165948_H4k16ac_CHIP_Y2KD/21161D-57-01_S151_L003_R2_001.fastq.gz
=============================================
31702215 sequences processed in total
The length threshold of paired-end sequences gets evaluated later on (in the validation step)

Validate paired-end files 21161D-57-01_S151_L003_R1_001_trimmed.fq.gz and 21161D-57-01_S151_L003_R2_001_trimmed.fq.gz
file_1: 21161D-57-01_S151_L003_R1_001_trimmed.fq.gz, file_2: 21161D-57-01_S151_L003_R2_001_trimmed.fq.gz


>>>>> Now validing the length of the 2 paired-end infiles: 21161D-57-01_S151_L003_R1_001_trimmed.fq.gz and 21161D-57-01_S151_L003_R2_001_trimmed.fq.gz <<<<<
Writing validated paired-end Read 1 reads to 21161D-57-01_S151_L003_R1_001_val_1.fq.gz
Writing validated paired-end Read 2 reads to 21161D-57-01_S151_L003_R2_001_val_2.fq.gz

Total number of sequences analysed: 31702215

Number of sequence pairs removed because at least one read was shorter than the length cutoff (20 bp): 23476 (0.07%)

Deleting both intermediate output files 21161D-57-01_S151_L003_R1_001_trimmed.fq.gz and 21161D-57-01_S151_L003_R2_001_trimmed.fq.gz

====================================================================================================

Could not locate a HISAT2 index corresponding to basename "genome_index"
Error: Encountered internal HISAT2 exception (#1)
Command: /software/hisat2/2.1.0/bin/hisat2-align-s --wrapper basic-0 -p 16 -x genome_index -S alignmentresults/21161D-57-01_S151_L003.sam -1 /tmp/2182383.inpipe1 -2 /tmp/2182383.inpipe2 
(ERR): hisat2-align exited with value 1
Hello world!
trimming 21161D-57-01_S151_L003_R1_001.fastq.gz and 21161D-57-01_S151_L003_R2_001.fastq.gz
running HISAT2 alignment now
Traceback (most recent call last):
  File "endtoend.py", line 175, in <module>
    main()
  File "endtoend.py", line 165, in main
    runhisat2(r1path, r2path, alignmentresults, threads = 16)
  File "endtoend.py", line 95, in runhisat2
    subprocess.check_call(cmd)
  File "/software/miniconda3/bioinformatics-miniconda3/cutadapt_4.2/lib/python3.8/subprocess.py", line 364, in check_call
    raise CalledProcessError(retcode, cmd)
subprocess.CalledProcessError: Command '['hisat2', '-p', '16', '-x', 'genome_index', '-1', '21161-57-08012024_165948_H4k16ac_CHIP_Y2KD/21161D-57-01_S151_L003_R1_001.fastq.gz', '-2', '21161-57-08012024_165948_H4k16ac_CHIP_Y2KD/21161D-57-01_S151_L003_R2_001.fastq.gz', '-S', 'alignmentresults/21161D-57-01_S151_L003.sam']' returned non-zero exit status 1.
