normalization: CPM
bamFilesList: ['/gpfs/projects/b1042/LauberthLab/BenFolder/fastqchip_macs3_results/merged_bams/input_0hr.bam']
binLength: 10
numberOfSamples: None
blackListFileName: None
skipZeroOverZero: False
bed_and_bin: False
genomeChunkSize: None
defaultFragmentLength: read length
numberOfProcessors: 8
verbose: False
region: None
bedFile: None
minMappingQuality: None
ignoreDuplicates: False
chrsToSkip: []
stepSize: 10
center_read: False
samFlag_include: None
samFlag_exclude: None
minFragmentLength: 0
maxFragmentLength: 0
zerosToNans: False
smoothLength: None
save_data: False
out_file_for_raw_data: None
maxPairedFragmentLength: 1000
normalization: CPM
bamFilesList: ['/gpfs/projects/b1042/LauberthLab/BenFolder/fastqchip_macs3_results/merged_bams/input_16hr_TNF.bam']
binLength: 10
numberOfSamples: None
blackListFileName: None
skipZeroOverZero: False
bed_and_bin: False
genomeChunkSize: None
defaultFragmentLength: read length
numberOfProcessors: 8
verbose: False
region: None
bedFile: None
minMappingQuality: None
ignoreDuplicates: False
chrsToSkip: []
stepSize: 10
center_read: False
samFlag_include: None
samFlag_exclude: None
minFragmentLength: 0
maxFragmentLength: 0
zerosToNans: False
smoothLength: None
save_data: False
out_file_for_raw_data: None
maxPairedFragmentLength: 1000
normalization: CPM
bamFilesList: ['/gpfs/projects/b1042/LauberthLab/BenFolder/fastqchip_macs3_results/merged_bams/H3K4me1_0hr.bam']
binLength: 10
numberOfSamples: None
blackListFileName: None
skipZeroOverZero: False
bed_and_bin: False
genomeChunkSize: None
defaultFragmentLength: read length
numberOfProcessors: 8
verbose: False
region: None
bedFile: None
minMappingQuality: None
ignoreDuplicates: False
chrsToSkip: []
stepSize: 10
center_read: False
samFlag_include: None
samFlag_exclude: None
minFragmentLength: 0
maxFragmentLength: 0
zerosToNans: False
smoothLength: None
save_data: False
out_file_for_raw_data: None
maxPairedFragmentLength: 1000
normalization: CPM
bamFilesList: ['/gpfs/projects/b1042/LauberthLab/BenFolder/fastqchip_macs3_results/merged_bams/H3K4me1_16hr_TNF.bam']
binLength: 10
numberOfSamples: None
blackListFileName: None
skipZeroOverZero: False
bed_and_bin: False
genomeChunkSize: None
defaultFragmentLength: read length
numberOfProcessors: 8
verbose: False
region: None
bedFile: None
minMappingQuality: None
ignoreDuplicates: False
chrsToSkip: []
stepSize: 10
center_read: False
samFlag_include: None
samFlag_exclude: None
minFragmentLength: 0
maxFragmentLength: 0
zerosToNans: False
smoothLength: None
save_data: False
out_file_for_raw_data: None
maxPairedFragmentLength: 1000
normalization: CPM
bamFilesList: ['/gpfs/projects/b1042/LauberthLab/BenFolder/fastqchip_macs3_results/merged_bams/H3K27ac_0hr.bam']
binLength: 10
numberOfSamples: None
blackListFileName: None
skipZeroOverZero: False
bed_and_bin: False
genomeChunkSize: None
defaultFragmentLength: read length
numberOfProcessors: 8
verbose: False
region: None
bedFile: None
minMappingQuality: None
ignoreDuplicates: False
chrsToSkip: []
stepSize: 10
center_read: False
samFlag_include: None
samFlag_exclude: None
minFragmentLength: 0
maxFragmentLength: 0
zerosToNans: False
smoothLength: None
save_data: False
out_file_for_raw_data: None
maxPairedFragmentLength: 1000
normalization: CPM
bamFilesList: ['/gpfs/projects/b1042/LauberthLab/BenFolder/fastqchip_macs3_results/merged_bams/H3K27ac_16hr_TNF.bam']
binLength: 10
numberOfSamples: None
blackListFileName: None
skipZeroOverZero: False
bed_and_bin: False
genomeChunkSize: None
defaultFragmentLength: read length
numberOfProcessors: 8
verbose: False
region: None
bedFile: None
minMappingQuality: None
ignoreDuplicates: False
chrsToSkip: []
stepSize: 10
center_read: False
samFlag_include: None
samFlag_exclude: None
minFragmentLength: 0
maxFragmentLength: 0
zerosToNans: False
smoothLength: None
save_data: False
out_file_for_raw_data: None
maxPairedFragmentLength: 1000
normalization: CPM
bamFilesList: ['/gpfs/projects/b1042/LauberthLab/BenFolder/fastqchip_macs3_results/merged_bams/p53_0hr.bam']
binLength: 10
numberOfSamples: None
blackListFileName: None
skipZeroOverZero: False
bed_and_bin: False
genomeChunkSize: None
defaultFragmentLength: read length
numberOfProcessors: 8
verbose: False
region: None
bedFile: None
minMappingQuality: None
ignoreDuplicates: False
chrsToSkip: []
stepSize: 10
center_read: False
samFlag_include: None
samFlag_exclude: None
minFragmentLength: 0
maxFragmentLength: 0
zerosToNans: False
smoothLength: None
save_data: False
out_file_for_raw_data: None
maxPairedFragmentLength: 1000
normalization: CPM
bamFilesList: ['/gpfs/projects/b1042/LauberthLab/BenFolder/fastqchip_macs3_results/merged_bams/p53_16hr_TNF.bam']
binLength: 10
numberOfSamples: None
blackListFileName: None
skipZeroOverZero: False
bed_and_bin: False
genomeChunkSize: None
defaultFragmentLength: read length
numberOfProcessors: 8
verbose: False
region: None
bedFile: None
minMappingQuality: None
ignoreDuplicates: False
chrsToSkip: []
stepSize: 10
center_read: False
samFlag_include: None
samFlag_exclude: None
minFragmentLength: 0
maxFragmentLength: 0
zerosToNans: False
smoothLength: None
save_data: False
out_file_for_raw_data: None
maxPairedFragmentLength: 1000
normalization: CPM
bamFilesList: ['/gpfs/projects/b1042/LauberthLab/BenFolder/fastqchip_macs3_results/merged_bams/p65_0hr.bam']
binLength: 10
numberOfSamples: None
blackListFileName: None
skipZeroOverZero: False
bed_and_bin: False
genomeChunkSize: None
defaultFragmentLength: read length
numberOfProcessors: 8
verbose: False
region: None
bedFile: None
minMappingQuality: None
ignoreDuplicates: False
chrsToSkip: []
stepSize: 10
center_read: False
samFlag_include: None
samFlag_exclude: None
minFragmentLength: 0
maxFragmentLength: 0
zerosToNans: False
smoothLength: None
save_data: False
out_file_for_raw_data: None
maxPairedFragmentLength: 1000
normalization: CPM
bamFilesList: ['/gpfs/projects/b1042/LauberthLab/BenFolder/fastqchip_macs3_results/merged_bams/p65_16hr_TNF.bam']
binLength: 10
numberOfSamples: None
blackListFileName: None
skipZeroOverZero: False
bed_and_bin: False
genomeChunkSize: None
defaultFragmentLength: read length
numberOfProcessors: 8
verbose: False
region: None
bedFile: None
minMappingQuality: None
ignoreDuplicates: False
chrsToSkip: []
stepSize: 10
center_read: False
samFlag_include: None
samFlag_exclude: None
minFragmentLength: 0
maxFragmentLength: 0
zerosToNans: False
smoothLength: None
save_data: False
out_file_for_raw_data: None
maxPairedFragmentLength: 1000
normalization: CPM
bamFilesList: ['/gpfs/projects/b1042/LauberthLab/BenFolder/fastqchip_macs3_results/merged_bams/RNAPII_16hr_TNF.bam']
binLength: 10
numberOfSamples: None
blackListFileName: None
skipZeroOverZero: False
bed_and_bin: False
genomeChunkSize: None
defaultFragmentLength: read length
numberOfProcessors: 8
verbose: False
region: None
bedFile: None
minMappingQuality: None
ignoreDuplicates: False
chrsToSkip: []
stepSize: 10
center_read: False
samFlag_include: None
samFlag_exclude: None
minFragmentLength: 0
maxFragmentLength: 0
zerosToNans: False
smoothLength: None
save_data: False
out_file_for_raw_data: None
maxPairedFragmentLength: 1000
INFO  @ 11 Aug 2026 21:14:36: [30 MB] 
# Command line: callpeak -t /gpfs/projects/b1042/LauberthLab/BenFolder/fastqchip_macs3_results/merged_bams/H3K4me1_0hr.bam -c /gpfs/projects/b1042/LauberthLab/BenFolder/fastqchip_macs3_results/merged_bams/input_0hr.bam -f BAM -g hs -n H3K4me1_0hr --outdir /gpfs/projects/b1042/LauberthLab/BenFolder/fastqchip_macs3_results/peaks/H3K4me1_0hr --broad --broad-cutoff 0.1
# ARGUMENTS LIST:
# name = H3K4me1_0hr
# format = BAM
# ChIP-seq file = ['/gpfs/projects/b1042/LauberthLab/BenFolder/fastqchip_macs3_results/merged_bams/H3K4me1_0hr.bam']
# control file = ['/gpfs/projects/b1042/LauberthLab/BenFolder/fastqchip_macs3_results/merged_bams/input_0hr.bam']
# effective genome size = 2.91e+09
# band width = 300
# model fold = [5, 50]
# qvalue cutoff for narrow/strong regions = 5.00e-02
# qvalue cutoff for broad/weak regions = 1.00e-01
# The maximum gap between significant sites is assigned as the read length/tag size.
# The minimum length of peaks is assigned as the predicted fragment length "d".
# Larger dataset will be scaled towards smaller dataset.
# Range for calculating regional lambda is: 1000 bps and 10000 bps
# Broad region calling is on
# Paired-End mode is off
 
INFO  @ 11 Aug 2026 21:14:36: [30 MB] #1 read tag files... 
INFO  @ 11 Aug 2026 21:14:36: [30 MB] #1 read treatment tags... 
INFO  @ 11 Aug 2026 21:14:37: [71 MB]  1000000 reads parsed 
INFO  @ 11 Aug 2026 21:14:39: [79 MB]  2000000 reads parsed 
INFO  @ 11 Aug 2026 21:14:41: [81 MB]  3000000 reads parsed 
INFO  @ 11 Aug 2026 21:14:42: [84 MB]  4000000 reads parsed 
INFO  @ 11 Aug 2026 21:14:44: [92 MB]  5000000 reads parsed 
INFO  @ 11 Aug 2026 21:14:46: [100 MB]  6000000 reads parsed 
INFO  @ 11 Aug 2026 21:14:47: [103 MB]  7000000 reads parsed 
INFO  @ 11 Aug 2026 21:14:49: [108 MB]  8000000 reads parsed 
INFO  @ 11 Aug 2026 21:14:50: [108 MB]  9000000 reads parsed 
INFO  @ 11 Aug 2026 21:14:52: [115 MB]  10000000 reads parsed 
INFO  @ 11 Aug 2026 21:14:54: [115 MB]  11000000 reads parsed 
INFO  @ 11 Aug 2026 21:14:55: [118 MB]  12000000 reads parsed 
INFO  @ 11 Aug 2026 21:14:57: [123 MB]  13000000 reads parsed 
INFO  @ 11 Aug 2026 21:14:59: [127 MB]  14000000 reads parsed 
INFO  @ 11 Aug 2026 21:15:00: [129 MB]  15000000 reads parsed 
INFO  @ 11 Aug 2026 21:15:02: [136 MB]  16000000 reads parsed 
INFO  @ 11 Aug 2026 21:15:04: [137 MB]  17000000 reads parsed 
INFO  @ 11 Aug 2026 21:15:05: [144 MB]  18000000 reads parsed 
INFO  @ 11 Aug 2026 21:15:07: [148 MB]  19000000 reads parsed 
INFO  @ 11 Aug 2026 21:15:08: [148 MB]  20000000 reads parsed 
INFO  @ 11 Aug 2026 21:15:10: [160 MB]  21000000 reads parsed 
INFO  @ 11 Aug 2026 21:15:12: [160 MB]  22000000 reads parsed 
INFO  @ 11 Aug 2026 21:15:13: [170 MB]  23000000 reads parsed 
INFO  @ 11 Aug 2026 21:15:15: [170 MB]  24000000 reads parsed 
INFO  @ 11 Aug 2026 21:15:17: [176 MB]  25000000 reads parsed 
INFO  @ 11 Aug 2026 21:15:18: [176 MB]  26000000 reads parsed 
INFO  @ 11 Aug 2026 21:15:20: [186 MB]  27000000 reads parsed 
INFO  @ 11 Aug 2026 21:15:21: [187 MB]  28000000 reads parsed 
INFO  @ 11 Aug 2026 21:15:23: [187 MB]  29000000 reads parsed 
INFO  @ 11 Aug 2026 21:15:25: [199 MB]  30000000 reads parsed 
INFO  @ 11 Aug 2026 21:15:26: [199 MB]  31000000 reads parsed 
INFO  @ 11 Aug 2026 21:15:28: [199 MB]  32000000 reads parsed 
INFO  @ 11 Aug 2026 21:15:29: [201 MB]  33000000 reads parsed 
INFO  @ 11 Aug 2026 21:15:31: [204 MB]  34000000 reads parsed 
INFO  @ 11 Aug 2026 21:15:33: [212 MB]  35000000 reads parsed 
INFO  @ 11 Aug 2026 21:15:34: [214 MB]  36000000 reads parsed 
INFO  @ 11 Aug 2026 21:15:36: [222 MB]  37000000 reads parsed 
INFO  @ 11 Aug 2026 21:15:38: [222 MB]  38000000 reads parsed 
INFO  @ 11 Aug 2026 21:15:39: [225 MB]  39000000 reads parsed 
INFO  @ 11 Aug 2026 21:15:41: [231 MB]  40000000 reads parsed 
INFO  @ 11 Aug 2026 21:15:42: [236 MB]  41000000 reads parsed 
INFO  @ 11 Aug 2026 21:15:44: [240 MB]  42000000 reads parsed 
INFO  @ 11 Aug 2026 21:15:46: [244 MB]  43000000 reads parsed 
INFO  @ 11 Aug 2026 21:15:47: [283 MB]  44000000 reads parsed 
INFO  @ 11 Aug 2026 21:15:49: [417 MB]  45000000 reads parsed 
INFO  @ 11 Aug 2026 21:15:50: [426 MB] 45009804 reads have been read. 
INFO  @ 11 Aug 2026 21:15:50: [426 MB] #1.2 read input tags... 
INFO  @ 11 Aug 2026 21:15:52: [430 MB]  1000000 reads parsed 
INFO  @ 11 Aug 2026 21:15:53: [437 MB]  2000000 reads parsed 
INFO  @ 11 Aug 2026 21:15:55: [440 MB]  3000000 reads parsed 
INFO  @ 11 Aug 2026 21:15:57: [443 MB]  4000000 reads parsed 
INFO  @ 11 Aug 2026 21:15:58: [450 MB]  5000000 reads parsed 
INFO  @ 11 Aug 2026 21:16:00: [453 MB]  6000000 reads parsed 
INFO  @ 11 Aug 2026 21:16:02: [457 MB]  7000000 reads parsed 
INFO  @ 11 Aug 2026 21:16:03: [465 MB]  8000000 reads parsed 
INFO  @ 11 Aug 2026 21:16:05: [467 MB]  9000000 reads parsed 
INFO  @ 11 Aug 2026 21:16:07: [467 MB]  10000000 reads parsed 
INFO  @ 11 Aug 2026 21:16:08: [477 MB]  11000000 reads parsed 
INFO  @ 11 Aug 2026 21:16:10: [478 MB]  12000000 reads parsed 
INFO  @ 11 Aug 2026 21:16:12: [488 MB]  13000000 reads parsed 
INFO  @ 11 Aug 2026 21:16:14: [488 MB]  14000000 reads parsed 
INFO  @ 11 Aug 2026 21:16:15: [493 MB]  15000000 reads parsed 
INFO  @ 11 Aug 2026 21:16:17: [499 MB]  16000000 reads parsed 
INFO  @ 11 Aug 2026 21:16:19: [507 MB]  17000000 reads parsed 
INFO  @ 11 Aug 2026 21:16:20: [512 MB]  18000000 reads parsed 
INFO  @ 11 Aug 2026 21:16:22: [515 MB]  19000000 reads parsed 
INFO  @ 11 Aug 2026 21:16:23: [515 MB]  20000000 reads parsed 
INFO  @ 11 Aug 2026 21:16:25: [515 MB]  21000000 reads parsed 
INFO  @ 11 Aug 2026 21:16:27: [523 MB]  22000000 reads parsed 
INFO  @ 11 Aug 2026 21:16:28: [523 MB]  23000000 reads parsed 
INFO  @ 11 Aug 2026 21:16:30: [527 MB]  24000000 reads parsed 
INFO  @ 11 Aug 2026 21:16:32: [535 MB]  25000000 reads parsed 
INFO  @ 11 Aug 2026 21:16:33: [537 MB]  26000000 reads parsed 
INFO  @ 11 Aug 2026 21:16:35: [547 MB]  27000000 reads parsed 
INFO  @ 11 Aug 2026 21:16:37: [547 MB]  28000000 reads parsed 
INFO  @ 11 Aug 2026 21:16:38: [548 MB]  29000000 reads parsed 
INFO  @ 11 Aug 2026 21:16:40: [550 MB]  30000000 reads parsed 
INFO  @ 11 Aug 2026 21:16:42: [553 MB]  31000000 reads parsed 
INFO  @ 11 Aug 2026 21:16:43: [557 MB]  32000000 reads parsed 
INFO  @ 11 Aug 2026 21:16:45: [565 MB]  33000000 reads parsed 
INFO  @ 11 Aug 2026 21:16:47: [567 MB]  34000000 reads parsed 
INFO  @ 11 Aug 2026 21:16:49: [572 MB]  35000000 reads parsed 
INFO  @ 11 Aug 2026 21:16:50: [577 MB]  36000000 reads parsed 
INFO  @ 11 Aug 2026 21:16:52: [579 MB]  37000000 reads parsed 
INFO  @ 11 Aug 2026 21:16:54: [587 MB]  38000000 reads parsed 
INFO  @ 11 Aug 2026 21:16:55: [688 MB]  39000000 reads parsed 
INFO  @ 11 Aug 2026 21:16:57: [768 MB] 39604342 reads have been read. 
INFO  @ 11 Aug 2026 21:16:57: [768 MB] #1 tag size is determined as 50 bps 
INFO  @ 11 Aug 2026 21:16:57: [768 MB] #1 tag size = 50.0 
INFO  @ 11 Aug 2026 21:16:57: [768 MB] #1  total tags in treatment: 45009804 
INFO  @ 11 Aug 2026 21:16:57: [768 MB] #1 user defined the maximum tags... 
INFO  @ 11 Aug 2026 21:16:57: [768 MB] #1 filter out redundant tags at the same location and the same strand by allowing at most 1 tag(s) 
INFO  @ 11 Aug 2026 21:16:57: [1081 MB] #1  tags after filtering in treatment: 37268837 
INFO  @ 11 Aug 2026 21:16:57: [1081 MB] #1  Redundant rate of treatment: 0.17 
INFO  @ 11 Aug 2026 21:16:57: [1081 MB] #1  total tags in control: 39604342 
INFO  @ 11 Aug 2026 21:16:57: [1081 MB] #1 user defined the maximum tags... 
INFO  @ 11 Aug 2026 21:16:57: [1081 MB] #1 filter out redundant tags at the same location and the same strand by allowing at most 1 tag(s) 
INFO  @ 11 Aug 2026 21:16:57: [1411 MB] #1  tags after filtering in control: 37278594 
INFO  @ 11 Aug 2026 21:16:57: [1411 MB] #1  Redundant rate of control: 0.06 
INFO  @ 11 Aug 2026 21:16:57: [1411 MB] #1 finished! 
INFO  @ 11 Aug 2026 21:16:57: [1411 MB] #2 Build Peak Model... 
INFO  @ 11 Aug 2026 21:16:58: [1412 MB] #2 looking for paired plus/minus strand peaks... 
INFO  @ 11 Aug 2026 21:17:14: [1417 MB] #2 Total number of paired peaks: 48093 
INFO  @ 11 Aug 2026 21:17:15: [1417 MB] #2 Model building with cross-correlation: Done 
INFO  @ 11 Aug 2026 21:17:15: [1417 MB] #2 finished! 
INFO  @ 11 Aug 2026 21:17:15: [1417 MB] #2 predicted fragment length is 228 bps 
INFO  @ 11 Aug 2026 21:17:15: [1417 MB] #2 alternative fragment length(s) may be 228 bps 
INFO  @ 11 Aug 2026 21:17:15: [1417 MB] #2.2 Generate R script for model : /gpfs/projects/b1042/LauberthLab/BenFolder/fastqchip_macs3_results/peaks/H3K4me1_0hr/H3K4me1_0hr_model.r 
INFO  @ 11 Aug 2026 21:17:15: [1417 MB] #3 Call peaks... 
INFO  @ 11 Aug 2026 21:17:15: [1417 MB] #3 Call broad peaks with given level1 -log10qvalue cutoff and level2: 1.301030, 1.000000... 
INFO  @ 11 Aug 2026 21:17:15: [1417 MB] #3 Pre-compute pvalue-qvalue table... 
INFO  @ 11 Aug 2026 21:21:11: [2845 MB] #3 Call peaks for each chromosome... 
INFO  @ 11 Aug 2026 21:23:22: [2845 MB] #4 Write output xls file... /gpfs/projects/b1042/LauberthLab/BenFolder/fastqchip_macs3_results/peaks/H3K4me1_0hr/H3K4me1_0hr_peaks.xls 
INFO  @ 11 Aug 2026 21:23:22: [2845 MB] #4 Write broad peak in broadPeak format file... /gpfs/projects/b1042/LauberthLab/BenFolder/fastqchip_macs3_results/peaks/H3K4me1_0hr/H3K4me1_0hr_peaks.broadPeak 
INFO  @ 11 Aug 2026 21:23:22: [2845 MB] #4 Write broad peak in bed12/gappedPeak format file... /gpfs/projects/b1042/LauberthLab/BenFolder/fastqchip_macs3_results/peaks/H3K4me1_0hr/H3K4me1_0hr_peaks.gappedPeak 
INFO  @ 11 Aug 2026 21:23:23: [2845 MB] Done! 
INFO  @ 11 Aug 2026 21:23:23: [30 MB] 
# Command line: callpeak -t /gpfs/projects/b1042/LauberthLab/BenFolder/fastqchip_macs3_results/merged_bams/H3K4me1_16hr_TNF.bam -c /gpfs/projects/b1042/LauberthLab/BenFolder/fastqchip_macs3_results/merged_bams/input_16hr_TNF.bam -f BAM -g hs -n H3K4me1_16hr_TNF --outdir /gpfs/projects/b1042/LauberthLab/BenFolder/fastqchip_macs3_results/peaks/H3K4me1_16hr_TNF --broad --broad-cutoff 0.1
# ARGUMENTS LIST:
# name = H3K4me1_16hr_TNF
# format = BAM
# ChIP-seq file = ['/gpfs/projects/b1042/LauberthLab/BenFolder/fastqchip_macs3_results/merged_bams/H3K4me1_16hr_TNF.bam']
# control file = ['/gpfs/projects/b1042/LauberthLab/BenFolder/fastqchip_macs3_results/merged_bams/input_16hr_TNF.bam']
# effective genome size = 2.91e+09
# band width = 300
# model fold = [5, 50]
# qvalue cutoff for narrow/strong regions = 5.00e-02
# qvalue cutoff for broad/weak regions = 1.00e-01
# The maximum gap between significant sites is assigned as the read length/tag size.
# The minimum length of peaks is assigned as the predicted fragment length "d".
# Larger dataset will be scaled towards smaller dataset.
# Range for calculating regional lambda is: 1000 bps and 10000 bps
# Broad region calling is on
# Paired-End mode is off
 
INFO  @ 11 Aug 2026 21:23:23: [30 MB] #1 read tag files... 
INFO  @ 11 Aug 2026 21:23:23: [30 MB] #1 read treatment tags... 
INFO  @ 11 Aug 2026 21:23:25: [71 MB]  1000000 reads parsed 
INFO  @ 11 Aug 2026 21:23:26: [78 MB]  2000000 reads parsed 
INFO  @ 11 Aug 2026 21:23:28: [81 MB]  3000000 reads parsed 
INFO  @ 11 Aug 2026 21:23:30: [83 MB]  4000000 reads parsed 
INFO  @ 11 Aug 2026 21:23:31: [92 MB]  5000000 reads parsed 
INFO  @ 11 Aug 2026 21:23:33: [95 MB]  6000000 reads parsed 
INFO  @ 11 Aug 2026 21:23:34: [101 MB]  7000000 reads parsed 
INFO  @ 11 Aug 2026 21:23:36: [105 MB]  8000000 reads parsed 
INFO  @ 11 Aug 2026 21:23:37: [109 MB]  9000000 reads parsed 
INFO  @ 11 Aug 2026 21:23:39: [113 MB]  10000000 reads parsed 
INFO  @ 11 Aug 2026 21:23:41: [115 MB]  11000000 reads parsed 
INFO  @ 11 Aug 2026 21:23:42: [119 MB]  12000000 reads parsed 
INFO  @ 11 Aug 2026 21:23:44: [125 MB]  13000000 reads parsed 
INFO  @ 11 Aug 2026 21:23:45: [133 MB]  14000000 reads parsed 
INFO  @ 11 Aug 2026 21:23:47: [133 MB]  15000000 reads parsed 
INFO  @ 11 Aug 2026 21:23:48: [140 MB]  16000000 reads parsed 
INFO  @ 11 Aug 2026 21:23:50: [144 MB]  17000000 reads parsed 
INFO  @ 11 Aug 2026 21:23:52: [155 MB]  18000000 reads parsed 
INFO  @ 11 Aug 2026 21:23:53: [157 MB]  19000000 reads parsed 
INFO  @ 11 Aug 2026 21:23:55: [157 MB]  20000000 reads parsed 
INFO  @ 11 Aug 2026 21:23:56: [157 MB]  21000000 reads parsed 
INFO  @ 11 Aug 2026 21:23:58: [162 MB]  22000000 reads parsed 
INFO  @ 11 Aug 2026 21:23:59: [162 MB]  23000000 reads parsed 
INFO  @ 11 Aug 2026 21:24:01: [174 MB]  24000000 reads parsed 
INFO  @ 11 Aug 2026 21:24:03: [174 MB]  25000000 reads parsed 
INFO  @ 11 Aug 2026 21:24:04: [184 MB]  26000000 reads parsed 
INFO  @ 11 Aug 2026 21:24:06: [186 MB]  27000000 reads parsed 
INFO  @ 11 Aug 2026 21:24:07: [186 MB]  28000000 reads parsed 
INFO  @ 11 Aug 2026 21:24:09: [195 MB]  29000000 reads parsed 
INFO  @ 11 Aug 2026 21:24:11: [195 MB]  30000000 reads parsed 
INFO  @ 11 Aug 2026 21:24:12: [195 MB]  31000000 reads parsed 
INFO  @ 11 Aug 2026 21:24:14: [197 MB]  32000000 reads parsed 
INFO  @ 11 Aug 2026 21:24:15: [201 MB]  33000000 reads parsed 
INFO  @ 11 Aug 2026 21:24:17: [208 MB]  34000000 reads parsed 
INFO  @ 11 Aug 2026 21:24:18: [213 MB]  35000000 reads parsed 
INFO  @ 11 Aug 2026 21:24:20: [216 MB]  36000000 reads parsed 
INFO  @ 11 Aug 2026 21:24:22: [217 MB]  37000000 reads parsed 
INFO  @ 11 Aug 2026 21:24:23: [222 MB]  38000000 reads parsed 
INFO  @ 11 Aug 2026 21:24:25: [224 MB]  39000000 reads parsed 
INFO  @ 11 Aug 2026 21:24:26: [234 MB]  40000000 reads parsed 
INFO  @ 11 Aug 2026 21:24:28: [234 MB]  41000000 reads parsed 
INFO  @ 11 Aug 2026 21:24:29: [237 MB]  42000000 reads parsed 
INFO  @ 11 Aug 2026 21:24:31: [270 MB]  43000000 reads parsed 
INFO  @ 11 Aug 2026 21:24:33: [372 MB]  44000000 reads parsed 
INFO  @ 11 Aug 2026 21:24:33: [425 MB] 44142287 reads have been read. 
INFO  @ 11 Aug 2026 21:24:34: [425 MB] #1.2 read input tags... 
INFO  @ 11 Aug 2026 21:24:35: [430 MB]  1000000 reads parsed 
INFO  @ 11 Aug 2026 21:24:37: [437 MB]  2000000 reads parsed 
INFO  @ 11 Aug 2026 21:24:39: [439 MB]  3000000 reads parsed 
INFO  @ 11 Aug 2026 21:24:40: [446 MB]  4000000 reads parsed 
INFO  @ 11 Aug 2026 21:24:42: [448 MB]  5000000 reads parsed 
INFO  @ 11 Aug 2026 21:24:44: [451 MB]  6000000 reads parsed 
INFO  @ 11 Aug 2026 21:24:45: [458 MB]  7000000 reads parsed 
INFO  @ 11 Aug 2026 21:24:47: [462 MB]  8000000 reads parsed 
INFO  @ 11 Aug 2026 21:24:49: [466 MB]  9000000 reads parsed 
INFO  @ 11 Aug 2026 21:24:50: [468 MB]  10000000 reads parsed 
INFO  @ 11 Aug 2026 21:24:52: [474 MB]  11000000 reads parsed 
INFO  @ 11 Aug 2026 21:24:54: [478 MB]  12000000 reads parsed 
INFO  @ 11 Aug 2026 21:24:55: [480 MB]  13000000 reads parsed 
INFO  @ 11 Aug 2026 21:24:57: [487 MB]  14000000 reads parsed 
INFO  @ 11 Aug 2026 21:24:58: [492 MB]  15000000 reads parsed 
INFO  @ 11 Aug 2026 21:25:00: [494 MB]  16000000 reads parsed 
INFO  @ 11 Aug 2026 21:25:02: [497 MB]  17000000 reads parsed 
INFO  @ 11 Aug 2026 21:25:03: [500 MB]  18000000 reads parsed 
INFO  @ 11 Aug 2026 21:25:05: [505 MB]  19000000 reads parsed 
INFO  @ 11 Aug 2026 21:25:07: [509 MB]  20000000 reads parsed 
INFO  @ 11 Aug 2026 21:25:08: [513 MB]  21000000 reads parsed 
INFO  @ 11 Aug 2026 21:25:10: [519 MB]  22000000 reads parsed 
INFO  @ 11 Aug 2026 21:25:12: [522 MB]  23000000 reads parsed 
INFO  @ 11 Aug 2026 21:25:13: [524 MB]  24000000 reads parsed 
INFO  @ 11 Aug 2026 21:25:15: [529 MB]  25000000 reads parsed 
INFO  @ 11 Aug 2026 21:25:17: [535 MB]  26000000 reads parsed 
INFO  @ 11 Aug 2026 21:25:18: [538 MB]  27000000 reads parsed 
INFO  @ 11 Aug 2026 21:25:20: [543 MB]  28000000 reads parsed 
INFO  @ 11 Aug 2026 21:25:22: [547 MB]  29000000 reads parsed 
INFO  @ 11 Aug 2026 21:25:23: [551 MB]  30000000 reads parsed 
INFO  @ 11 Aug 2026 21:25:25: [555 MB]  31000000 reads parsed 
INFO  @ 11 Aug 2026 21:25:27: [557 MB]  32000000 reads parsed 
INFO  @ 11 Aug 2026 21:25:28: [563 MB]  33000000 reads parsed 
INFO  @ 11 Aug 2026 21:25:30: [650 MB]  34000000 reads parsed 
INFO  @ 11 Aug 2026 21:25:32: [744 MB] 34607397 reads have been read. 
INFO  @ 11 Aug 2026 21:25:32: [744 MB] #1 tag size is determined as 50 bps 
INFO  @ 11 Aug 2026 21:25:32: [744 MB] #1 tag size = 50.0 
INFO  @ 11 Aug 2026 21:25:32: [744 MB] #1  total tags in treatment: 44142287 
INFO  @ 11 Aug 2026 21:25:32: [744 MB] #1 user defined the maximum tags... 
INFO  @ 11 Aug 2026 21:25:32: [744 MB] #1 filter out redundant tags at the same location and the same strand by allowing at most 1 tag(s) 
INFO  @ 11 Aug 2026 21:25:33: [1063 MB] #1  tags after filtering in treatment: 32137305 
INFO  @ 11 Aug 2026 21:25:33: [1063 MB] #1  Redundant rate of treatment: 0.27 
INFO  @ 11 Aug 2026 21:25:33: [1063 MB] #1  total tags in control: 34607397 
INFO  @ 11 Aug 2026 21:25:33: [1063 MB] #1 user defined the maximum tags... 
INFO  @ 11 Aug 2026 21:25:33: [1063 MB] #1 filter out redundant tags at the same location and the same strand by allowing at most 1 tag(s) 
INFO  @ 11 Aug 2026 21:25:33: [1399 MB] #1  tags after filtering in control: 32036838 
INFO  @ 11 Aug 2026 21:25:33: [1399 MB] #1  Redundant rate of control: 0.07 
INFO  @ 11 Aug 2026 21:25:33: [1399 MB] #1 finished! 
INFO  @ 11 Aug 2026 21:25:33: [1399 MB] #2 Build Peak Model... 
INFO  @ 11 Aug 2026 21:25:33: [1399 MB] #2 looking for paired plus/minus strand peaks... 
INFO  @ 11 Aug 2026 21:25:48: [1403 MB] #2 Total number of paired peaks: 23552 
INFO  @ 11 Aug 2026 21:25:49: [1404 MB] #2 Model building with cross-correlation: Done 
INFO  @ 11 Aug 2026 21:25:49: [1404 MB] #2 finished! 
INFO  @ 11 Aug 2026 21:25:49: [1404 MB] #2 predicted fragment length is 175 bps 
INFO  @ 11 Aug 2026 21:25:49: [1404 MB] #2 alternative fragment length(s) may be 175 bps 
INFO  @ 11 Aug 2026 21:25:49: [1404 MB] #2.2 Generate R script for model : /gpfs/projects/b1042/LauberthLab/BenFolder/fastqchip_macs3_results/peaks/H3K4me1_16hr_TNF/H3K4me1_16hr_TNF_model.r 
INFO  @ 11 Aug 2026 21:25:49: [1404 MB] #3 Call peaks... 
INFO  @ 11 Aug 2026 21:25:49: [1404 MB] #3 Call broad peaks with given level1 -log10qvalue cutoff and level2: 1.301030, 1.000000... 
INFO  @ 11 Aug 2026 21:25:49: [1404 MB] #3 Pre-compute pvalue-qvalue table... 
INFO  @ 11 Aug 2026 21:29:09: [2626 MB] #3 Call peaks for each chromosome... 
INFO  @ 11 Aug 2026 21:30:53: [2626 MB] #4 Write output xls file... /gpfs/projects/b1042/LauberthLab/BenFolder/fastqchip_macs3_results/peaks/H3K4me1_16hr_TNF/H3K4me1_16hr_TNF_peaks.xls 
INFO  @ 11 Aug 2026 21:30:54: [2626 MB] #4 Write broad peak in broadPeak format file... /gpfs/projects/b1042/LauberthLab/BenFolder/fastqchip_macs3_results/peaks/H3K4me1_16hr_TNF/H3K4me1_16hr_TNF_peaks.broadPeak 
INFO  @ 11 Aug 2026 21:30:54: [2626 MB] #4 Write broad peak in bed12/gappedPeak format file... /gpfs/projects/b1042/LauberthLab/BenFolder/fastqchip_macs3_results/peaks/H3K4me1_16hr_TNF/H3K4me1_16hr_TNF_peaks.gappedPeak 
INFO  @ 11 Aug 2026 21:30:54: [2626 MB] Done! 
INFO  @ 11 Aug 2026 21:30:54: [31 MB] 
# Command line: callpeak -t /gpfs/projects/b1042/LauberthLab/BenFolder/fastqchip_macs3_results/merged_bams/H3K27ac_0hr.bam -c /gpfs/projects/b1042/LauberthLab/BenFolder/fastqchip_macs3_results/merged_bams/input_0hr.bam -f BAM -g hs -n H3K27ac_0hr --outdir /gpfs/projects/b1042/LauberthLab/BenFolder/fastqchip_macs3_results/peaks/H3K27ac_0hr --broad --broad-cutoff 0.1
# ARGUMENTS LIST:
# name = H3K27ac_0hr
# format = BAM
# ChIP-seq file = ['/gpfs/projects/b1042/LauberthLab/BenFolder/fastqchip_macs3_results/merged_bams/H3K27ac_0hr.bam']
# control file = ['/gpfs/projects/b1042/LauberthLab/BenFolder/fastqchip_macs3_results/merged_bams/input_0hr.bam']
# effective genome size = 2.91e+09
# band width = 300
# model fold = [5, 50]
# qvalue cutoff for narrow/strong regions = 5.00e-02
# qvalue cutoff for broad/weak regions = 1.00e-01
# The maximum gap between significant sites is assigned as the read length/tag size.
# The minimum length of peaks is assigned as the predicted fragment length "d".
# Larger dataset will be scaled towards smaller dataset.
# Range for calculating regional lambda is: 1000 bps and 10000 bps
# Broad region calling is on
# Paired-End mode is off
 
INFO  @ 11 Aug 2026 21:30:54: [31 MB] #1 read tag files... 
INFO  @ 11 Aug 2026 21:30:54: [31 MB] #1 read treatment tags... 
INFO  @ 11 Aug 2026 21:30:56: [70 MB]  1000000 reads parsed 
INFO  @ 11 Aug 2026 21:30:57: [75 MB]  2000000 reads parsed 
INFO  @ 11 Aug 2026 21:30:59: [81 MB]  3000000 reads parsed 
INFO  @ 11 Aug 2026 21:31:01: [84 MB]  4000000 reads parsed 
INFO  @ 11 Aug 2026 21:31:02: [91 MB]  5000000 reads parsed 
INFO  @ 11 Aug 2026 21:31:04: [95 MB]  6000000 reads parsed 
INFO  @ 11 Aug 2026 21:31:05: [97 MB]  7000000 reads parsed 
INFO  @ 11 Aug 2026 21:31:07: [104 MB]  8000000 reads parsed 
INFO  @ 11 Aug 2026 21:31:08: [106 MB]  9000000 reads parsed 
INFO  @ 11 Aug 2026 21:31:10: [110 MB]  10000000 reads parsed 
INFO  @ 11 Aug 2026 21:31:12: [120 MB]  11000000 reads parsed 
INFO  @ 11 Aug 2026 21:31:13: [120 MB]  12000000 reads parsed 
INFO  @ 11 Aug 2026 21:31:15: [120 MB]  13000000 reads parsed 
INFO  @ 11 Aug 2026 21:31:16: [130 MB]  14000000 reads parsed 
INFO  @ 11 Aug 2026 21:31:18: [135 MB]  15000000 reads parsed 
INFO  @ 11 Aug 2026 21:31:20: [136 MB]  16000000 reads parsed 
INFO  @ 11 Aug 2026 21:31:21: [136 MB]  17000000 reads parsed 
INFO  @ 11 Aug 2026 21:31:23: [141 MB]  18000000 reads parsed 
INFO  @ 11 Aug 2026 21:31:24: [145 MB]  19000000 reads parsed 
INFO  @ 11 Aug 2026 21:31:26: [150 MB]  20000000 reads parsed 
INFO  @ 11 Aug 2026 21:31:27: [158 MB]  21000000 reads parsed 
INFO  @ 11 Aug 2026 21:31:29: [158 MB]  22000000 reads parsed 
INFO  @ 11 Aug 2026 21:31:31: [166 MB]  23000000 reads parsed 
INFO  @ 11 Aug 2026 21:31:32: [171 MB]  24000000 reads parsed 
INFO  @ 11 Aug 2026 21:31:34: [171 MB]  25000000 reads parsed 
INFO  @ 11 Aug 2026 21:31:35: [178 MB]  26000000 reads parsed 
INFO  @ 11 Aug 2026 21:31:37: [184 MB]  27000000 reads parsed 
INFO  @ 11 Aug 2026 21:31:39: [185 MB]  28000000 reads parsed 
INFO  @ 11 Aug 2026 21:31:40: [189 MB]  29000000 reads parsed 
INFO  @ 11 Aug 2026 21:31:42: [191 MB]  30000000 reads parsed 
INFO  @ 11 Aug 2026 21:31:43: [198 MB]  31000000 reads parsed 
INFO  @ 11 Aug 2026 21:31:45: [198 MB]  32000000 reads parsed 
INFO  @ 11 Aug 2026 21:31:46: [204 MB]  33000000 reads parsed 
INFO  @ 11 Aug 2026 21:31:48: [212 MB]  34000000 reads parsed 
INFO  @ 11 Aug 2026 21:31:50: [212 MB]  35000000 reads parsed 
INFO  @ 11 Aug 2026 21:31:51: [224 MB]  36000000 reads parsed 
INFO  @ 11 Aug 2026 21:31:53: [226 MB]  37000000 reads parsed 
INFO  @ 11 Aug 2026 21:31:55: [226 MB]  38000000 reads parsed 
INFO  @ 11 Aug 2026 21:31:56: [236 MB]  39000000 reads parsed 
INFO  @ 11 Aug 2026 21:31:58: [243 MB]  40000000 reads parsed 
INFO  @ 11 Aug 2026 21:32:00: [245 MB]  41000000 reads parsed 
INFO  @ 11 Aug 2026 21:32:01: [245 MB]  42000000 reads parsed 
INFO  @ 11 Aug 2026 21:32:03: [249 MB]  43000000 reads parsed 
INFO  @ 11 Aug 2026 21:32:04: [261 MB]  44000000 reads parsed 
INFO  @ 11 Aug 2026 21:32:06: [261 MB]  45000000 reads parsed 
INFO  @ 11 Aug 2026 21:32:08: [261 MB]  46000000 reads parsed 
INFO  @ 11 Aug 2026 21:32:09: [261 MB]  47000000 reads parsed 
INFO  @ 11 Aug 2026 21:32:11: [262 MB]  48000000 reads parsed 
INFO  @ 11 Aug 2026 21:32:13: [264 MB]  49000000 reads parsed 
INFO  @ 11 Aug 2026 21:32:14: [266 MB]  50000000 reads parsed 
INFO  @ 11 Aug 2026 21:32:16: [271 MB]  51000000 reads parsed 
INFO  @ 11 Aug 2026 21:32:18: [278 MB]  52000000 reads parsed 
INFO  @ 11 Aug 2026 21:32:19: [280 MB]  53000000 reads parsed 
INFO  @ 11 Aug 2026 21:32:21: [287 MB]  54000000 reads parsed 
INFO  @ 11 Aug 2026 21:32:23: [293 MB]  55000000 reads parsed 
INFO  @ 11 Aug 2026 21:32:24: [298 MB]  56000000 reads parsed 
INFO  @ 11 Aug 2026 21:32:26: [298 MB]  57000000 reads parsed 
INFO  @ 11 Aug 2026 21:32:28: [304 MB]  58000000 reads parsed 
INFO  @ 11 Aug 2026 21:32:29: [307 MB]  59000000 reads parsed 
INFO  @ 11 Aug 2026 21:32:31: [313 MB]  60000000 reads parsed 
INFO  @ 11 Aug 2026 21:32:32: [320 MB]  61000000 reads parsed 
INFO  @ 11 Aug 2026 21:32:34: [322 MB]  62000000 reads parsed 
INFO  @ 11 Aug 2026 21:32:36: [323 MB]  63000000 reads parsed 
INFO  @ 11 Aug 2026 21:32:37: [328 MB]  64000000 reads parsed 
INFO  @ 11 Aug 2026 21:32:39: [334 MB]  65000000 reads parsed 
INFO  @ 11 Aug 2026 21:32:41: [356 MB]  66000000 reads parsed 
INFO  @ 11 Aug 2026 21:32:42: [405 MB]  67000000 reads parsed 
INFO  @ 11 Aug 2026 21:32:45: [519 MB] 67993903 reads have been read. 
INFO  @ 11 Aug 2026 21:32:45: [519 MB] #1.2 read input tags... 
INFO  @ 11 Aug 2026 21:32:47: [524 MB]  1000000 reads parsed 
INFO  @ 11 Aug 2026 21:32:49: [533 MB]  2000000 reads parsed 
INFO  @ 11 Aug 2026 21:32:50: [535 MB]  3000000 reads parsed 
INFO  @ 11 Aug 2026 21:32:52: [537 MB]  4000000 reads parsed 
INFO  @ 11 Aug 2026 21:32:54: [544 MB]  5000000 reads parsed 
INFO  @ 11 Aug 2026 21:32:56: [547 MB]  6000000 reads parsed 
INFO  @ 11 Aug 2026 21:32:57: [549 MB]  7000000 reads parsed 
INFO  @ 11 Aug 2026 21:32:59: [558 MB]  8000000 reads parsed 
INFO  @ 11 Aug 2026 21:33:01: [558 MB]  9000000 reads parsed 
INFO  @ 11 Aug 2026 21:33:02: [562 MB]  10000000 reads parsed 
INFO  @ 11 Aug 2026 21:33:04: [569 MB]  11000000 reads parsed 
INFO  @ 11 Aug 2026 21:33:06: [571 MB]  12000000 reads parsed 
INFO  @ 11 Aug 2026 21:33:08: [581 MB]  13000000 reads parsed 
INFO  @ 11 Aug 2026 21:33:09: [582 MB]  14000000 reads parsed 
INFO  @ 11 Aug 2026 21:33:11: [587 MB]  15000000 reads parsed 
INFO  @ 11 Aug 2026 21:33:13: [593 MB]  16000000 reads parsed 
INFO  @ 11 Aug 2026 21:33:14: [601 MB]  17000000 reads parsed 
INFO  @ 11 Aug 2026 21:33:16: [606 MB]  18000000 reads parsed 
INFO  @ 11 Aug 2026 21:33:18: [606 MB]  19000000 reads parsed 
INFO  @ 11 Aug 2026 21:33:19: [608 MB]  20000000 reads parsed 
INFO  @ 11 Aug 2026 21:33:21: [608 MB]  21000000 reads parsed 
INFO  @ 11 Aug 2026 21:33:23: [615 MB]  22000000 reads parsed 
INFO  @ 11 Aug 2026 21:33:25: [615 MB]  23000000 reads parsed 
INFO  @ 11 Aug 2026 21:33:26: [619 MB]  24000000 reads parsed 
INFO  @ 11 Aug 2026 21:33:28: [630 MB]  25000000 reads parsed 
INFO  @ 11 Aug 2026 21:33:30: [631 MB]  26000000 reads parsed 
INFO  @ 11 Aug 2026 21:33:32: [638 MB]  27000000 reads parsed 
INFO  @ 11 Aug 2026 21:33:33: [638 MB]  28000000 reads parsed 
INFO  @ 11 Aug 2026 21:33:35: [643 MB]  29000000 reads parsed 
INFO  @ 11 Aug 2026 21:33:37: [643 MB]  30000000 reads parsed 
INFO  @ 11 Aug 2026 21:33:39: [648 MB]  31000000 reads parsed 
INFO  @ 11 Aug 2026 21:33:40: [652 MB]  32000000 reads parsed 
INFO  @ 11 Aug 2026 21:33:42: [659 MB]  33000000 reads parsed 
INFO  @ 11 Aug 2026 21:33:44: [662 MB]  34000000 reads parsed 
INFO  @ 11 Aug 2026 21:33:46: [665 MB]  35000000 reads parsed 
INFO  @ 11 Aug 2026 21:33:47: [670 MB]  36000000 reads parsed 
INFO  @ 11 Aug 2026 21:33:49: [674 MB]  37000000 reads parsed 
INFO  @ 11 Aug 2026 21:33:51: [679 MB]  38000000 reads parsed 
INFO  @ 11 Aug 2026 21:33:53: [782 MB]  39000000 reads parsed 
INFO  @ 11 Aug 2026 21:33:54: [861 MB] 39604342 reads have been read. 
INFO  @ 11 Aug 2026 21:33:54: [861 MB] #1 tag size is determined as 50 bps 
INFO  @ 11 Aug 2026 21:33:54: [861 MB] #1 tag size = 50.0 
INFO  @ 11 Aug 2026 21:33:54: [861 MB] #1  total tags in treatment: 67993903 
INFO  @ 11 Aug 2026 21:33:54: [861 MB] #1 user defined the maximum tags... 
INFO  @ 11 Aug 2026 21:33:54: [861 MB] #1 filter out redundant tags at the same location and the same strand by allowing at most 1 tag(s) 
INFO  @ 11 Aug 2026 21:33:55: [1187 MB] #1  tags after filtering in treatment: 51970810 
INFO  @ 11 Aug 2026 21:33:55: [1187 MB] #1  Redundant rate of treatment: 0.24 
INFO  @ 11 Aug 2026 21:33:55: [1187 MB] #1  total tags in control: 39604342 
INFO  @ 11 Aug 2026 21:33:55: [1187 MB] #1 user defined the maximum tags... 
INFO  @ 11 Aug 2026 21:33:55: [1187 MB] #1 filter out redundant tags at the same location and the same strand by allowing at most 1 tag(s) 
INFO  @ 11 Aug 2026 21:33:55: [1516 MB] #1  tags after filtering in control: 37278594 
INFO  @ 11 Aug 2026 21:33:55: [1516 MB] #1  Redundant rate of control: 0.06 
INFO  @ 11 Aug 2026 21:33:55: [1516 MB] #1 finished! 
INFO  @ 11 Aug 2026 21:33:55: [1516 MB] #2 Build Peak Model... 
INFO  @ 11 Aug 2026 21:33:55: [1516 MB] #2 looking for paired plus/minus strand peaks... 
INFO  @ 11 Aug 2026 21:34:19: [1524 MB] #2 Total number of paired peaks: 27899 
INFO  @ 11 Aug 2026 21:34:20: [1524 MB] #2 Model building with cross-correlation: Done 
INFO  @ 11 Aug 2026 21:34:20: [1524 MB] #2 finished! 
INFO  @ 11 Aug 2026 21:34:20: [1524 MB] #2 predicted fragment length is 179 bps 
INFO  @ 11 Aug 2026 21:34:20: [1524 MB] #2 alternative fragment length(s) may be 179 bps 
INFO  @ 11 Aug 2026 21:34:20: [1524 MB] #2.2 Generate R script for model : /gpfs/projects/b1042/LauberthLab/BenFolder/fastqchip_macs3_results/peaks/H3K27ac_0hr/H3K27ac_0hr_model.r 
INFO  @ 11 Aug 2026 21:34:20: [1524 MB] #3 Call peaks... 
INFO  @ 11 Aug 2026 21:34:20: [1524 MB] #3 Call broad peaks with given level1 -log10qvalue cutoff and level2: 1.301030, 1.000000... 
INFO  @ 11 Aug 2026 21:34:20: [1524 MB] #3 Pre-compute pvalue-qvalue table... 
INFO  @ 11 Aug 2026 21:38:26: [2991 MB] #3 Call peaks for each chromosome... 
INFO  @ 11 Aug 2026 21:40:43: [2991 MB] #4 Write output xls file... /gpfs/projects/b1042/LauberthLab/BenFolder/fastqchip_macs3_results/peaks/H3K27ac_0hr/H3K27ac_0hr_peaks.xls 
INFO  @ 11 Aug 2026 21:40:43: [2991 MB] #4 Write broad peak in broadPeak format file... /gpfs/projects/b1042/LauberthLab/BenFolder/fastqchip_macs3_results/peaks/H3K27ac_0hr/H3K27ac_0hr_peaks.broadPeak 
INFO  @ 11 Aug 2026 21:40:44: [2991 MB] #4 Write broad peak in bed12/gappedPeak format file... /gpfs/projects/b1042/LauberthLab/BenFolder/fastqchip_macs3_results/peaks/H3K27ac_0hr/H3K27ac_0hr_peaks.gappedPeak 
INFO  @ 11 Aug 2026 21:40:44: [2991 MB] Done! 
INFO  @ 11 Aug 2026 21:40:46: [30 MB] 
# Command line: callpeak -t /gpfs/projects/b1042/LauberthLab/BenFolder/fastqchip_macs3_results/merged_bams/H3K27ac_16hr_TNF.bam -c /gpfs/projects/b1042/LauberthLab/BenFolder/fastqchip_macs3_results/merged_bams/input_16hr_TNF.bam -f BAM -g hs -n H3K27ac_16hr_TNF --outdir /gpfs/projects/b1042/LauberthLab/BenFolder/fastqchip_macs3_results/peaks/H3K27ac_16hr_TNF --broad --broad-cutoff 0.1
# ARGUMENTS LIST:
# name = H3K27ac_16hr_TNF
# format = BAM
# ChIP-seq file = ['/gpfs/projects/b1042/LauberthLab/BenFolder/fastqchip_macs3_results/merged_bams/H3K27ac_16hr_TNF.bam']
# control file = ['/gpfs/projects/b1042/LauberthLab/BenFolder/fastqchip_macs3_results/merged_bams/input_16hr_TNF.bam']
# effective genome size = 2.91e+09
# band width = 300
# model fold = [5, 50]
# qvalue cutoff for narrow/strong regions = 5.00e-02
# qvalue cutoff for broad/weak regions = 1.00e-01
# The maximum gap between significant sites is assigned as the read length/tag size.
# The minimum length of peaks is assigned as the predicted fragment length "d".
# Larger dataset will be scaled towards smaller dataset.
# Range for calculating regional lambda is: 1000 bps and 10000 bps
# Broad region calling is on
# Paired-End mode is off
 
INFO  @ 11 Aug 2026 21:40:46: [30 MB] #1 read tag files... 
INFO  @ 11 Aug 2026 21:40:46: [30 MB] #1 read treatment tags... 
INFO  @ 11 Aug 2026 21:40:47: [71 MB]  1000000 reads parsed 
INFO  @ 11 Aug 2026 21:40:49: [75 MB]  2000000 reads parsed 
INFO  @ 11 Aug 2026 21:40:50: [81 MB]  3000000 reads parsed 
INFO  @ 11 Aug 2026 21:40:52: [87 MB]  4000000 reads parsed 
INFO  @ 11 Aug 2026 21:40:53: [92 MB]  5000000 reads parsed 
INFO  @ 11 Aug 2026 21:40:55: [100 MB]  6000000 reads parsed 
INFO  @ 11 Aug 2026 21:40:56: [103 MB]  7000000 reads parsed 
INFO  @ 11 Aug 2026 21:40:58: [105 MB]  8000000 reads parsed 
INFO  @ 11 Aug 2026 21:40:59: [107 MB]  9000000 reads parsed 
INFO  @ 11 Aug 2026 21:41:01: [110 MB]  10000000 reads parsed 
INFO  @ 11 Aug 2026 21:41:02: [114 MB]  11000000 reads parsed 
INFO  @ 11 Aug 2026 21:41:04: [120 MB]  12000000 reads parsed 
INFO  @ 11 Aug 2026 21:41:05: [122 MB]  13000000 reads parsed 
INFO  @ 11 Aug 2026 21:41:07: [130 MB]  14000000 reads parsed 
INFO  @ 11 Aug 2026 21:41:08: [133 MB]  15000000 reads parsed 
INFO  @ 11 Aug 2026 21:41:10: [135 MB]  16000000 reads parsed 
INFO  @ 11 Aug 2026 21:41:11: [145 MB]  17000000 reads parsed 
INFO  @ 11 Aug 2026 21:41:13: [145 MB]  18000000 reads parsed 
INFO  @ 11 Aug 2026 21:41:14: [145 MB]  19000000 reads parsed 
INFO  @ 11 Aug 2026 21:41:16: [154 MB]  20000000 reads parsed 
INFO  @ 11 Aug 2026 21:41:17: [155 MB]  21000000 reads parsed 
INFO  @ 11 Aug 2026 21:41:19: [161 MB]  22000000 reads parsed 
INFO  @ 11 Aug 2026 21:41:20: [166 MB]  23000000 reads parsed 
INFO  @ 11 Aug 2026 21:41:22: [170 MB]  24000000 reads parsed 
INFO  @ 11 Aug 2026 21:41:23: [177 MB]  25000000 reads parsed 
INFO  @ 11 Aug 2026 21:41:25: [177 MB]  26000000 reads parsed 
INFO  @ 11 Aug 2026 21:41:26: [183 MB]  27000000 reads parsed 
INFO  @ 11 Aug 2026 21:41:28: [185 MB]  28000000 reads parsed 
INFO  @ 11 Aug 2026 21:41:29: [187 MB]  29000000 reads parsed 
INFO  @ 11 Aug 2026 21:41:31: [193 MB]  30000000 reads parsed 
INFO  @ 11 Aug 2026 21:41:32: [199 MB]  31000000 reads parsed 
INFO  @ 11 Aug 2026 21:41:34: [201 MB]  32000000 reads parsed 
INFO  @ 11 Aug 2026 21:41:35: [203 MB]  33000000 reads parsed 
INFO  @ 11 Aug 2026 21:41:37: [208 MB]  34000000 reads parsed 
INFO  @ 11 Aug 2026 21:41:38: [222 MB]  35000000 reads parsed 
INFO  @ 11 Aug 2026 21:41:41: [391 MB] 35979942 reads have been read. 
INFO  @ 11 Aug 2026 21:41:41: [391 MB] #1.2 read input tags... 
INFO  @ 11 Aug 2026 21:41:43: [396 MB]  1000000 reads parsed 
INFO  @ 11 Aug 2026 21:41:45: [403 MB]  2000000 reads parsed 
INFO  @ 11 Aug 2026 21:41:47: [405 MB]  3000000 reads parsed 
INFO  @ 11 Aug 2026 21:41:48: [412 MB]  4000000 reads parsed 
INFO  @ 11 Aug 2026 21:41:50: [414 MB]  5000000 reads parsed 
INFO  @ 11 Aug 2026 21:41:52: [417 MB]  6000000 reads parsed 
INFO  @ 11 Aug 2026 21:41:53: [423 MB]  7000000 reads parsed 
INFO  @ 11 Aug 2026 21:41:55: [428 MB]  8000000 reads parsed 
INFO  @ 11 Aug 2026 21:41:57: [432 MB]  9000000 reads parsed 
INFO  @ 11 Aug 2026 21:41:58: [434 MB]  10000000 reads parsed 
INFO  @ 11 Aug 2026 21:42:00: [438 MB]  11000000 reads parsed 
INFO  @ 11 Aug 2026 21:42:02: [444 MB]  12000000 reads parsed 
INFO  @ 11 Aug 2026 21:42:03: [446 MB]  13000000 reads parsed 
INFO  @ 11 Aug 2026 21:42:05: [453 MB]  14000000 reads parsed 
INFO  @ 11 Aug 2026 21:42:07: [457 MB]  15000000 reads parsed 
INFO  @ 11 Aug 2026 21:42:09: [461 MB]  16000000 reads parsed 
INFO  @ 11 Aug 2026 21:42:10: [462 MB]  17000000 reads parsed 
INFO  @ 11 Aug 2026 21:42:12: [465 MB]  18000000 reads parsed 
INFO  @ 11 Aug 2026 21:42:14: [471 MB]  19000000 reads parsed 
INFO  @ 11 Aug 2026 21:42:15: [474 MB]  20000000 reads parsed 
INFO  @ 11 Aug 2026 21:42:17: [479 MB]  21000000 reads parsed 
INFO  @ 11 Aug 2026 21:42:19: [485 MB]  22000000 reads parsed 
INFO  @ 11 Aug 2026 21:42:20: [488 MB]  23000000 reads parsed 
INFO  @ 11 Aug 2026 21:42:22: [490 MB]  24000000 reads parsed 
INFO  @ 11 Aug 2026 21:42:24: [495 MB]  25000000 reads parsed 
INFO  @ 11 Aug 2026 21:42:26: [502 MB]  26000000 reads parsed 
INFO  @ 11 Aug 2026 21:42:27: [504 MB]  27000000 reads parsed 
INFO  @ 11 Aug 2026 21:42:29: [509 MB]  28000000 reads parsed 
INFO  @ 11 Aug 2026 21:42:31: [513 MB]  29000000 reads parsed 
INFO  @ 11 Aug 2026 21:42:32: [517 MB]  30000000 reads parsed 
INFO  @ 11 Aug 2026 21:42:34: [523 MB]  31000000 reads parsed 
INFO  @ 11 Aug 2026 21:42:36: [524 MB]  32000000 reads parsed 
INFO  @ 11 Aug 2026 21:42:37: [529 MB]  33000000 reads parsed 
INFO  @ 11 Aug 2026 21:42:39: [616 MB]  34000000 reads parsed 
INFO  @ 11 Aug 2026 21:42:41: [711 MB] 34607397 reads have been read. 
INFO  @ 11 Aug 2026 21:42:41: [711 MB] #1 tag size is determined as 50 bps 
INFO  @ 11 Aug 2026 21:42:41: [711 MB] #1 tag size = 50.0 
INFO  @ 11 Aug 2026 21:42:41: [711 MB] #1  total tags in treatment: 35979942 
INFO  @ 11 Aug 2026 21:42:41: [711 MB] #1 user defined the maximum tags... 
INFO  @ 11 Aug 2026 21:42:41: [711 MB] #1 filter out redundant tags at the same location and the same strand by allowing at most 1 tag(s) 
INFO  @ 11 Aug 2026 21:42:42: [1027 MB] #1  tags after filtering in treatment: 7708419 
INFO  @ 11 Aug 2026 21:42:42: [1027 MB] #1  Redundant rate of treatment: 0.79 
INFO  @ 11 Aug 2026 21:42:42: [1027 MB] #1  total tags in control: 34607397 
INFO  @ 11 Aug 2026 21:42:42: [1027 MB] #1 user defined the maximum tags... 
INFO  @ 11 Aug 2026 21:42:42: [1027 MB] #1 filter out redundant tags at the same location and the same strand by allowing at most 1 tag(s) 
INFO  @ 11 Aug 2026 21:42:42: [1364 MB] #1  tags after filtering in control: 32036838 
INFO  @ 11 Aug 2026 21:42:42: [1364 MB] #1  Redundant rate of control: 0.07 
INFO  @ 11 Aug 2026 21:42:42: [1364 MB] #1 finished! 
INFO  @ 11 Aug 2026 21:42:42: [1364 MB] #2 Build Peak Model... 
INFO  @ 11 Aug 2026 21:42:42: [1364 MB] #2 looking for paired plus/minus strand peaks... 
INFO  @ 11 Aug 2026 21:42:45: [1370 MB] #2 Total number of paired peaks: 27598 
INFO  @ 11 Aug 2026 21:42:45: [1370 MB] #2 Model building with cross-correlation: Done 
INFO  @ 11 Aug 2026 21:42:45: [1370 MB] #2 finished! 
INFO  @ 11 Aug 2026 21:42:45: [1370 MB] #2 predicted fragment length is 153 bps 
INFO  @ 11 Aug 2026 21:42:45: [1370 MB] #2 alternative fragment length(s) may be 153 bps 
INFO  @ 11 Aug 2026 21:42:45: [1370 MB] #2.2 Generate R script for model : /gpfs/projects/b1042/LauberthLab/BenFolder/fastqchip_macs3_results/peaks/H3K27ac_16hr_TNF/H3K27ac_16hr_TNF_model.r 
INFO  @ 11 Aug 2026 21:42:45: [1370 MB] #3 Call peaks... 
INFO  @ 11 Aug 2026 21:42:45: [1370 MB] #3 Call broad peaks with given level1 -log10qvalue cutoff and level2: 1.301030, 1.000000... 
INFO  @ 11 Aug 2026 21:42:45: [1370 MB] #3 Pre-compute pvalue-qvalue table... 
INFO  @ 11 Aug 2026 21:45:37: [2293 MB] #3 Call peaks for each chromosome... 
INFO  @ 11 Aug 2026 21:46:30: [2293 MB] #4 Write output xls file... /gpfs/projects/b1042/LauberthLab/BenFolder/fastqchip_macs3_results/peaks/H3K27ac_16hr_TNF/H3K27ac_16hr_TNF_peaks.xls 
INFO  @ 11 Aug 2026 21:46:30: [2293 MB] #4 Write broad peak in broadPeak format file... /gpfs/projects/b1042/LauberthLab/BenFolder/fastqchip_macs3_results/peaks/H3K27ac_16hr_TNF/H3K27ac_16hr_TNF_peaks.broadPeak 
INFO  @ 11 Aug 2026 21:46:30: [2293 MB] #4 Write broad peak in bed12/gappedPeak format file... /gpfs/projects/b1042/LauberthLab/BenFolder/fastqchip_macs3_results/peaks/H3K27ac_16hr_TNF/H3K27ac_16hr_TNF_peaks.gappedPeak 
INFO  @ 11 Aug 2026 21:46:31: [2293 MB] Done! 
INFO  @ 11 Aug 2026 21:46:31: [30 MB] 
# Command line: callpeak -t /gpfs/projects/b1042/LauberthLab/BenFolder/fastqchip_macs3_results/merged_bams/p53_0hr.bam -c /gpfs/projects/b1042/LauberthLab/BenFolder/fastqchip_macs3_results/merged_bams/input_0hr.bam -f BAM -g hs -n p53_0hr --outdir /gpfs/projects/b1042/LauberthLab/BenFolder/fastqchip_macs3_results/peaks/p53_0hr -q 0.05
# ARGUMENTS LIST:
# name = p53_0hr
# format = BAM
# ChIP-seq file = ['/gpfs/projects/b1042/LauberthLab/BenFolder/fastqchip_macs3_results/merged_bams/p53_0hr.bam']
# control file = ['/gpfs/projects/b1042/LauberthLab/BenFolder/fastqchip_macs3_results/merged_bams/input_0hr.bam']
# effective genome size = 2.91e+09
# band width = 300
# model fold = [5, 50]
# qvalue cutoff = 5.00e-02
# The maximum gap between significant sites is assigned as the read length/tag size.
# The minimum length of peaks is assigned as the predicted fragment length "d".
# Larger dataset will be scaled towards smaller dataset.
# Range for calculating regional lambda is: 1000 bps and 10000 bps
# Broad region calling is off
# Paired-End mode is off
 
INFO  @ 11 Aug 2026 21:46:31: [30 MB] #1 read tag files... 
INFO  @ 11 Aug 2026 21:46:31: [30 MB] #1 read treatment tags... 
INFO  @ 11 Aug 2026 21:46:33: [71 MB]  1000000 reads parsed 
INFO  @ 11 Aug 2026 21:46:34: [79 MB]  2000000 reads parsed 
INFO  @ 11 Aug 2026 21:46:36: [81 MB]  3000000 reads parsed 
INFO  @ 11 Aug 2026 21:46:38: [88 MB]  4000000 reads parsed 
INFO  @ 11 Aug 2026 21:46:39: [89 MB]  5000000 reads parsed 
INFO  @ 11 Aug 2026 21:46:41: [95 MB]  6000000 reads parsed 
INFO  @ 11 Aug 2026 21:46:43: [99 MB]  7000000 reads parsed 
INFO  @ 11 Aug 2026 21:46:44: [107 MB]  8000000 reads parsed 
INFO  @ 11 Aug 2026 21:46:46: [108 MB]  9000000 reads parsed 
INFO  @ 11 Aug 2026 21:46:48: [110 MB]  10000000 reads parsed 
INFO  @ 11 Aug 2026 21:46:49: [118 MB]  11000000 reads parsed 
INFO  @ 11 Aug 2026 21:46:51: [122 MB]  12000000 reads parsed 
INFO  @ 11 Aug 2026 21:46:53: [127 MB]  13000000 reads parsed 
INFO  @ 11 Aug 2026 21:46:54: [127 MB]  14000000 reads parsed 
INFO  @ 11 Aug 2026 21:46:56: [138 MB]  15000000 reads parsed 
INFO  @ 11 Aug 2026 21:46:57: [141 MB]  16000000 reads parsed 
INFO  @ 11 Aug 2026 21:46:59: [141 MB]  17000000 reads parsed 
INFO  @ 11 Aug 2026 21:47:01: [148 MB]  18000000 reads parsed 
INFO  @ 11 Aug 2026 21:47:02: [154 MB]  19000000 reads parsed 
INFO  @ 11 Aug 2026 21:47:04: [158 MB]  20000000 reads parsed 
INFO  @ 11 Aug 2026 21:47:06: [170 MB]  21000000 reads parsed 
INFO  @ 11 Aug 2026 21:47:07: [173 MB]  22000000 reads parsed 
INFO  @ 11 Aug 2026 21:47:09: [174 MB]  23000000 reads parsed 
INFO  @ 11 Aug 2026 21:47:11: [179 MB]  24000000 reads parsed 
INFO  @ 11 Aug 2026 21:47:12: [179 MB]  25000000 reads parsed 
INFO  @ 11 Aug 2026 21:47:14: [186 MB]  26000000 reads parsed 
INFO  @ 11 Aug 2026 21:47:15: [187 MB]  27000000 reads parsed 
INFO  @ 11 Aug 2026 21:47:17: [192 MB]  28000000 reads parsed 
INFO  @ 11 Aug 2026 21:47:19: [198 MB]  29000000 reads parsed 
INFO  @ 11 Aug 2026 21:47:21: [198 MB]  30000000 reads parsed 
INFO  @ 11 Aug 2026 21:47:22: [204 MB]  31000000 reads parsed 
INFO  @ 11 Aug 2026 21:47:24: [208 MB]  32000000 reads parsed 
INFO  @ 11 Aug 2026 21:47:25: [214 MB]  33000000 reads parsed 
INFO  @ 11 Aug 2026 21:47:27: [219 MB]  34000000 reads parsed 
INFO  @ 11 Aug 2026 21:47:29: [219 MB]  35000000 reads parsed 
INFO  @ 11 Aug 2026 21:47:30: [219 MB]  36000000 reads parsed 
INFO  @ 11 Aug 2026 21:47:32: [225 MB]  37000000 reads parsed 
INFO  @ 11 Aug 2026 21:47:34: [227 MB]  38000000 reads parsed 
INFO  @ 11 Aug 2026 21:47:35: [230 MB]  39000000 reads parsed 
INFO  @ 11 Aug 2026 21:47:37: [236 MB]  40000000 reads parsed 
INFO  @ 11 Aug 2026 21:47:39: [241 MB]  41000000 reads parsed 
INFO  @ 11 Aug 2026 21:47:40: [245 MB]  42000000 reads parsed 
INFO  @ 11 Aug 2026 21:47:42: [246 MB]  43000000 reads parsed 
INFO  @ 11 Aug 2026 21:47:44: [253 MB]  44000000 reads parsed 
INFO  @ 11 Aug 2026 21:47:45: [258 MB]  45000000 reads parsed 
INFO  @ 11 Aug 2026 21:47:47: [258 MB]  46000000 reads parsed 
INFO  @ 11 Aug 2026 21:47:49: [262 MB]  47000000 reads parsed 
INFO  @ 11 Aug 2026 21:47:50: [271 MB]  48000000 reads parsed 
INFO  @ 11 Aug 2026 21:47:52: [288 MB]  49000000 reads parsed 
INFO  @ 11 Aug 2026 21:47:54: [392 MB]  50000000 reads parsed 
INFO  @ 11 Aug 2026 21:47:55: [451 MB] 50366875 reads have been read. 
INFO  @ 11 Aug 2026 21:47:55: [451 MB] #1.2 read input tags... 
INFO  @ 11 Aug 2026 21:47:57: [456 MB]  1000000 reads parsed 
INFO  @ 11 Aug 2026 21:47:59: [462 MB]  2000000 reads parsed 
INFO  @ 11 Aug 2026 21:48:01: [465 MB]  3000000 reads parsed 
INFO  @ 11 Aug 2026 21:48:02: [468 MB]  4000000 reads parsed 
INFO  @ 11 Aug 2026 21:48:04: [476 MB]  5000000 reads parsed 
INFO  @ 11 Aug 2026 21:48:06: [479 MB]  6000000 reads parsed 
INFO  @ 11 Aug 2026 21:48:07: [483 MB]  7000000 reads parsed 
INFO  @ 11 Aug 2026 21:48:09: [490 MB]  8000000 reads parsed 
INFO  @ 11 Aug 2026 21:48:11: [490 MB]  9000000 reads parsed 
INFO  @ 11 Aug 2026 21:48:13: [494 MB]  10000000 reads parsed 
INFO  @ 11 Aug 2026 21:48:14: [503 MB]  11000000 reads parsed 
INFO  @ 11 Aug 2026 21:48:16: [503 MB]  12000000 reads parsed 
INFO  @ 11 Aug 2026 21:48:18: [513 MB]  13000000 reads parsed 
INFO  @ 11 Aug 2026 21:48:20: [514 MB]  14000000 reads parsed 
INFO  @ 11 Aug 2026 21:48:21: [519 MB]  15000000 reads parsed 
INFO  @ 11 Aug 2026 21:48:23: [525 MB]  16000000 reads parsed 
INFO  @ 11 Aug 2026 21:48:25: [532 MB]  17000000 reads parsed 
INFO  @ 11 Aug 2026 21:48:27: [538 MB]  18000000 reads parsed 
INFO  @ 11 Aug 2026 21:48:28: [538 MB]  19000000 reads parsed 
INFO  @ 11 Aug 2026 21:48:30: [540 MB]  20000000 reads parsed 
INFO  @ 11 Aug 2026 21:48:32: [540 MB]  21000000 reads parsed 
INFO  @ 11 Aug 2026 21:48:33: [547 MB]  22000000 reads parsed 
INFO  @ 11 Aug 2026 21:48:35: [547 MB]  23000000 reads parsed 
INFO  @ 11 Aug 2026 21:48:37: [551 MB]  24000000 reads parsed 
INFO  @ 11 Aug 2026 21:48:39: [561 MB]  25000000 reads parsed 
INFO  @ 11 Aug 2026 21:48:40: [563 MB]  26000000 reads parsed 
INFO  @ 11 Aug 2026 21:48:42: [570 MB]  27000000 reads parsed 
INFO  @ 11 Aug 2026 21:48:44: [570 MB]  28000000 reads parsed 
INFO  @ 11 Aug 2026 21:48:45: [575 MB]  29000000 reads parsed 
INFO  @ 11 Aug 2026 21:48:47: [575 MB]  30000000 reads parsed 
INFO  @ 11 Aug 2026 21:48:49: [580 MB]  31000000 reads parsed 
INFO  @ 11 Aug 2026 21:48:51: [584 MB]  32000000 reads parsed 
INFO  @ 11 Aug 2026 21:48:52: [590 MB]  33000000 reads parsed 
INFO  @ 11 Aug 2026 21:48:54: [594 MB]  34000000 reads parsed 
INFO  @ 11 Aug 2026 21:48:56: [597 MB]  35000000 reads parsed 
INFO  @ 11 Aug 2026 21:48:58: [602 MB]  36000000 reads parsed 
INFO  @ 11 Aug 2026 21:48:59: [606 MB]  37000000 reads parsed 
INFO  @ 11 Aug 2026 21:49:01: [613 MB]  38000000 reads parsed 
INFO  @ 11 Aug 2026 21:49:03: [712 MB]  39000000 reads parsed 
INFO  @ 11 Aug 2026 21:49:04: [793 MB] 39604342 reads have been read. 
INFO  @ 11 Aug 2026 21:49:05: [793 MB] #1 tag size is determined as 50 bps 
INFO  @ 11 Aug 2026 21:49:05: [793 MB] #1 tag size = 50.0 
INFO  @ 11 Aug 2026 21:49:05: [793 MB] #1  total tags in treatment: 50366875 
INFO  @ 11 Aug 2026 21:49:05: [793 MB] #1 user defined the maximum tags... 
INFO  @ 11 Aug 2026 21:49:05: [793 MB] #1 filter out redundant tags at the same location and the same strand by allowing at most 1 tag(s) 
INFO  @ 11 Aug 2026 21:49:05: [1105 MB] #1  tags after filtering in treatment: 31815274 
INFO  @ 11 Aug 2026 21:49:05: [1105 MB] #1  Redundant rate of treatment: 0.37 
INFO  @ 11 Aug 2026 21:49:05: [1105 MB] #1  total tags in control: 39604342 
INFO  @ 11 Aug 2026 21:49:05: [1105 MB] #1 user defined the maximum tags... 
INFO  @ 11 Aug 2026 21:49:05: [1105 MB] #1 filter out redundant tags at the same location and the same strand by allowing at most 1 tag(s) 
INFO  @ 11 Aug 2026 21:49:05: [1436 MB] #1  tags after filtering in control: 37278594 
INFO  @ 11 Aug 2026 21:49:05: [1436 MB] #1  Redundant rate of control: 0.06 
INFO  @ 11 Aug 2026 21:49:05: [1436 MB] #1 finished! 
INFO  @ 11 Aug 2026 21:49:05: [1436 MB] #2 Build Peak Model... 
INFO  @ 11 Aug 2026 21:49:05: [1436 MB] #2 looking for paired plus/minus strand peaks... 
INFO  @ 11 Aug 2026 21:49:19: [1440 MB] #2 Total number of paired peaks: 52220 
INFO  @ 11 Aug 2026 21:49:20: [1441 MB] #2 Model building with cross-correlation: Done 
INFO  @ 11 Aug 2026 21:49:20: [1441 MB] #2 finished! 
INFO  @ 11 Aug 2026 21:49:20: [1441 MB] #2 predicted fragment length is 235 bps 
INFO  @ 11 Aug 2026 21:49:20: [1441 MB] #2 alternative fragment length(s) may be 235 bps 
INFO  @ 11 Aug 2026 21:49:20: [1441 MB] #2.2 Generate R script for model : /gpfs/projects/b1042/LauberthLab/BenFolder/fastqchip_macs3_results/peaks/p53_0hr/p53_0hr_model.r 
INFO  @ 11 Aug 2026 21:49:20: [1441 MB] #3 Call peaks... 
INFO  @ 11 Aug 2026 21:49:20: [1441 MB] #3 Pre-compute pvalue-qvalue table... 
INFO  @ 11 Aug 2026 21:53:09: [2843 MB] #3 Call peaks for each chromosome... 
INFO  @ 11 Aug 2026 21:54:24: [2843 MB] #4 Write output xls file... /gpfs/projects/b1042/LauberthLab/BenFolder/fastqchip_macs3_results/peaks/p53_0hr/p53_0hr_peaks.xls 
INFO  @ 11 Aug 2026 21:54:25: [2843 MB] #4 Write peak in narrowPeak format file... /gpfs/projects/b1042/LauberthLab/BenFolder/fastqchip_macs3_results/peaks/p53_0hr/p53_0hr_peaks.narrowPeak 
INFO  @ 11 Aug 2026 21:54:25: [2843 MB] #4 Write summits bed file... /gpfs/projects/b1042/LauberthLab/BenFolder/fastqchip_macs3_results/peaks/p53_0hr/p53_0hr_summits.bed 
INFO  @ 11 Aug 2026 21:54:25: [2843 MB] Done! 
INFO  @ 11 Aug 2026 21:54:26: [32 MB] 
# Command line: callpeak -t /gpfs/projects/b1042/LauberthLab/BenFolder/fastqchip_macs3_results/merged_bams/p53_16hr_TNF.bam -c /gpfs/projects/b1042/LauberthLab/BenFolder/fastqchip_macs3_results/merged_bams/input_16hr_TNF.bam -f BAM -g hs -n p53_16hr_TNF --outdir /gpfs/projects/b1042/LauberthLab/BenFolder/fastqchip_macs3_results/peaks/p53_16hr_TNF -q 0.05
# ARGUMENTS LIST:
# name = p53_16hr_TNF
# format = BAM
# ChIP-seq file = ['/gpfs/projects/b1042/LauberthLab/BenFolder/fastqchip_macs3_results/merged_bams/p53_16hr_TNF.bam']
# control file = ['/gpfs/projects/b1042/LauberthLab/BenFolder/fastqchip_macs3_results/merged_bams/input_16hr_TNF.bam']
# effective genome size = 2.91e+09
# band width = 300
# model fold = [5, 50]
# qvalue cutoff = 5.00e-02
# The maximum gap between significant sites is assigned as the read length/tag size.
# The minimum length of peaks is assigned as the predicted fragment length "d".
# Larger dataset will be scaled towards smaller dataset.
# Range for calculating regional lambda is: 1000 bps and 10000 bps
# Broad region calling is off
# Paired-End mode is off
 
INFO  @ 11 Aug 2026 21:54:26: [32 MB] #1 read tag files... 
INFO  @ 11 Aug 2026 21:54:26: [32 MB] #1 read treatment tags... 
INFO  @ 11 Aug 2026 21:54:27: [71 MB]  1000000 reads parsed 
INFO  @ 11 Aug 2026 21:54:29: [74 MB]  2000000 reads parsed 
INFO  @ 11 Aug 2026 21:54:30: [81 MB]  3000000 reads parsed 
INFO  @ 11 Aug 2026 21:54:32: [89 MB]  4000000 reads parsed 
INFO  @ 11 Aug 2026 21:54:33: [97 MB]  5000000 reads parsed 
INFO  @ 11 Aug 2026 21:54:35: [97 MB]  6000000 reads parsed 
INFO  @ 11 Aug 2026 21:54:36: [101 MB]  7000000 reads parsed 
INFO  @ 11 Aug 2026 21:54:38: [107 MB]  8000000 reads parsed 
INFO  @ 11 Aug 2026 21:54:39: [115 MB]  9000000 reads parsed 
INFO  @ 11 Aug 2026 21:54:41: [126 MB]  10000000 reads parsed 
INFO  @ 11 Aug 2026 21:54:42: [130 MB]  11000000 reads parsed 
INFO  @ 11 Aug 2026 21:54:44: [131 MB]  12000000 reads parsed 
INFO  @ 11 Aug 2026 21:54:45: [131 MB]  13000000 reads parsed 
INFO  @ 11 Aug 2026 21:54:47: [138 MB]  14000000 reads parsed 
INFO  @ 11 Aug 2026 21:54:48: [143 MB]  15000000 reads parsed 
INFO  @ 11 Aug 2026 21:54:49: [143 MB]  16000000 reads parsed 
INFO  @ 11 Aug 2026 21:54:51: [143 MB]  17000000 reads parsed 
INFO  @ 11 Aug 2026 21:54:52: [153 MB]  18000000 reads parsed 
INFO  @ 11 Aug 2026 21:54:54: [153 MB]  19000000 reads parsed 
INFO  @ 11 Aug 2026 21:54:55: [153 MB]  20000000 reads parsed 
INFO  @ 11 Aug 2026 21:54:57: [168 MB]  21000000 reads parsed 
INFO  @ 11 Aug 2026 21:54:58: [172 MB]  22000000 reads parsed 
INFO  @ 11 Aug 2026 21:55:00: [172 MB]  23000000 reads parsed 
INFO  @ 11 Aug 2026 21:55:01: [172 MB]  24000000 reads parsed 
INFO  @ 11 Aug 2026 21:55:03: [188 MB]  25000000 reads parsed 
INFO  @ 11 Aug 2026 21:55:04: [188 MB]  26000000 reads parsed 
INFO  @ 11 Aug 2026 21:55:06: [188 MB]  27000000 reads parsed 
INFO  @ 11 Aug 2026 21:55:07: [206 MB]  28000000 reads parsed 
INFO  @ 11 Aug 2026 21:55:09: [208 MB]  29000000 reads parsed 
INFO  @ 11 Aug 2026 21:55:10: [212 MB]  30000000 reads parsed 
INFO  @ 11 Aug 2026 21:55:11: [214 MB]  31000000 reads parsed 
INFO  @ 11 Aug 2026 21:55:13: [214 MB]  32000000 reads parsed 
INFO  @ 11 Aug 2026 21:55:14: [228 MB]  33000000 reads parsed 
INFO  @ 11 Aug 2026 21:55:16: [228 MB]  34000000 reads parsed 
INFO  @ 11 Aug 2026 21:55:17: [228 MB]  35000000 reads parsed 
INFO  @ 11 Aug 2026 21:55:19: [243 MB]  36000000 reads parsed 
INFO  @ 11 Aug 2026 21:55:20: [244 MB]  37000000 reads parsed 
INFO  @ 11 Aug 2026 21:55:22: [244 MB]  38000000 reads parsed 
INFO  @ 11 Aug 2026 21:55:23: [248 MB]  39000000 reads parsed 
INFO  @ 11 Aug 2026 21:55:25: [248 MB]  40000000 reads parsed 
INFO  @ 11 Aug 2026 21:55:26: [260 MB]  41000000 reads parsed 
INFO  @ 11 Aug 2026 21:55:28: [266 MB]  42000000 reads parsed 
INFO  @ 11 Aug 2026 21:55:29: [268 MB]  43000000 reads parsed 
INFO  @ 11 Aug 2026 21:55:31: [268 MB]  44000000 reads parsed 
INFO  @ 11 Aug 2026 21:55:32: [282 MB]  45000000 reads parsed 
INFO  @ 11 Aug 2026 21:55:34: [282 MB]  46000000 reads parsed 
INFO  @ 11 Aug 2026 21:55:35: [282 MB]  47000000 reads parsed 
INFO  @ 11 Aug 2026 21:55:37: [282 MB]  48000000 reads parsed 
INFO  @ 11 Aug 2026 21:55:38: [282 MB]  49000000 reads parsed 
INFO  @ 11 Aug 2026 21:55:40: [282 MB]  50000000 reads parsed 
INFO  @ 11 Aug 2026 21:55:41: [282 MB]  51000000 reads parsed 
INFO  @ 11 Aug 2026 21:55:43: [282 MB]  52000000 reads parsed 
INFO  @ 11 Aug 2026 21:55:44: [285 MB]  53000000 reads parsed 
INFO  @ 11 Aug 2026 21:55:46: [292 MB]  54000000 reads parsed 
INFO  @ 11 Aug 2026 21:55:47: [296 MB]  55000000 reads parsed 
INFO  @ 11 Aug 2026 21:55:49: [298 MB]  56000000 reads parsed 
INFO  @ 11 Aug 2026 21:55:50: [303 MB]  57000000 reads parsed 
INFO  @ 11 Aug 2026 21:55:52: [306 MB]  58000000 reads parsed 
INFO  @ 11 Aug 2026 21:55:53: [316 MB]  59000000 reads parsed 
INFO  @ 11 Aug 2026 21:55:55: [316 MB]  60000000 reads parsed 
INFO  @ 11 Aug 2026 21:55:56: [317 MB]  61000000 reads parsed 
INFO  @ 11 Aug 2026 21:55:58: [322 MB]  62000000 reads parsed 
INFO  @ 11 Aug 2026 21:55:59: [328 MB]  63000000 reads parsed 
INFO  @ 11 Aug 2026 21:56:01: [360 MB]  64000000 reads parsed 
INFO  @ 11 Aug 2026 21:56:02: [434 MB]  65000000 reads parsed 
INFO  @ 11 Aug 2026 21:56:05: [513 MB] 65670946 reads have been read. 
INFO  @ 11 Aug 2026 21:56:05: [513 MB] #1.2 read input tags... 
INFO  @ 11 Aug 2026 21:56:07: [518 MB]  1000000 reads parsed 
INFO  @ 11 Aug 2026 21:56:08: [525 MB]  2000000 reads parsed 
INFO  @ 11 Aug 2026 21:56:10: [527 MB]  3000000 reads parsed 
INFO  @ 11 Aug 2026 21:56:12: [534 MB]  4000000 reads parsed 
INFO  @ 11 Aug 2026 21:56:13: [537 MB]  5000000 reads parsed 
INFO  @ 11 Aug 2026 21:56:15: [539 MB]  6000000 reads parsed 
INFO  @ 11 Aug 2026 21:56:17: [547 MB]  7000000 reads parsed 
INFO  @ 11 Aug 2026 21:56:18: [550 MB]  8000000 reads parsed 
INFO  @ 11 Aug 2026 21:56:20: [554 MB]  9000000 reads parsed 
INFO  @ 11 Aug 2026 21:56:22: [556 MB]  10000000 reads parsed 
INFO  @ 11 Aug 2026 21:56:23: [562 MB]  11000000 reads parsed 
INFO  @ 11 Aug 2026 21:56:25: [566 MB]  12000000 reads parsed 
INFO  @ 11 Aug 2026 21:56:27: [568 MB]  13000000 reads parsed 
INFO  @ 11 Aug 2026 21:56:28: [575 MB]  14000000 reads parsed 
INFO  @ 11 Aug 2026 21:56:30: [580 MB]  15000000 reads parsed 
INFO  @ 11 Aug 2026 21:56:32: [583 MB]  16000000 reads parsed 
INFO  @ 11 Aug 2026 21:56:33: [585 MB]  17000000 reads parsed 
INFO  @ 11 Aug 2026 21:56:35: [589 MB]  18000000 reads parsed 
INFO  @ 11 Aug 2026 21:56:37: [593 MB]  19000000 reads parsed 
INFO  @ 11 Aug 2026 21:56:38: [597 MB]  20000000 reads parsed 
INFO  @ 11 Aug 2026 21:56:40: [600 MB]  21000000 reads parsed 
INFO  @ 11 Aug 2026 21:56:42: [606 MB]  22000000 reads parsed 
INFO  @ 11 Aug 2026 21:56:43: [610 MB]  23000000 reads parsed 
INFO  @ 11 Aug 2026 21:56:45: [612 MB]  24000000 reads parsed 
INFO  @ 11 Aug 2026 21:56:47: [617 MB]  25000000 reads parsed 
INFO  @ 11 Aug 2026 21:56:48: [623 MB]  26000000 reads parsed 
INFO  @ 11 Aug 2026 21:56:50: [626 MB]  27000000 reads parsed 
INFO  @ 11 Aug 2026 21:56:52: [631 MB]  28000000 reads parsed 
INFO  @ 11 Aug 2026 21:56:53: [635 MB]  29000000 reads parsed 
INFO  @ 11 Aug 2026 21:56:55: [639 MB]  30000000 reads parsed 
INFO  @ 11 Aug 2026 21:56:57: [643 MB]  31000000 reads parsed 
INFO  @ 11 Aug 2026 21:56:58: [644 MB]  32000000 reads parsed 
INFO  @ 11 Aug 2026 21:57:00: [651 MB]  33000000 reads parsed 
INFO  @ 11 Aug 2026 21:57:02: [737 MB]  34000000 reads parsed 
INFO  @ 11 Aug 2026 21:57:04: [831 MB] 34607397 reads have been read. 
INFO  @ 11 Aug 2026 21:57:04: [831 MB] #1 tag size is determined as 50 bps 
INFO  @ 11 Aug 2026 21:57:04: [831 MB] #1 tag size = 50.0 
INFO  @ 11 Aug 2026 21:57:04: [831 MB] #1  total tags in treatment: 65670946 
INFO  @ 11 Aug 2026 21:57:04: [831 MB] #1 user defined the maximum tags... 
INFO  @ 11 Aug 2026 21:57:04: [831 MB] #1 filter out redundant tags at the same location and the same strand by allowing at most 1 tag(s) 
INFO  @ 11 Aug 2026 21:57:04: [1144 MB] #1  tags after filtering in treatment: 23104568 
INFO  @ 11 Aug 2026 21:57:04: [1144 MB] #1  Redundant rate of treatment: 0.65 
INFO  @ 11 Aug 2026 21:57:04: [1144 MB] #1  total tags in control: 34607397 
INFO  @ 11 Aug 2026 21:57:04: [1144 MB] #1 user defined the maximum tags... 
INFO  @ 11 Aug 2026 21:57:04: [1144 MB] #1 filter out redundant tags at the same location and the same strand by allowing at most 1 tag(s) 
INFO  @ 11 Aug 2026 21:57:05: [1477 MB] #1  tags after filtering in control: 32036838 
INFO  @ 11 Aug 2026 21:57:05: [1477 MB] #1  Redundant rate of control: 0.07 
INFO  @ 11 Aug 2026 21:57:05: [1477 MB] #1 finished! 
INFO  @ 11 Aug 2026 21:57:05: [1477 MB] #2 Build Peak Model... 
INFO  @ 11 Aug 2026 21:57:05: [1477 MB] #2 looking for paired plus/minus strand peaks... 
INFO  @ 11 Aug 2026 21:57:15: [1477 MB] #2 Total number of paired peaks: 44836 
INFO  @ 11 Aug 2026 21:57:15: [1477 MB] #2 Model building with cross-correlation: Done 
INFO  @ 11 Aug 2026 21:57:15: [1477 MB] #2 finished! 
INFO  @ 11 Aug 2026 21:57:15: [1477 MB] #2 predicted fragment length is 248 bps 
INFO  @ 11 Aug 2026 21:57:15: [1477 MB] #2 alternative fragment length(s) may be 248 bps 
INFO  @ 11 Aug 2026 21:57:15: [1477 MB] #2.2 Generate R script for model : /gpfs/projects/b1042/LauberthLab/BenFolder/fastqchip_macs3_results/peaks/p53_16hr_TNF/p53_16hr_TNF_model.r 
INFO  @ 11 Aug 2026 21:57:15: [1477 MB] #3 Call peaks... 
INFO  @ 11 Aug 2026 21:57:15: [1477 MB] #3 Pre-compute pvalue-qvalue table... 
INFO  @ 11 Aug 2026 22:00:29: [2637 MB] #3 Call peaks for each chromosome... 
INFO  @ 11 Aug 2026 22:01:31: [2637 MB] #4 Write output xls file... /gpfs/projects/b1042/LauberthLab/BenFolder/fastqchip_macs3_results/peaks/p53_16hr_TNF/p53_16hr_TNF_peaks.xls 
INFO  @ 11 Aug 2026 22:01:31: [2637 MB] #4 Write peak in narrowPeak format file... /gpfs/projects/b1042/LauberthLab/BenFolder/fastqchip_macs3_results/peaks/p53_16hr_TNF/p53_16hr_TNF_peaks.narrowPeak 
INFO  @ 11 Aug 2026 22:01:31: [2637 MB] #4 Write summits bed file... /gpfs/projects/b1042/LauberthLab/BenFolder/fastqchip_macs3_results/peaks/p53_16hr_TNF/p53_16hr_TNF_summits.bed 
INFO  @ 11 Aug 2026 22:01:32: [2637 MB] Done! 
INFO  @ 11 Aug 2026 22:01:32: [30 MB] 
# Command line: callpeak -t /gpfs/projects/b1042/LauberthLab/BenFolder/fastqchip_macs3_results/merged_bams/p65_0hr.bam -c /gpfs/projects/b1042/LauberthLab/BenFolder/fastqchip_macs3_results/merged_bams/input_0hr.bam -f BAM -g hs -n p65_0hr --outdir /gpfs/projects/b1042/LauberthLab/BenFolder/fastqchip_macs3_results/peaks/p65_0hr -q 0.05
# ARGUMENTS LIST:
# name = p65_0hr
# format = BAM
# ChIP-seq file = ['/gpfs/projects/b1042/LauberthLab/BenFolder/fastqchip_macs3_results/merged_bams/p65_0hr.bam']
# control file = ['/gpfs/projects/b1042/LauberthLab/BenFolder/fastqchip_macs3_results/merged_bams/input_0hr.bam']
# effective genome size = 2.91e+09
# band width = 300
# model fold = [5, 50]
# qvalue cutoff = 5.00e-02
# The maximum gap between significant sites is assigned as the read length/tag size.
# The minimum length of peaks is assigned as the predicted fragment length "d".
# Larger dataset will be scaled towards smaller dataset.
# Range for calculating regional lambda is: 1000 bps and 10000 bps
# Broad region calling is off
# Paired-End mode is off
 
INFO  @ 11 Aug 2026 22:01:32: [30 MB] #1 read tag files... 
INFO  @ 11 Aug 2026 22:01:32: [30 MB] #1 read treatment tags... 
INFO  @ 11 Aug 2026 22:01:34: [71 MB]  1000000 reads parsed 
INFO  @ 11 Aug 2026 22:01:36: [79 MB]  2000000 reads parsed 
INFO  @ 11 Aug 2026 22:01:37: [81 MB]  3000000 reads parsed 
INFO  @ 11 Aug 2026 22:01:39: [83 MB]  4000000 reads parsed 
INFO  @ 11 Aug 2026 22:01:41: [96 MB]  5000000 reads parsed 
INFO  @ 11 Aug 2026 22:01:42: [97 MB]  6000000 reads parsed 
INFO  @ 11 Aug 2026 22:01:44: [99 MB]  7000000 reads parsed 
INFO  @ 11 Aug 2026 22:01:46: [106 MB]  8000000 reads parsed 
INFO  @ 11 Aug 2026 22:01:47: [106 MB]  9000000 reads parsed 
INFO  @ 11 Aug 2026 22:01:49: [110 MB]  10000000 reads parsed 
INFO  @ 11 Aug 2026 22:01:51: [115 MB]  11000000 reads parsed 
INFO  @ 11 Aug 2026 22:01:53: [121 MB]  12000000 reads parsed 
INFO  @ 11 Aug 2026 22:01:54: [123 MB]  13000000 reads parsed 
INFO  @ 11 Aug 2026 22:01:56: [125 MB]  14000000 reads parsed 
INFO  @ 11 Aug 2026 22:01:58: [131 MB]  15000000 reads parsed 
INFO  @ 11 Aug 2026 22:01:59: [140 MB]  16000000 reads parsed 
INFO  @ 11 Aug 2026 22:02:01: [140 MB]  17000000 reads parsed 
INFO  @ 11 Aug 2026 22:02:03: [143 MB]  18000000 reads parsed 
INFO  @ 11 Aug 2026 22:02:04: [147 MB]  19000000 reads parsed 
INFO  @ 11 Aug 2026 22:02:06: [152 MB]  20000000 reads parsed 
INFO  @ 11 Aug 2026 22:02:08: [153 MB]  21000000 reads parsed 
INFO  @ 11 Aug 2026 22:02:10: [164 MB]  22000000 reads parsed 
INFO  @ 11 Aug 2026 22:02:11: [164 MB]  23000000 reads parsed 
INFO  @ 11 Aug 2026 22:02:13: [173 MB]  24000000 reads parsed 
INFO  @ 11 Aug 2026 22:02:15: [173 MB]  25000000 reads parsed 
INFO  @ 11 Aug 2026 22:02:16: [176 MB]  26000000 reads parsed 
INFO  @ 11 Aug 2026 22:02:18: [177 MB]  27000000 reads parsed 
INFO  @ 11 Aug 2026 22:02:20: [180 MB]  28000000 reads parsed 
INFO  @ 11 Aug 2026 22:02:22: [186 MB]  29000000 reads parsed 
INFO  @ 11 Aug 2026 22:02:23: [191 MB]  30000000 reads parsed 
INFO  @ 11 Aug 2026 22:02:25: [196 MB]  31000000 reads parsed 
INFO  @ 11 Aug 2026 22:02:27: [202 MB]  32000000 reads parsed 
INFO  @ 11 Aug 2026 22:02:28: [209 MB]  33000000 reads parsed 
INFO  @ 11 Aug 2026 22:02:30: [380 MB]  34000000 reads parsed 
INFO  @ 11 Aug 2026 22:02:31: [388 MB] 34012651 reads have been read. 
INFO  @ 11 Aug 2026 22:02:31: [388 MB] #1.2 read input tags... 
INFO  @ 11 Aug 2026 22:02:33: [393 MB]  1000000 reads parsed 
INFO  @ 11 Aug 2026 22:02:35: [401 MB]  2000000 reads parsed 
INFO  @ 11 Aug 2026 22:02:37: [402 MB]  3000000 reads parsed 
INFO  @ 11 Aug 2026 22:02:39: [406 MB]  4000000 reads parsed 
INFO  @ 11 Aug 2026 22:02:41: [411 MB]  5000000 reads parsed 
INFO  @ 11 Aug 2026 22:02:42: [418 MB]  6000000 reads parsed 
INFO  @ 11 Aug 2026 22:02:44: [419 MB]  7000000 reads parsed 
INFO  @ 11 Aug 2026 22:02:46: [429 MB]  8000000 reads parsed 
INFO  @ 11 Aug 2026 22:02:48: [429 MB]  9000000 reads parsed 
INFO  @ 11 Aug 2026 22:02:50: [429 MB]  10000000 reads parsed 
INFO  @ 11 Aug 2026 22:02:51: [438 MB]  11000000 reads parsed 
INFO  @ 11 Aug 2026 22:02:53: [440 MB]  12000000 reads parsed 
INFO  @ 11 Aug 2026 22:02:55: [450 MB]  13000000 reads parsed 
INFO  @ 11 Aug 2026 22:02:57: [451 MB]  14000000 reads parsed 
INFO  @ 11 Aug 2026 22:02:59: [456 MB]  15000000 reads parsed 
INFO  @ 11 Aug 2026 22:03:01: [462 MB]  16000000 reads parsed 
INFO  @ 11 Aug 2026 22:03:02: [469 MB]  17000000 reads parsed 
INFO  @ 11 Aug 2026 22:03:04: [475 MB]  18000000 reads parsed 
INFO  @ 11 Aug 2026 22:03:06: [475 MB]  19000000 reads parsed 
INFO  @ 11 Aug 2026 22:03:08: [475 MB]  20000000 reads parsed 
INFO  @ 11 Aug 2026 22:03:09: [477 MB]  21000000 reads parsed 
INFO  @ 11 Aug 2026 22:03:11: [486 MB]  22000000 reads parsed 
INFO  @ 11 Aug 2026 22:03:13: [486 MB]  23000000 reads parsed 
INFO  @ 11 Aug 2026 22:03:15: [489 MB]  24000000 reads parsed 
INFO  @ 11 Aug 2026 22:03:17: [499 MB]  25000000 reads parsed 
INFO  @ 11 Aug 2026 22:03:19: [500 MB]  26000000 reads parsed 
INFO  @ 11 Aug 2026 22:03:20: [507 MB]  27000000 reads parsed 
INFO  @ 11 Aug 2026 22:03:22: [507 MB]  28000000 reads parsed 
INFO  @ 11 Aug 2026 22:03:24: [512 MB]  29000000 reads parsed 
INFO  @ 11 Aug 2026 22:03:26: [512 MB]  30000000 reads parsed 
INFO  @ 11 Aug 2026 22:03:28: [517 MB]  31000000 reads parsed 
INFO  @ 11 Aug 2026 22:03:29: [521 MB]  32000000 reads parsed 
INFO  @ 11 Aug 2026 22:03:31: [525 MB]  33000000 reads parsed 
INFO  @ 11 Aug 2026 22:03:33: [531 MB]  34000000 reads parsed 
INFO  @ 11 Aug 2026 22:03:35: [534 MB]  35000000 reads parsed 
INFO  @ 11 Aug 2026 22:03:37: [537 MB]  36000000 reads parsed 
INFO  @ 11 Aug 2026 22:03:38: [543 MB]  37000000 reads parsed 
INFO  @ 11 Aug 2026 22:03:40: [548 MB]  38000000 reads parsed 
INFO  @ 11 Aug 2026 22:03:42: [651 MB]  39000000 reads parsed 
INFO  @ 11 Aug 2026 22:03:44: [731 MB] 39604342 reads have been read. 
INFO  @ 11 Aug 2026 22:03:44: [731 MB] #1 tag size is determined as 73 bps 
INFO  @ 11 Aug 2026 22:03:44: [731 MB] #1 tag size = 73.0 
INFO  @ 11 Aug 2026 22:03:44: [731 MB] #1  total tags in treatment: 34012651 
INFO  @ 11 Aug 2026 22:03:44: [731 MB] #1 user defined the maximum tags... 
INFO  @ 11 Aug 2026 22:03:44: [731 MB] #1 filter out redundant tags at the same location and the same strand by allowing at most 1 tag(s) 
INFO  @ 11 Aug 2026 22:03:44: [1039 MB] #1  tags after filtering in treatment: 2668853 
INFO  @ 11 Aug 2026 22:03:44: [1039 MB] #1  Redundant rate of treatment: 0.92 
INFO  @ 11 Aug 2026 22:03:44: [1039 MB] #1  total tags in control: 39604342 
INFO  @ 11 Aug 2026 22:03:44: [1039 MB] #1 user defined the maximum tags... 
INFO  @ 11 Aug 2026 22:03:44: [1039 MB] #1 filter out redundant tags at the same location and the same strand by allowing at most 1 tag(s) 
INFO  @ 11 Aug 2026 22:03:44: [1372 MB] #1  tags after filtering in control: 37278594 
INFO  @ 11 Aug 2026 22:03:44: [1372 MB] #1  Redundant rate of control: 0.06 
INFO  @ 11 Aug 2026 22:03:44: [1372 MB] #1 finished! 
INFO  @ 11 Aug 2026 22:03:44: [1372 MB] #2 Build Peak Model... 
INFO  @ 11 Aug 2026 22:03:44: [1372 MB] #2 looking for paired plus/minus strand peaks... 
INFO  @ 11 Aug 2026 22:03:46: [1379 MB] #2 Total number of paired peaks: 35732 
INFO  @ 11 Aug 2026 22:03:46: [1379 MB] #2 Model building with cross-correlation: Done 
INFO  @ 11 Aug 2026 22:03:46: [1379 MB] #2 finished! 
INFO  @ 11 Aug 2026 22:03:46: [1379 MB] #2 predicted fragment length is 176 bps 
INFO  @ 11 Aug 2026 22:03:46: [1379 MB] #2 alternative fragment length(s) may be 176 bps 
INFO  @ 11 Aug 2026 22:03:46: [1379 MB] #2.2 Generate R script for model : /gpfs/projects/b1042/LauberthLab/BenFolder/fastqchip_macs3_results/peaks/p65_0hr/p65_0hr_model.r 
INFO  @ 11 Aug 2026 22:03:46: [1379 MB] #3 Call peaks... 
INFO  @ 11 Aug 2026 22:03:46: [1380 MB] #3 Pre-compute pvalue-qvalue table... 
INFO  @ 11 Aug 2026 22:06:53: [2331 MB] #3 Call peaks for each chromosome... 
INFO  @ 11 Aug 2026 22:07:46: [2331 MB] #4 Write output xls file... /gpfs/projects/b1042/LauberthLab/BenFolder/fastqchip_macs3_results/peaks/p65_0hr/p65_0hr_peaks.xls 
INFO  @ 11 Aug 2026 22:07:46: [2331 MB] #4 Write peak in narrowPeak format file... /gpfs/projects/b1042/LauberthLab/BenFolder/fastqchip_macs3_results/peaks/p65_0hr/p65_0hr_peaks.narrowPeak 
INFO  @ 11 Aug 2026 22:07:47: [2331 MB] #4 Write summits bed file... /gpfs/projects/b1042/LauberthLab/BenFolder/fastqchip_macs3_results/peaks/p65_0hr/p65_0hr_summits.bed 
INFO  @ 11 Aug 2026 22:07:47: [2331 MB] Done! 
INFO  @ 11 Aug 2026 22:07:47: [30 MB] 
# Command line: callpeak -t /gpfs/projects/b1042/LauberthLab/BenFolder/fastqchip_macs3_results/merged_bams/p65_16hr_TNF.bam -c /gpfs/projects/b1042/LauberthLab/BenFolder/fastqchip_macs3_results/merged_bams/input_16hr_TNF.bam -f BAM -g hs -n p65_16hr_TNF --outdir /gpfs/projects/b1042/LauberthLab/BenFolder/fastqchip_macs3_results/peaks/p65_16hr_TNF -q 0.05
# ARGUMENTS LIST:
# name = p65_16hr_TNF
# format = BAM
# ChIP-seq file = ['/gpfs/projects/b1042/LauberthLab/BenFolder/fastqchip_macs3_results/merged_bams/p65_16hr_TNF.bam']
# control file = ['/gpfs/projects/b1042/LauberthLab/BenFolder/fastqchip_macs3_results/merged_bams/input_16hr_TNF.bam']
# effective genome size = 2.91e+09
# band width = 300
# model fold = [5, 50]
# qvalue cutoff = 5.00e-02
# The maximum gap between significant sites is assigned as the read length/tag size.
# The minimum length of peaks is assigned as the predicted fragment length "d".
# Larger dataset will be scaled towards smaller dataset.
# Range for calculating regional lambda is: 1000 bps and 10000 bps
# Broad region calling is off
# Paired-End mode is off
 
INFO  @ 11 Aug 2026 22:07:47: [30 MB] #1 read tag files... 
INFO  @ 11 Aug 2026 22:07:47: [30 MB] #1 read treatment tags... 
INFO  @ 11 Aug 2026 22:07:49: [71 MB]  1000000 reads parsed 
INFO  @ 11 Aug 2026 22:07:50: [74 MB]  2000000 reads parsed 
INFO  @ 11 Aug 2026 22:07:52: [78 MB]  3000000 reads parsed 
INFO  @ 11 Aug 2026 22:07:53: [82 MB]  4000000 reads parsed 
INFO  @ 11 Aug 2026 22:07:55: [87 MB]  5000000 reads parsed 
INFO  @ 11 Aug 2026 22:07:56: [91 MB]  6000000 reads parsed 
INFO  @ 11 Aug 2026 22:07:58: [97 MB]  7000000 reads parsed 
INFO  @ 11 Aug 2026 22:07:59: [102 MB]  8000000 reads parsed 
INFO  @ 11 Aug 2026 22:08:01: [105 MB]  9000000 reads parsed 
INFO  @ 11 Aug 2026 22:08:02: [110 MB]  10000000 reads parsed 
INFO  @ 11 Aug 2026 22:08:04: [113 MB]  11000000 reads parsed 
INFO  @ 11 Aug 2026 22:08:05: [118 MB]  12000000 reads parsed 
INFO  @ 11 Aug 2026 22:08:07: [121 MB]  13000000 reads parsed 
INFO  @ 11 Aug 2026 22:08:08: [127 MB]  14000000 reads parsed 
INFO  @ 11 Aug 2026 22:08:10: [130 MB]  15000000 reads parsed 
INFO  @ 11 Aug 2026 22:08:11: [141 MB]  16000000 reads parsed 
INFO  @ 11 Aug 2026 22:08:13: [141 MB]  17000000 reads parsed 
INFO  @ 11 Aug 2026 22:08:14: [142 MB]  18000000 reads parsed 
INFO  @ 11 Aug 2026 22:08:16: [145 MB]  19000000 reads parsed 
INFO  @ 11 Aug 2026 22:08:17: [151 MB]  20000000 reads parsed 
INFO  @ 11 Aug 2026 22:08:19: [151 MB]  21000000 reads parsed 
INFO  @ 11 Aug 2026 22:08:20: [160 MB]  22000000 reads parsed 
INFO  @ 11 Aug 2026 22:08:22: [162 MB]  23000000 reads parsed 
INFO  @ 11 Aug 2026 22:08:23: [166 MB]  24000000 reads parsed 
INFO  @ 11 Aug 2026 22:08:25: [173 MB]  25000000 reads parsed 
INFO  @ 11 Aug 2026 22:08:26: [175 MB]  26000000 reads parsed 
INFO  @ 11 Aug 2026 22:08:28: [178 MB]  27000000 reads parsed 
INFO  @ 11 Aug 2026 22:08:29: [183 MB]  28000000 reads parsed 
INFO  @ 11 Aug 2026 22:08:31: [188 MB]  29000000 reads parsed 
INFO  @ 11 Aug 2026 22:08:33: [188 MB]  30000000 reads parsed 
INFO  @ 11 Aug 2026 22:08:34: [196 MB]  31000000 reads parsed 
INFO  @ 11 Aug 2026 22:08:36: [199 MB]  32000000 reads parsed 
INFO  @ 11 Aug 2026 22:08:37: [204 MB]  33000000 reads parsed 
INFO  @ 11 Aug 2026 22:08:39: [362 MB]  34000000 reads parsed 
INFO  @ 11 Aug 2026 22:08:39: [384 MB] 34092867 reads have been read. 
INFO  @ 11 Aug 2026 22:08:40: [384 MB] #1.2 read input tags... 
INFO  @ 11 Aug 2026 22:08:41: [389 MB]  1000000 reads parsed 
INFO  @ 11 Aug 2026 22:08:43: [396 MB]  2000000 reads parsed 
INFO  @ 11 Aug 2026 22:08:45: [397 MB]  3000000 reads parsed 
INFO  @ 11 Aug 2026 22:08:47: [404 MB]  4000000 reads parsed 
INFO  @ 11 Aug 2026 22:08:48: [407 MB]  5000000 reads parsed 
INFO  @ 11 Aug 2026 22:08:50: [410 MB]  6000000 reads parsed 
INFO  @ 11 Aug 2026 22:08:52: [417 MB]  7000000 reads parsed 
INFO  @ 11 Aug 2026 22:08:53: [420 MB]  8000000 reads parsed 
INFO  @ 11 Aug 2026 22:08:55: [424 MB]  9000000 reads parsed 
INFO  @ 11 Aug 2026 22:08:57: [426 MB]  10000000 reads parsed 
INFO  @ 11 Aug 2026 22:08:59: [432 MB]  11000000 reads parsed 
INFO  @ 11 Aug 2026 22:09:00: [436 MB]  12000000 reads parsed 
INFO  @ 11 Aug 2026 22:09:02: [438 MB]  13000000 reads parsed 
INFO  @ 11 Aug 2026 22:09:04: [446 MB]  14000000 reads parsed 
INFO  @ 11 Aug 2026 22:09:05: [451 MB]  15000000 reads parsed 
INFO  @ 11 Aug 2026 22:09:07: [453 MB]  16000000 reads parsed 
INFO  @ 11 Aug 2026 22:09:09: [455 MB]  17000000 reads parsed 
INFO  @ 11 Aug 2026 22:09:11: [459 MB]  18000000 reads parsed 
INFO  @ 11 Aug 2026 22:09:12: [463 MB]  19000000 reads parsed 
INFO  @ 11 Aug 2026 22:09:14: [467 MB]  20000000 reads parsed 
INFO  @ 11 Aug 2026 22:09:16: [472 MB]  21000000 reads parsed 
INFO  @ 11 Aug 2026 22:09:18: [478 MB]  22000000 reads parsed 
INFO  @ 11 Aug 2026 22:09:19: [481 MB]  23000000 reads parsed 
INFO  @ 11 Aug 2026 22:09:21: [483 MB]  24000000 reads parsed 
INFO  @ 11 Aug 2026 22:09:23: [487 MB]  25000000 reads parsed 
INFO  @ 11 Aug 2026 22:09:24: [494 MB]  26000000 reads parsed 
INFO  @ 11 Aug 2026 22:09:26: [497 MB]  27000000 reads parsed 
INFO  @ 11 Aug 2026 22:09:28: [501 MB]  28000000 reads parsed 
INFO  @ 11 Aug 2026 22:09:30: [505 MB]  29000000 reads parsed 
INFO  @ 11 Aug 2026 22:09:31: [510 MB]  30000000 reads parsed 
INFO  @ 11 Aug 2026 22:09:33: [514 MB]  31000000 reads parsed 
INFO  @ 11 Aug 2026 22:09:35: [516 MB]  32000000 reads parsed 
INFO  @ 11 Aug 2026 22:09:37: [521 MB]  33000000 reads parsed 
INFO  @ 11 Aug 2026 22:09:38: [609 MB]  34000000 reads parsed 
INFO  @ 11 Aug 2026 22:09:40: [703 MB] 34607397 reads have been read. 
INFO  @ 11 Aug 2026 22:09:41: [703 MB] #1 tag size is determined as 50 bps 
INFO  @ 11 Aug 2026 22:09:41: [703 MB] #1 tag size = 50.0 
INFO  @ 11 Aug 2026 22:09:41: [703 MB] #1  total tags in treatment: 34092867 
INFO  @ 11 Aug 2026 22:09:41: [703 MB] #1 user defined the maximum tags... 
INFO  @ 11 Aug 2026 22:09:41: [703 MB] #1 filter out redundant tags at the same location and the same strand by allowing at most 1 tag(s) 
INFO  @ 11 Aug 2026 22:09:41: [1020 MB] #1  tags after filtering in treatment: 7093395 
INFO  @ 11 Aug 2026 22:09:41: [1020 MB] #1  Redundant rate of treatment: 0.79 
INFO  @ 11 Aug 2026 22:09:41: [1020 MB] #1  total tags in control: 34607397 
INFO  @ 11 Aug 2026 22:09:41: [1020 MB] #1 user defined the maximum tags... 
INFO  @ 11 Aug 2026 22:09:41: [1020 MB] #1 filter out redundant tags at the same location and the same strand by allowing at most 1 tag(s) 
INFO  @ 11 Aug 2026 22:09:41: [1355 MB] #1  tags after filtering in control: 32036838 
INFO  @ 11 Aug 2026 22:09:41: [1355 MB] #1  Redundant rate of control: 0.07 
INFO  @ 11 Aug 2026 22:09:41: [1355 MB] #1 finished! 
INFO  @ 11 Aug 2026 22:09:41: [1355 MB] #2 Build Peak Model... 
INFO  @ 11 Aug 2026 22:09:41: [1355 MB] #2 looking for paired plus/minus strand peaks... 
INFO  @ 11 Aug 2026 22:09:44: [1355 MB] #2 Total number of paired peaks: 21083 
INFO  @ 11 Aug 2026 22:09:44: [1355 MB] #2 Model building with cross-correlation: Done 
INFO  @ 11 Aug 2026 22:09:44: [1355 MB] #2 finished! 
INFO  @ 11 Aug 2026 22:09:44: [1355 MB] #2 predicted fragment length is 146 bps 
INFO  @ 11 Aug 2026 22:09:44: [1355 MB] #2 alternative fragment length(s) may be 146 bps 
INFO  @ 11 Aug 2026 22:09:44: [1355 MB] #2.2 Generate R script for model : /gpfs/projects/b1042/LauberthLab/BenFolder/fastqchip_macs3_results/peaks/p65_16hr_TNF/p65_16hr_TNF_model.r 
INFO  @ 11 Aug 2026 22:09:44: [1355 MB] #3 Call peaks... 
INFO  @ 11 Aug 2026 22:09:44: [1355 MB] #3 Pre-compute pvalue-qvalue table... 
INFO  @ 11 Aug 2026 22:12:34: [2318 MB] #3 Call peaks for each chromosome... 
INFO  @ 11 Aug 2026 22:13:23: [2318 MB] #4 Write output xls file... /gpfs/projects/b1042/LauberthLab/BenFolder/fastqchip_macs3_results/peaks/p65_16hr_TNF/p65_16hr_TNF_peaks.xls 
INFO  @ 11 Aug 2026 22:13:23: [2318 MB] #4 Write peak in narrowPeak format file... /gpfs/projects/b1042/LauberthLab/BenFolder/fastqchip_macs3_results/peaks/p65_16hr_TNF/p65_16hr_TNF_peaks.narrowPeak 
INFO  @ 11 Aug 2026 22:13:23: [2318 MB] #4 Write summits bed file... /gpfs/projects/b1042/LauberthLab/BenFolder/fastqchip_macs3_results/peaks/p65_16hr_TNF/p65_16hr_TNF_summits.bed 
INFO  @ 11 Aug 2026 22:13:23: [2318 MB] Done! 
INFO  @ 11 Aug 2026 22:13:23: [31 MB] 
# Command line: callpeak -t /gpfs/projects/b1042/LauberthLab/BenFolder/fastqchip_macs3_results/merged_bams/RNAPII_16hr_TNF.bam -c /gpfs/projects/b1042/LauberthLab/BenFolder/fastqchip_macs3_results/merged_bams/input_16hr_TNF.bam -f BAM -g hs -n RNAPII_16hr_TNF --outdir /gpfs/projects/b1042/LauberthLab/BenFolder/fastqchip_macs3_results/peaks/RNAPII_16hr_TNF --broad --broad-cutoff 0.1
# ARGUMENTS LIST:
# name = RNAPII_16hr_TNF
# format = BAM
# ChIP-seq file = ['/gpfs/projects/b1042/LauberthLab/BenFolder/fastqchip_macs3_results/merged_bams/RNAPII_16hr_TNF.bam']
# control file = ['/gpfs/projects/b1042/LauberthLab/BenFolder/fastqchip_macs3_results/merged_bams/input_16hr_TNF.bam']
# effective genome size = 2.91e+09
# band width = 300
# model fold = [5, 50]
# qvalue cutoff for narrow/strong regions = 5.00e-02
# qvalue cutoff for broad/weak regions = 1.00e-01
# The maximum gap between significant sites is assigned as the read length/tag size.
# The minimum length of peaks is assigned as the predicted fragment length "d".
# Larger dataset will be scaled towards smaller dataset.
# Range for calculating regional lambda is: 1000 bps and 10000 bps
# Broad region calling is on
# Paired-End mode is off
 
INFO  @ 11 Aug 2026 22:13:23: [31 MB] #1 read tag files... 
INFO  @ 11 Aug 2026 22:13:23: [31 MB] #1 read treatment tags... 
INFO  @ 11 Aug 2026 22:13:25: [71 MB]  1000000 reads parsed 
INFO  @ 11 Aug 2026 22:13:27: [76 MB]  2000000 reads parsed 
INFO  @ 11 Aug 2026 22:13:29: [80 MB]  3000000 reads parsed 
INFO  @ 11 Aug 2026 22:13:30: [85 MB]  4000000 reads parsed 
INFO  @ 11 Aug 2026 22:13:32: [86 MB]  5000000 reads parsed 
INFO  @ 11 Aug 2026 22:13:34: [93 MB]  6000000 reads parsed 
INFO  @ 11 Aug 2026 22:13:36: [98 MB]  7000000 reads parsed 
INFO  @ 11 Aug 2026 22:13:37: [104 MB]  8000000 reads parsed 
INFO  @ 11 Aug 2026 22:13:39: [107 MB]  9000000 reads parsed 
INFO  @ 11 Aug 2026 22:13:41: [107 MB]  10000000 reads parsed 
INFO  @ 11 Aug 2026 22:13:42: [115 MB]  11000000 reads parsed 
INFO  @ 11 Aug 2026 22:13:44: [122 MB]  12000000 reads parsed 
INFO  @ 11 Aug 2026 22:13:46: [122 MB]  13000000 reads parsed 
INFO  @ 11 Aug 2026 22:13:48: [124 MB]  14000000 reads parsed 
INFO  @ 11 Aug 2026 22:13:49: [127 MB]  15000000 reads parsed 
INFO  @ 11 Aug 2026 22:13:51: [131 MB]  16000000 reads parsed 
INFO  @ 11 Aug 2026 22:13:53: [140 MB]  17000000 reads parsed 
INFO  @ 11 Aug 2026 22:13:54: [144 MB]  18000000 reads parsed 
INFO  @ 11 Aug 2026 22:13:56: [144 MB]  19000000 reads parsed 
INFO  @ 11 Aug 2026 22:13:58: [150 MB]  20000000 reads parsed 
INFO  @ 11 Aug 2026 22:13:59: [156 MB]  21000000 reads parsed 
INFO  @ 11 Aug 2026 22:14:01: [158 MB]  22000000 reads parsed 
INFO  @ 11 Aug 2026 22:14:03: [170 MB]  23000000 reads parsed 
INFO  @ 11 Aug 2026 22:14:04: [172 MB]  24000000 reads parsed 
INFO  @ 11 Aug 2026 22:14:06: [176 MB]  25000000 reads parsed 
INFO  @ 11 Aug 2026 22:14:08: [178 MB]  26000000 reads parsed 
INFO  @ 11 Aug 2026 22:14:10: [185 MB]  27000000 reads parsed 
INFO  @ 11 Aug 2026 22:14:11: [185 MB]  28000000 reads parsed 
INFO  @ 11 Aug 2026 22:14:13: [194 MB]  29000000 reads parsed 
INFO  @ 11 Aug 2026 22:14:15: [194 MB]  30000000 reads parsed 
INFO  @ 11 Aug 2026 22:14:16: [194 MB]  31000000 reads parsed 
INFO  @ 11 Aug 2026 22:14:18: [199 MB]  32000000 reads parsed 
INFO  @ 11 Aug 2026 22:14:20: [202 MB]  33000000 reads parsed 
INFO  @ 11 Aug 2026 22:14:21: [213 MB]  34000000 reads parsed 
INFO  @ 11 Aug 2026 22:14:23: [213 MB]  35000000 reads parsed 
INFO  @ 11 Aug 2026 22:14:25: [213 MB]  36000000 reads parsed 
INFO  @ 11 Aug 2026 22:14:26: [226 MB]  37000000 reads parsed 
INFO  @ 11 Aug 2026 22:14:28: [226 MB]  38000000 reads parsed 
INFO  @ 11 Aug 2026 22:14:30: [226 MB]  39000000 reads parsed 
INFO  @ 11 Aug 2026 22:14:31: [229 MB]  40000000 reads parsed 
INFO  @ 11 Aug 2026 22:14:33: [232 MB]  41000000 reads parsed 
INFO  @ 11 Aug 2026 22:14:35: [236 MB]  42000000 reads parsed 
INFO  @ 11 Aug 2026 22:14:36: [243 MB]  43000000 reads parsed 
INFO  @ 11 Aug 2026 22:14:38: [245 MB]  44000000 reads parsed 
INFO  @ 11 Aug 2026 22:14:40: [254 MB]  45000000 reads parsed 
INFO  @ 11 Aug 2026 22:14:41: [254 MB]  46000000 reads parsed 
INFO  @ 11 Aug 2026 22:14:43: [258 MB]  47000000 reads parsed 
INFO  @ 11 Aug 2026 22:14:45: [263 MB]  48000000 reads parsed 
INFO  @ 11 Aug 2026 22:14:47: [268 MB]  49000000 reads parsed 
INFO  @ 11 Aug 2026 22:14:48: [270 MB]  50000000 reads parsed 
INFO  @ 11 Aug 2026 22:14:50: [276 MB]  51000000 reads parsed 
INFO  @ 11 Aug 2026 22:14:52: [280 MB]  52000000 reads parsed 
INFO  @ 11 Aug 2026 22:14:53: [289 MB]  53000000 reads parsed 
INFO  @ 11 Aug 2026 22:14:55: [289 MB]  54000000 reads parsed 
INFO  @ 11 Aug 2026 22:14:57: [352 MB]  55000000 reads parsed 
INFO  @ 11 Aug 2026 22:14:58: [449 MB]  56000000 reads parsed 
INFO  @ 11 Aug 2026 22:14:59: [472 MB] 56132756 reads have been read. 
INFO  @ 11 Aug 2026 22:15:00: [472 MB] #1.2 read input tags... 
INFO  @ 11 Aug 2026 22:15:01: [477 MB]  1000000 reads parsed 
INFO  @ 11 Aug 2026 22:15:03: [484 MB]  2000000 reads parsed 
INFO  @ 11 Aug 2026 22:15:05: [485 MB]  3000000 reads parsed 
INFO  @ 11 Aug 2026 22:15:07: [493 MB]  4000000 reads parsed 
INFO  @ 11 Aug 2026 22:15:08: [494 MB]  5000000 reads parsed 
INFO  @ 11 Aug 2026 22:15:10: [498 MB]  6000000 reads parsed 
INFO  @ 11 Aug 2026 22:15:12: [503 MB]  7000000 reads parsed 
INFO  @ 11 Aug 2026 22:15:13: [508 MB]  8000000 reads parsed 
INFO  @ 11 Aug 2026 22:15:15: [512 MB]  9000000 reads parsed 
INFO  @ 11 Aug 2026 22:15:17: [515 MB]  10000000 reads parsed 
INFO  @ 11 Aug 2026 22:15:18: [521 MB]  11000000 reads parsed 
INFO  @ 11 Aug 2026 22:15:20: [524 MB]  12000000 reads parsed 
INFO  @ 11 Aug 2026 22:15:22: [526 MB]  13000000 reads parsed 
INFO  @ 11 Aug 2026 22:15:23: [534 MB]  14000000 reads parsed 
INFO  @ 11 Aug 2026 22:15:25: [537 MB]  15000000 reads parsed 
INFO  @ 11 Aug 2026 22:15:27: [540 MB]  16000000 reads parsed 
INFO  @ 11 Aug 2026 22:15:29: [543 MB]  17000000 reads parsed 
INFO  @ 11 Aug 2026 22:15:30: [547 MB]  18000000 reads parsed 
INFO  @ 11 Aug 2026 22:15:32: [553 MB]  19000000 reads parsed 
INFO  @ 11 Aug 2026 22:15:34: [555 MB]  20000000 reads parsed 
INFO  @ 11 Aug 2026 22:15:35: [560 MB]  21000000 reads parsed 
INFO  @ 11 Aug 2026 22:15:37: [564 MB]  22000000 reads parsed 
INFO  @ 11 Aug 2026 22:15:39: [569 MB]  23000000 reads parsed 
INFO  @ 11 Aug 2026 22:15:40: [571 MB]  24000000 reads parsed 
INFO  @ 11 Aug 2026 22:15:42: [576 MB]  25000000 reads parsed 
INFO  @ 11 Aug 2026 22:15:44: [582 MB]  26000000 reads parsed 
INFO  @ 11 Aug 2026 22:15:45: [585 MB]  27000000 reads parsed 
INFO  @ 11 Aug 2026 22:15:47: [590 MB]  28000000 reads parsed 
INFO  @ 11 Aug 2026 22:15:49: [594 MB]  29000000 reads parsed 
INFO  @ 11 Aug 2026 22:15:51: [597 MB]  30000000 reads parsed 
INFO  @ 11 Aug 2026 22:15:52: [602 MB]  31000000 reads parsed 
INFO  @ 11 Aug 2026 22:15:54: [604 MB]  32000000 reads parsed 
INFO  @ 11 Aug 2026 22:15:56: [610 MB]  33000000 reads parsed 
INFO  @ 11 Aug 2026 22:15:57: [694 MB]  34000000 reads parsed 
INFO  @ 11 Aug 2026 22:15:59: [788 MB] 34607397 reads have been read. 
INFO  @ 11 Aug 2026 22:16:00: [788 MB] #1 tag size is determined as 50 bps 
INFO  @ 11 Aug 2026 22:16:00: [788 MB] #1 tag size = 50.0 
INFO  @ 11 Aug 2026 22:16:00: [788 MB] #1  total tags in treatment: 56132756 
INFO  @ 11 Aug 2026 22:16:00: [788 MB] #1 user defined the maximum tags... 
INFO  @ 11 Aug 2026 22:16:00: [788 MB] #1 filter out redundant tags at the same location and the same strand by allowing at most 1 tag(s) 
INFO  @ 11 Aug 2026 22:16:00: [1122 MB] #1  tags after filtering in treatment: 51681766 
INFO  @ 11 Aug 2026 22:16:00: [1122 MB] #1  Redundant rate of treatment: 0.08 
INFO  @ 11 Aug 2026 22:16:00: [1122 MB] #1  total tags in control: 34607397 
INFO  @ 11 Aug 2026 22:16:00: [1122 MB] #1 user defined the maximum tags... 
INFO  @ 11 Aug 2026 22:16:00: [1122 MB] #1 filter out redundant tags at the same location and the same strand by allowing at most 1 tag(s) 
INFO  @ 11 Aug 2026 22:16:00: [1456 MB] #1  tags after filtering in control: 32036838 
INFO  @ 11 Aug 2026 22:16:00: [1456 MB] #1  Redundant rate of control: 0.07 
INFO  @ 11 Aug 2026 22:16:00: [1456 MB] #1 finished! 
INFO  @ 11 Aug 2026 22:16:00: [1456 MB] #2 Build Peak Model... 
INFO  @ 11 Aug 2026 22:16:00: [1456 MB] #2 looking for paired plus/minus strand peaks... 
INFO  @ 11 Aug 2026 22:16:20: [1460 MB] #2 Total number of paired peaks: 16001 
INFO  @ 11 Aug 2026 22:16:21: [1460 MB] #2 Model building with cross-correlation: Done 
INFO  @ 11 Aug 2026 22:16:21: [1460 MB] #2 finished! 
INFO  @ 11 Aug 2026 22:16:21: [1460 MB] #2 predicted fragment length is 177 bps 
INFO  @ 11 Aug 2026 22:16:21: [1460 MB] #2 alternative fragment length(s) may be 177 bps 
INFO  @ 11 Aug 2026 22:16:21: [1460 MB] #2.2 Generate R script for model : /gpfs/projects/b1042/LauberthLab/BenFolder/fastqchip_macs3_results/peaks/RNAPII_16hr_TNF/RNAPII_16hr_TNF_model.r 
INFO  @ 11 Aug 2026 22:16:21: [1460 MB] #3 Call peaks... 
INFO  @ 11 Aug 2026 22:16:21: [1460 MB] #3 Call broad peaks with given level1 -log10qvalue cutoff and level2: 1.301030, 1.000000... 
INFO  @ 11 Aug 2026 22:16:21: [1460 MB] #3 Pre-compute pvalue-qvalue table... 
INFO  @ 11 Aug 2026 22:20:12: [2864 MB] #3 Call peaks for each chromosome... 
INFO  @ 11 Aug 2026 22:21:41: [2864 MB] #4 Write output xls file... /gpfs/projects/b1042/LauberthLab/BenFolder/fastqchip_macs3_results/peaks/RNAPII_16hr_TNF/RNAPII_16hr_TNF_peaks.xls 
INFO  @ 11 Aug 2026 22:21:41: [2864 MB] #4 Write broad peak in broadPeak format file... /gpfs/projects/b1042/LauberthLab/BenFolder/fastqchip_macs3_results/peaks/RNAPII_16hr_TNF/RNAPII_16hr_TNF_peaks.broadPeak 
INFO  @ 11 Aug 2026 22:21:41: [2864 MB] #4 Write broad peak in bed12/gappedPeak format file... /gpfs/projects/b1042/LauberthLab/BenFolder/fastqchip_macs3_results/peaks/RNAPII_16hr_TNF/RNAPII_16hr_TNF_peaks.gappedPeak 
INFO  @ 11 Aug 2026 22:21:42: [2864 MB] Done! 


>> Using Genome: hg38 ...
>> Using Genome: hg38 ...
>> Using Genome: hg38 ...
'select()' returned 1:many mapping between keys and columns
Wrote: /gpfs/projects/b1042/LauberthLab/BenFolder/fastqchip_macs3_results/chipseeker/H3K4me1_0hr_peaks_annotated.tsv
>> Using Genome: hg38 ...
>> Using Genome: hg38 ...
>> Using Genome: hg38 ...
'select()' returned 1:many mapping between keys and columns
Wrote: /gpfs/projects/b1042/LauberthLab/BenFolder/fastqchip_macs3_results/chipseeker/H3K4me1_16hr_TNF_peaks_annotated.tsv
>> Using Genome: hg38 ...
>> Using Genome: hg38 ...
>> Using Genome: hg38 ...
'select()' returned 1:many mapping between keys and columns
Wrote: /gpfs/projects/b1042/LauberthLab/BenFolder/fastqchip_macs3_results/chipseeker/H3K27ac_0hr_peaks_annotated.tsv
>> Using Genome: hg38 ...
>> Using Genome: hg38 ...
>> Using Genome: hg38 ...
'select()' returned 1:many mapping between keys and columns
Wrote: /gpfs/projects/b1042/LauberthLab/BenFolder/fastqchip_macs3_results/chipseeker/H3K27ac_16hr_TNF_peaks_annotated.tsv
>> Using Genome: hg38 ...
>> Using Genome: hg38 ...
>> Using Genome: hg38 ...
'select()' returned 1:many mapping between keys and columns
Wrote: /gpfs/projects/b1042/LauberthLab/BenFolder/fastqchip_macs3_results/chipseeker/p53_0hr_peaks_annotated.tsv
>> Using Genome: hg38 ...
>> Using Genome: hg38 ...
>> Using Genome: hg38 ...
'select()' returned 1:many mapping between keys and columns
Wrote: /gpfs/projects/b1042/LauberthLab/BenFolder/fastqchip_macs3_results/chipseeker/p53_16hr_TNF_peaks_annotated.tsv
>> Using Genome: hg38 ...
>> Using Genome: hg38 ...
>> Using Genome: hg38 ...
'select()' returned 1:many mapping between keys and columns
Wrote: /gpfs/projects/b1042/LauberthLab/BenFolder/fastqchip_macs3_results/chipseeker/p65_0hr_peaks_annotated.tsv
>> Using Genome: hg38 ...
>> Using Genome: hg38 ...
>> Using Genome: hg38 ...
'select()' returned 1:many mapping between keys and columns
Wrote: /gpfs/projects/b1042/LauberthLab/BenFolder/fastqchip_macs3_results/chipseeker/p65_16hr_TNF_peaks_annotated.tsv
>> Using Genome: hg38 ...
>> Using Genome: hg38 ...
>> Using Genome: hg38 ...
'select()' returned 1:many mapping between keys and columns
Wrote: /gpfs/projects/b1042/LauberthLab/BenFolder/fastqchip_macs3_results/chipseeker/RNAPII_16hr_TNF_peaks_annotated.tsv
There were 45 warnings (use warnings() to see them)
Warning message:
`aes_string()` was deprecated in ggplot2 3.0.0.
ℹ Please use tidy evaluation idioms with `aes()`.
ℹ See also `vignette("ggplot2-in-packages")` for more information.
ℹ The deprecated feature was likely used in the ChIPseeker package.
  Please report the issue at <https://github.com/YuLab-SMU/ChIPseeker/issues>. 
$rect
$rect$w
[1] 0.6027

$rect$h
[1] 0.2744471

$rect$left
[1] 0.19865

$rect$top
[1] 0.6372235


$text
$text$x
 [1] 0.2914318 0.2914318 0.2914318 0.2914318 0.2914318 0.2914318 0.2914318
 [8] 0.2914318 0.2914318 0.2914318 0.2914318

$text$y
 [1] 0.6143529 0.5914824 0.5686118 0.5457412 0.5228706 0.5000000 0.4771294
 [8] 0.4542588 0.4313882 0.4085176 0.3856471


$rect
$rect$w
[1] 0.6027

$rect$h
[1] 0.2744471

$rect$left
[1] 0.19865

$rect$top
[1] 0.6372235


$text
$text$x
 [1] 0.2914318 0.2914318 0.2914318 0.2914318 0.2914318 0.2914318 0.2914318
 [8] 0.2914318 0.2914318 0.2914318 0.2914318

$text$y
 [1] 0.6143529 0.5914824 0.5686118 0.5457412 0.5228706 0.5000000 0.4771294
 [8] 0.4542588 0.4313882 0.4085176 0.3856471


$rect
$rect$w
[1] 0.6027

$rect$h
[1] 0.2744471

$rect$left
[1] 0.19865

$rect$top
[1] 0.6372235


$text
$text$x
 [1] 0.2914318 0.2914318 0.2914318 0.2914318 0.2914318 0.2914318 0.2914318
 [8] 0.2914318 0.2914318 0.2914318 0.2914318

$text$y
 [1] 0.6143529 0.5914824 0.5686118 0.5457412 0.5228706 0.5000000 0.4771294
 [8] 0.4542588 0.4313882 0.4085176 0.3856471


$rect
$rect$w
[1] 0.6027

$rect$h
[1] 0.2744471

$rect$left
[1] 0.19865

$rect$top
[1] 0.6372235


$text
$text$x
 [1] 0.2914318 0.2914318 0.2914318 0.2914318 0.2914318 0.2914318 0.2914318
 [8] 0.2914318 0.2914318 0.2914318 0.2914318

$text$y
 [1] 0.6143529 0.5914824 0.5686118 0.5457412 0.5228706 0.5000000 0.4771294
 [8] 0.4542588 0.4313882 0.4085176 0.3856471


$rect
$rect$w
[1] 0.6027

$rect$h
[1] 0.2744471

$rect$left
[1] 0.19865

$rect$top
[1] 0.6372235


$text
$text$x
 [1] 0.2914318 0.2914318 0.2914318 0.2914318 0.2914318 0.2914318 0.2914318
 [8] 0.2914318 0.2914318 0.2914318 0.2914318

$text$y
 [1] 0.6143529 0.5914824 0.5686118 0.5457412 0.5228706 0.5000000 0.4771294
 [8] 0.4542588 0.4313882 0.4085176 0.3856471


$rect
$rect$w
[1] 0.6027

$rect$h
[1] 0.2744471

$rect$left
[1] 0.19865

$rect$top
[1] 0.6372235


$text
$text$x
 [1] 0.2914318 0.2914318 0.2914318 0.2914318 0.2914318 0.2914318 0.2914318
 [8] 0.2914318 0.2914318 0.2914318 0.2914318

$text$y
 [1] 0.6143529 0.5914824 0.5686118 0.5457412 0.5228706 0.5000000 0.4771294
 [8] 0.4542588 0.4313882 0.4085176 0.3856471


$rect
$rect$w
[1] 0.6027

$rect$h
[1] 0.2744471

$rect$left
[1] 0.19865

$rect$top
[1] 0.6372235


$text
$text$x
 [1] 0.2914318 0.2914318 0.2914318 0.2914318 0.2914318 0.2914318 0.2914318
 [8] 0.2914318 0.2914318 0.2914318 0.2914318

$text$y
 [1] 0.6143529 0.5914824 0.5686118 0.5457412 0.5228706 0.5000000 0.4771294
 [8] 0.4542588 0.4313882 0.4085176 0.3856471


$rect
$rect$w
[1] 0.6027

$rect$h
[1] 0.2744471

$rect$left
[1] 0.19865

$rect$top
[1] 0.6372235


$text
$text$x
 [1] 0.2914318 0.2914318 0.2914318 0.2914318 0.2914318 0.2914318 0.2914318
 [8] 0.2914318 0.2914318 0.2914318 0.2914318

$text$y
 [1] 0.6143529 0.5914824 0.5686118 0.5457412 0.5228706 0.5000000 0.4771294
 [8] 0.4542588 0.4313882 0.4085176 0.3856471


$rect
$rect$w
[1] 0.6027

$rect$h
[1] 0.2744471

$rect$left
[1] 0.19865

$rect$top
[1] 0.6372235


$text
$text$x
 [1] 0.2914318 0.2914318 0.2914318 0.2914318 0.2914318 0.2914318 0.2914318
 [8] 0.2914318 0.2914318 0.2914318 0.2914318

$text$y
 [1] 0.6143529 0.5914824 0.5686118 0.5457412 0.5228706 0.5000000 0.4771294
 [8] 0.4542588 0.4313882 0.4085176 0.3856471


null device 
          1 
Wrote ChIPseeker results to: /gpfs/projects/b1042/LauberthLab/BenFolder/fastqchip_macs3_results/chipseeker
