samtools: /gpfs/home/nqp9093/.conda/envs/rseqc_env/bin/../lib/libtinfow.so.6: no version information available (required by samtools)
samtools: /gpfs/home/nqp9093/.conda/envs/rseqc_env/bin/../lib/libncursesw.so.6: no version information available (required by samtools)
samtools: /gpfs/home/nqp9093/.conda/envs/rseqc_env/bin/../lib/libncursesw.so.6: no version information available (required by samtools)
samtools: /gpfs/home/nqp9093/.conda/envs/rseqc_env/bin/../lib/libncursesw.so.6: no version information available (required by samtools)
[bam_sort_core] merging from 0 files and 40 in-memory blocks...
samtools: /gpfs/home/nqp9093/.conda/envs/rseqc_env/bin/../lib/libtinfow.so.6: no version information available (required by samtools)
samtools: /gpfs/home/nqp9093/.conda/envs/rseqc_env/bin/../lib/libncursesw.so.6: no version information available (required by samtools)
samtools: /gpfs/home/nqp9093/.conda/envs/rseqc_env/bin/../lib/libncursesw.so.6: no version information available (required by samtools)
samtools: /gpfs/home/nqp9093/.conda/envs/rseqc_env/bin/../lib/libncursesw.so.6: no version information available (required by samtools)
[bam_sort_core] merging from 0 files and 40 in-memory blocks...
samtools: /gpfs/home/nqp9093/.conda/envs/rseqc_env/bin/../lib/libtinfow.so.6: no version information available (required by samtools)
samtools: /gpfs/home/nqp9093/.conda/envs/rseqc_env/bin/../lib/libncursesw.so.6: no version information available (required by samtools)
samtools: /gpfs/home/nqp9093/.conda/envs/rseqc_env/bin/../lib/libncursesw.so.6: no version information available (required by samtools)
samtools: /gpfs/home/nqp9093/.conda/envs/rseqc_env/bin/../lib/libncursesw.so.6: no version information available (required by samtools)
[bam_sort_core] merging from 0 files and 40 in-memory blocks...
samtools: /gpfs/home/nqp9093/.conda/envs/rseqc_env/bin/../lib/libtinfow.so.6: no version information available (required by samtools)
samtools: /gpfs/home/nqp9093/.conda/envs/rseqc_env/bin/../lib/libncursesw.so.6: no version information available (required by samtools)
samtools: /gpfs/home/nqp9093/.conda/envs/rseqc_env/bin/../lib/libncursesw.so.6: no version information available (required by samtools)
samtools: /gpfs/home/nqp9093/.conda/envs/rseqc_env/bin/../lib/libncursesw.so.6: no version information available (required by samtools)
[bam_sort_core] merging from 0 files and 40 in-memory blocks...
samtools: /gpfs/home/nqp9093/.conda/envs/rseqc_env/bin/../lib/libtinfow.so.6: no version information available (required by samtools)
samtools: /gpfs/home/nqp9093/.conda/envs/rseqc_env/bin/../lib/libncursesw.so.6: no version information available (required by samtools)
samtools: /gpfs/home/nqp9093/.conda/envs/rseqc_env/bin/../lib/libncursesw.so.6: no version information available (required by samtools)
samtools: /gpfs/home/nqp9093/.conda/envs/rseqc_env/bin/../lib/libncursesw.so.6: no version information available (required by samtools)
[bam_sort_core] merging from 0 files and 40 in-memory blocks...
samtools: /gpfs/home/nqp9093/.conda/envs/rseqc_env/bin/../lib/libtinfow.so.6: no version information available (required by samtools)
samtools: /gpfs/home/nqp9093/.conda/envs/rseqc_env/bin/../lib/libncursesw.so.6: no version information available (required by samtools)
samtools: /gpfs/home/nqp9093/.conda/envs/rseqc_env/bin/../lib/libncursesw.so.6: no version information available (required by samtools)
samtools: /gpfs/home/nqp9093/.conda/envs/rseqc_env/bin/../lib/libncursesw.so.6: no version information available (required by samtools)
[bam_sort_core] merging from 0 files and 40 in-memory blocks...
samtools: /gpfs/home/nqp9093/.conda/envs/rseqc_env/bin/../lib/libtinfow.so.6: no version information available (required by samtools)
samtools: /gpfs/home/nqp9093/.conda/envs/rseqc_env/bin/../lib/libncursesw.so.6: no version information available (required by samtools)
samtools: /gpfs/home/nqp9093/.conda/envs/rseqc_env/bin/../lib/libncursesw.so.6: no version information available (required by samtools)
samtools: /gpfs/home/nqp9093/.conda/envs/rseqc_env/bin/../lib/libncursesw.so.6: no version information available (required by samtools)
[E::hts_open_format] Failed to open file "BAMfiles/human/21161D-57-07_S157_L003.bam" : No such file or directory
samtools sort: can't open "BAMfiles/human/21161D-57-07_S157_L003.bam": No such file or directory
samtools: /gpfs/home/nqp9093/.conda/envs/rseqc_env/bin/../lib/libtinfow.so.6: no version information available (required by samtools)
samtools: /gpfs/home/nqp9093/.conda/envs/rseqc_env/bin/../lib/libncursesw.so.6: no version information available (required by samtools)
samtools: /gpfs/home/nqp9093/.conda/envs/rseqc_env/bin/../lib/libncursesw.so.6: no version information available (required by samtools)
samtools: /gpfs/home/nqp9093/.conda/envs/rseqc_env/bin/../lib/libncursesw.so.6: no version information available (required by samtools)
[E::hts_open_format] Failed to open file "BAMfiles/human/21161D-57-08_S158_L003.bam" : No such file or directory
samtools sort: can't open "BAMfiles/human/21161D-57-08_S158_L003.bam": No such file or directory
samtools: /gpfs/home/nqp9093/.conda/envs/rseqc_env/bin/../lib/libtinfow.so.6: no version information available (required by samtools)
samtools: /gpfs/home/nqp9093/.conda/envs/rseqc_env/bin/../lib/libncursesw.so.6: no version information available (required by samtools)
samtools: /gpfs/home/nqp9093/.conda/envs/rseqc_env/bin/../lib/libncursesw.so.6: no version information available (required by samtools)
samtools: /gpfs/home/nqp9093/.conda/envs/rseqc_env/bin/../lib/libncursesw.so.6: no version information available (required by samtools)
[bam_sort_core] merging from 0 files and 40 in-memory blocks...
samtools: /gpfs/home/nqp9093/.conda/envs/rseqc_env/bin/../lib/libtinfow.so.6: no version information available (required by samtools)
samtools: /gpfs/home/nqp9093/.conda/envs/rseqc_env/bin/../lib/libncursesw.so.6: no version information available (required by samtools)
samtools: /gpfs/home/nqp9093/.conda/envs/rseqc_env/bin/../lib/libncursesw.so.6: no version information available (required by samtools)
samtools: /gpfs/home/nqp9093/.conda/envs/rseqc_env/bin/../lib/libncursesw.so.6: no version information available (required by samtools)
[bam_sort_core] merging from 0 files and 40 in-memory blocks...
samtools: /gpfs/home/nqp9093/.conda/envs/rseqc_env/bin/../lib/libtinfow.so.6: no version information available (required by samtools)
samtools: /gpfs/home/nqp9093/.conda/envs/rseqc_env/bin/../lib/libncursesw.so.6: no version information available (required by samtools)
samtools: /gpfs/home/nqp9093/.conda/envs/rseqc_env/bin/../lib/libncursesw.so.6: no version information available (required by samtools)
samtools: /gpfs/home/nqp9093/.conda/envs/rseqc_env/bin/../lib/libncursesw.so.6: no version information available (required by samtools)
[bam_sort_core] merging from 0 files and 40 in-memory blocks...
samtools: /gpfs/home/nqp9093/.conda/envs/rseqc_env/bin/../lib/libtinfow.so.6: no version information available (required by samtools)
samtools: /gpfs/home/nqp9093/.conda/envs/rseqc_env/bin/../lib/libncursesw.so.6: no version information available (required by samtools)
samtools: /gpfs/home/nqp9093/.conda/envs/rseqc_env/bin/../lib/libncursesw.so.6: no version information available (required by samtools)
samtools: /gpfs/home/nqp9093/.conda/envs/rseqc_env/bin/../lib/libncursesw.so.6: no version information available (required by samtools)
[bam_sort_core] merging from 0 files and 40 in-memory blocks...
samtools: /gpfs/home/nqp9093/.conda/envs/rseqc_env/bin/../lib/libtinfow.so.6: no version information available (required by samtools)
samtools: /gpfs/home/nqp9093/.conda/envs/rseqc_env/bin/../lib/libncursesw.so.6: no version information available (required by samtools)
samtools: /gpfs/home/nqp9093/.conda/envs/rseqc_env/bin/../lib/libncursesw.so.6: no version information available (required by samtools)
samtools: /gpfs/home/nqp9093/.conda/envs/rseqc_env/bin/../lib/libncursesw.so.6: no version information available (required by samtools)
[bam_sort_core] merging from 0 files and 40 in-memory blocks...
samtools: /gpfs/home/nqp9093/.conda/envs/rseqc_env/bin/../lib/libtinfow.so.6: no version information available (required by samtools)
samtools: /gpfs/home/nqp9093/.conda/envs/rseqc_env/bin/../lib/libncursesw.so.6: no version information available (required by samtools)
samtools: /gpfs/home/nqp9093/.conda/envs/rseqc_env/bin/../lib/libncursesw.so.6: no version information available (required by samtools)
samtools: /gpfs/home/nqp9093/.conda/envs/rseqc_env/bin/../lib/libncursesw.so.6: no version information available (required by samtools)
[bam_sort_core] merging from 0 files and 40 in-memory blocks...
samtools: /gpfs/home/nqp9093/.conda/envs/rseqc_env/bin/../lib/libtinfow.so.6: no version information available (required by samtools)
samtools: /gpfs/home/nqp9093/.conda/envs/rseqc_env/bin/../lib/libncursesw.so.6: no version information available (required by samtools)
samtools: /gpfs/home/nqp9093/.conda/envs/rseqc_env/bin/../lib/libncursesw.so.6: no version information available (required by samtools)
samtools: /gpfs/home/nqp9093/.conda/envs/rseqc_env/bin/../lib/libncursesw.so.6: no version information available (required by samtools)
[bam_sort_core] merging from 0 files and 40 in-memory blocks...
samtools: /gpfs/home/nqp9093/.conda/envs/rseqc_env/bin/../lib/libtinfow.so.6: no version information available (required by samtools)
samtools: /gpfs/home/nqp9093/.conda/envs/rseqc_env/bin/../lib/libncursesw.so.6: no version information available (required by samtools)
samtools: /gpfs/home/nqp9093/.conda/envs/rseqc_env/bin/../lib/libncursesw.so.6: no version information available (required by samtools)
samtools: /gpfs/home/nqp9093/.conda/envs/rseqc_env/bin/../lib/libncursesw.so.6: no version information available (required by samtools)
[bam_sort_core] merging from 0 files and 40 in-memory blocks...
