Using R: /home/nqp9093/.conda/envs/chipseeker/bin/Rscript
null device 
          1 
null device 
          1 
>> preparing features information...		 2026-08-10 05:33:26 PM 
>> Using Genome: hg38 ...
>> identifying nearest features...		 2026-08-10 05:33:27 PM 
>> calculating distance from peak to TSS...	 2026-08-10 05:33:28 PM 
>> assigning genomic annotation...		 2026-08-10 05:33:28 PM 
>> Using Genome: hg38 ...
>> Using Genome: hg38 ...
>> adding gene annotation...			 2026-08-10 05:34:05 PM 
>> assigning chromosome lengths			 2026-08-10 05:34:05 PM 
>> done...					 2026-08-10 05:34:05 PM 
>> preparing features information...		 2026-08-10 05:34:05 PM 
>> Using Genome: hg38 ...
>> identifying nearest features...		 2026-08-10 05:34:05 PM 
>> calculating distance from peak to TSS...	 2026-08-10 05:34:06 PM 
>> assigning genomic annotation...		 2026-08-10 05:34:06 PM 
>> Using Genome: hg38 ...
>> Using Genome: hg38 ...
>> adding gene annotation...			 2026-08-10 05:34:13 PM 
>> assigning chromosome lengths			 2026-08-10 05:34:13 PM 
>> done...					 2026-08-10 05:34:13 PM 
null device 
          1 
null device 
          1 
null device 
          1 
