Running RSeQC strandedness for SRR5944047
Reading reference gene model rna_seq_featurecounts/reference/all_rseqc.bed12 ... Done
Loading SAM/BAM file ...  Total 200000 usable reads were sampled
Running RSeQC strandedness for SRR5944048
Reading reference gene model rna_seq_featurecounts/reference/all_rseqc.bed12 ... Done
Loading SAM/BAM file ...  Total 200000 usable reads were sampled
Running RSeQC strandedness for SRR5944049
Reading reference gene model rna_seq_featurecounts/reference/all_rseqc.bed12 ... Done
Loading SAM/BAM file ...  Total 200000 usable reads were sampled
Running RSeQC strandedness for SRR5944050
Reading reference gene model rna_seq_featurecounts/reference/all_rseqc.bed12 ... Done
Loading SAM/BAM file ...  Total 200000 usable reads were sampled
Running RSeQC strandedness for SRR5944051
Reading reference gene model rna_seq_featurecounts/reference/all_rseqc.bed12 ... Done
Loading SAM/BAM file ...  Total 200000 usable reads were sampled
Running RSeQC strandedness for SRR5944052
Reading reference gene model rna_seq_featurecounts/reference/all_rseqc.bed12 ... Done
Loading SAM/BAM file ...  Total 200000 usable reads were sampled
Running RSeQC strandedness for SRR5944053
Reading reference gene model rna_seq_featurecounts/reference/all_rseqc.bed12 ... Done
Loading SAM/BAM file ...  Total 200000 usable reads were sampled
Running RSeQC strandedness for SRR5944054
Reading reference gene model rna_seq_featurecounts/reference/all_rseqc.bed12 ... Done
Loading SAM/BAM file ...  Total 200000 usable reads were sampled
Running RSeQC strandedness for SRR5944055
Reading reference gene model rna_seq_featurecounts/reference/all_rseqc.bed12 ... Done
Loading SAM/BAM file ...  Total 200000 usable reads were sampled
Running RSeQC strandedness for SRR5944056
Reading reference gene model rna_seq_featurecounts/reference/all_rseqc.bed12 ... Done
Loading SAM/BAM file ...  Total 200000 usable reads were sampled
Running RSeQC strandedness for SRR5944057
Reading reference gene model rna_seq_featurecounts/reference/all_rseqc.bed12 ... Done
Loading SAM/BAM file ...  Total 200000 usable reads were sampled
Running RSeQC strandedness for SRR5944058
Reading reference gene model rna_seq_featurecounts/reference/all_rseqc.bed12 ... Done
Loading SAM/BAM file ...  Total 200000 usable reads were sampled
Running RSeQC strandedness for SRR5944059
Reading reference gene model rna_seq_featurecounts/reference/all_rseqc.bed12 ... Done
Loading SAM/BAM file ...  Total 200000 usable reads were sampled
Running RSeQC strandedness for SRR5944060
Reading reference gene model rna_seq_featurecounts/reference/all_rseqc.bed12 ... Done
Loading SAM/BAM file ...  Total 200000 usable reads were sampled
Running RSeQC strandedness for SRR5944061
Reading reference gene model rna_seq_featurecounts/reference/all_rseqc.bed12 ... Done
Loading SAM/BAM file ...  Total 200000 usable reads were sampled
Running RSeQC strandedness for SRR5944062
Reading reference gene model rna_seq_featurecounts/reference/all_rseqc.bed12 ... Done
Loading SAM/BAM file ...  Total 200000 usable reads were sampled
Running RSeQC strandedness for SRR5944063
Reading reference gene model rna_seq_featurecounts/reference/all_rseqc.bed12 ... Done
Loading SAM/BAM file ...  Total 200000 usable reads were sampled
Running RSeQC strandedness for SRR5944064
Reading reference gene model rna_seq_featurecounts/reference/all_rseqc.bed12 ... Done
Loading SAM/BAM file ...  Total 200000 usable reads were sampled
Running RSeQC strandedness for SRR5944065
Reading reference gene model rna_seq_featurecounts/reference/all_rseqc.bed12 ... Done
Loading SAM/BAM file ...  Total 200000 usable reads were sampled
Running RSeQC strandedness for SRR5944066
Reading reference gene model rna_seq_featurecounts/reference/all_rseqc.bed12 ... Done
Loading SAM/BAM file ...  Total 200000 usable reads were sampled
Running RSeQC strandedness for SRR5944067
Reading reference gene model rna_seq_featurecounts/reference/all_rseqc.bed12 ... Done
Loading SAM/BAM file ...  Total 200000 usable reads were sampled
Running RSeQC strandedness for SRR5944068
Reading reference gene model rna_seq_featurecounts/reference/all_rseqc.bed12 ... Done
Loading SAM/BAM file ...  Total 200000 usable reads were sampled
Running RSeQC strandedness for SRR5944069
Reading reference gene model rna_seq_featurecounts/reference/all_rseqc.bed12 ... Done
Loading SAM/BAM file ...  Total 200000 usable reads were sampled
Running RSeQC strandedness for SRR5944070
Reading reference gene model rna_seq_featurecounts/reference/all_rseqc.bed12 ... Done
Loading SAM/BAM file ...  Total 200000 usable reads were sampled
Running RSeQC strandedness for SRR5944071
Reading reference gene model rna_seq_featurecounts/reference/all_rseqc.bed12 ... Done
Loading SAM/BAM file ...  Total 200000 usable reads were sampled
Running RSeQC strandedness for SRR5944072
Reading reference gene model rna_seq_featurecounts/reference/all_rseqc.bed12 ... Done
Loading SAM/BAM file ...  Total 200000 usable reads were sampled
Running RSeQC strandedness for SRR5944073
Reading reference gene model rna_seq_featurecounts/reference/all_rseqc.bed12 ... Done
Loading SAM/BAM file ...  Total 200000 usable reads were sampled
Running RSeQC strandedness for SRR5944074
Reading reference gene model rna_seq_featurecounts/reference/all_rseqc.bed12 ... Done
Loading SAM/BAM file ...  Total 200000 usable reads were sampled
Running RSeQC strandedness for SRR5944075
Reading reference gene model rna_seq_featurecounts/reference/all_rseqc.bed12 ... Done
Loading SAM/BAM file ...  Total 200000 usable reads were sampled
Running RSeQC strandedness for SRR5944076
Reading reference gene model rna_seq_featurecounts/reference/all_rseqc.bed12 ... Done
Loading SAM/BAM file ...  Total 200000 usable reads were sampled
Running RSeQC strandedness for SRR5944077
Reading reference gene model rna_seq_featurecounts/reference/all_rseqc.bed12 ... Done
Loading SAM/BAM file ...  Total 200000 usable reads were sampled
Running RSeQC strandedness for SRR5944078
Reading reference gene model rna_seq_featurecounts/reference/all_rseqc.bed12 ... Done
Loading SAM/BAM file ...  Total 200000 usable reads were sampled
Running RSeQC strandedness for SRR5944079
Reading reference gene model rna_seq_featurecounts/reference/all_rseqc.bed12 ... Done
Loading SAM/BAM file ...  Total 200000 usable reads were sampled
Running RSeQC strandedness for SRR5944080
Reading reference gene model rna_seq_featurecounts/reference/all_rseqc.bed12 ... Done
Loading SAM/BAM file ...  Total 200000 usable reads were sampled
Running RSeQC strandedness for SRR5944081
Reading reference gene model rna_seq_featurecounts/reference/all_rseqc.bed12 ... Done
Loading SAM/BAM file ...  Total 200000 usable reads were sampled
Running RSeQC strandedness for SRR5944082
Reading reference gene model rna_seq_featurecounts/reference/all_rseqc.bed12 ... Done
Loading SAM/BAM file ...  Total 200000 usable reads were sampled
Running featureCounts on 36 single-end BAM files

        ==========     _____ _    _ ____  _____  ______          _____  
        =====         / ____| |  | |  _ \|  __ \|  ____|   /\   |  __ \ 
          =====      | (___ | |  | | |_) | |__) | |__     /  \  | |  | |
            ====      \___ \| |  | |  _ <|  _  /|  __|   / /\ \ | |  | |
              ====    ____) | |__| | |_) | | \ \| |____ / ____ \| |__| |
        ==========   |_____/ \____/|____/|_|  \_\______/_/    \_\_____/
	  v2.0.3

//========================== featureCounts setting ===========================\\
||                                                                            ||
||             Input files : 36 BAM files                                     ||
||                                                                            ||
||                           SRR5944047.sorted.bam                            ||
||                           SRR5944048.sorted.bam                            ||
||                           SRR5944049.sorted.bam                            ||
||                           SRR5944050.sorted.bam                            ||
||                           SRR5944051.sorted.bam                            ||
||                           SRR5944052.sorted.bam                            ||
||                           SRR5944053.sorted.bam                            ||
||                           SRR5944054.sorted.bam                            ||
||                           SRR5944055.sorted.bam                            ||
||                           SRR5944056.sorted.bam                            ||
||                           SRR5944057.sorted.bam                            ||
||                           SRR5944058.sorted.bam                            ||
||                           SRR5944059.sorted.bam                            ||
||                           SRR5944060.sorted.bam                            ||
||                           SRR5944061.sorted.bam                            ||
||                           SRR5944062.sorted.bam                            ||
||                           SRR5944063.sorted.bam                            ||
||                           SRR5944064.sorted.bam                            ||
||                           SRR5944065.sorted.bam                            ||
||                           SRR5944066.sorted.bam                            ||
||                           SRR5944067.sorted.bam                            ||
||                           SRR5944068.sorted.bam                            ||
||                           SRR5944069.sorted.bam                            ||
||                           SRR5944070.sorted.bam                            ||
||                           SRR5944071.sorted.bam                            ||
||                           SRR5944072.sorted.bam                            ||
||                           SRR5944073.sorted.bam                            ||
||                           SRR5944074.sorted.bam                            ||
||                           SRR5944075.sorted.bam                            ||
||                           SRR5944076.sorted.bam                            ||
||                           SRR5944077.sorted.bam                            ||
||                           SRR5944078.sorted.bam                            ||
||                           SRR5944079.sorted.bam                            ||
||                           SRR5944080.sorted.bam                            ||
||                           SRR5944081.sorted.bam                            ||
||                           SRR5944082.sorted.bam                            ||
||                                                                            ||
||             Output file : rna_seq_featureCounts.txt                        ||
||                 Summary : rna_seq_featureCounts.txt.summary                ||
||              Paired-end : no                                               ||
||        Count read pairs : no                                               ||
||              Annotation : all_exons.saf (SAF)                              ||
||      Dir for temp files : rna_seq_featurecounts                            ||
||                                                                            ||
||                 Threads : 16                                               ||
||                   Level : meta-feature level                               ||
||      Multimapping reads : not counted                                      ||
|| Multi-overlapping reads : not counted                                      ||
||   Min overlapping bases : 1                                                ||
||                                                                            ||
\\============================================================================//

//================================= Running ==================================\\
||                                                                            ||
|| Load annotation file all_exons.saf ...                                     ||
||    Features : 1650704                                                      ||
||    Meta-features : 63187                                                   ||
||    Chromosomes/contigs : 25                                                ||
||                                                                            ||
|| Process BAM file SRR5944047.sorted.bam...                                  ||
||    Single-end reads are included.                                          ||
||    Total alignments : 51268780                                             ||
||    Successfully assigned alignments : 3987300 (7.8%)                       ||
||    Running time : 0.07 minutes                                             ||
||                                                                            ||
|| Process BAM file SRR5944048.sorted.bam...                                  ||
||    Single-end reads are included.                                          ||
||    Total alignments : 38717089                                             ||
||    Successfully assigned alignments : 2820064 (7.3%)                       ||
||    Running time : 0.05 minutes                                             ||
||                                                                            ||
|| Process BAM file SRR5944049.sorted.bam...                                  ||
||    Single-end reads are included.                                          ||
||    Total alignments : 37308624                                             ||
||    Successfully assigned alignments : 2793562 (7.5%)                       ||
||    Running time : 0.05 minutes                                             ||
||                                                                            ||
|| Process BAM file SRR5944050.sorted.bam...                                  ||
||    Single-end reads are included.                                          ||
||    Total alignments : 37797151                                             ||
||    Successfully assigned alignments : 2755582 (7.3%)                       ||
||    Running time : 0.05 minutes                                             ||
||                                                                            ||
|| Process BAM file SRR5944051.sorted.bam...                                  ||
||    Single-end reads are included.                                          ||
||    Total alignments : 16822756                                             ||
||    Successfully assigned alignments : 1380862 (8.2%)                       ||
||    Running time : 0.03 minutes                                             ||
||                                                                            ||
|| Process BAM file SRR5944052.sorted.bam...                                  ||
||    Single-end reads are included.                                          ||
||    Total alignments : 24161117                                             ||
||    Successfully assigned alignments : 2027900 (8.4%)                       ||
||    Running time : 0.04 minutes                                             ||
||                                                                            ||
|| Process BAM file SRR5944053.sorted.bam...                                  ||
||    Single-end reads are included.                                          ||
||    Total alignments : 17551041                                             ||
||    Successfully assigned alignments : 1219365 (6.9%)                       ||
||    Running time : 0.03 minutes                                             ||
||                                                                            ||
|| Process BAM file SRR5944054.sorted.bam...                                  ||
||    Single-end reads are included.                                          ||
||    Total alignments : 32827515                                             ||
||    Successfully assigned alignments : 2462549 (7.5%)                       ||
||    Running time : 0.05 minutes                                             ||
||                                                                            ||
|| Process BAM file SRR5944055.sorted.bam...                                  ||
||    Single-end reads are included.                                          ||
||    Total alignments : 27211874                                             ||
||    Successfully assigned alignments : 1766707 (6.5%)                       ||
||    Running time : 0.04 minutes                                             ||
||                                                                            ||
|| Process BAM file SRR5944056.sorted.bam...                                  ||
||    Single-end reads are included.                                          ||
||    Total alignments : 25195378                                             ||
||    Successfully assigned alignments : 1714343 (6.8%)                       ||
||    Running time : 0.04 minutes                                             ||
||                                                                            ||
|| Process BAM file SRR5944057.sorted.bam...                                  ||
||    Single-end reads are included.                                          ||
||    Total alignments : 19134129                                             ||
||    Successfully assigned alignments : 1496794 (7.8%)                       ||
||    Running time : 0.03 minutes                                             ||
||                                                                            ||
|| Process BAM file SRR5944058.sorted.bam...                                  ||
||    Single-end reads are included.                                          ||
||    Total alignments : 31643744                                             ||
||    Successfully assigned alignments : 3888842 (12.3%)                      ||
||    Running time : 0.05 minutes                                             ||
||                                                                            ||
|| Process BAM file SRR5944059.sorted.bam...                                  ||
||    Single-end reads are included.                                          ||
||    Total alignments : 22837369                                             ||
||    Successfully assigned alignments : 1958847 (8.6%)                       ||
||    Running time : 0.04 minutes                                             ||
||                                                                            ||
|| Process BAM file SRR5944060.sorted.bam...                                  ||
||    Single-end reads are included.                                          ||
||    Total alignments : 55107392                                             ||
||    Successfully assigned alignments : 7192239 (13.1%)                      ||
||    Running time : 0.07 minutes                                             ||
||                                                                            ||
|| Process BAM file SRR5944061.sorted.bam...                                  ||
||    Single-end reads are included.                                          ||
||    Total alignments : 10327325                                             ||
||    Successfully assigned alignments : 542505 (5.3%)                        ||
||    Running time : 0.02 minutes                                             ||
||                                                                            ||
|| Process BAM file SRR5944062.sorted.bam...                                  ||
||    Single-end reads are included.                                          ||
||    Total alignments : 32044419                                             ||
||    Successfully assigned alignments : 1703723 (5.3%)                       ||
||    Running time : 0.04 minutes                                             ||
||                                                                            ||
|| Process BAM file SRR5944063.sorted.bam...                                  ||
||    Single-end reads are included.                                          ||
||    Total alignments : 46723183                                             ||
||    Successfully assigned alignments : 3744111 (8.0%)                       ||
||    Running time : 0.07 minutes                                             ||
||                                                                            ||
|| Process BAM file SRR5944064.sorted.bam...                                  ||
||    Single-end reads are included.                                          ||
||    Total alignments : 11956670                                             ||
||    Successfully assigned alignments : 697929 (5.8%)                        ||
||    Running time : 0.02 minutes                                             ||
||                                                                            ||
|| Process BAM file SRR5944065.sorted.bam...                                  ||
||    Single-end reads are included.                                          ||
||    Total alignments : 29715003                                             ||
||    Successfully assigned alignments : 2378152 (8.0%)                       ||
||    Running time : 0.04 minutes                                             ||
||                                                                            ||
|| Process BAM file SRR5944066.sorted.bam...                                  ||
||    Single-end reads are included.                                          ||
||    Total alignments : 46898174                                             ||
||    Successfully assigned alignments : 2008294 (4.3%)                       ||
||    Running time : 0.06 minutes                                             ||
||                                                                            ||
|| Process BAM file SRR5944067.sorted.bam...                                  ||
||    Single-end reads are included.                                          ||
||    Total alignments : 8769715                                              ||
||    Successfully assigned alignments : 344509 (3.9%)                        ||
||    Running time : 0.02 minutes                                             ||
||                                                                            ||
|| Process BAM file SRR5944068.sorted.bam...                                  ||
||    Single-end reads are included.                                          ||
||    Total alignments : 29912545                                             ||
||    Successfully assigned alignments : 1529540 (5.1%)                       ||
||    Running time : 0.04 minutes                                             ||
||                                                                            ||
|| Process BAM file SRR5944069.sorted.bam...                                  ||
||    Single-end reads are included.                                          ||
||    Total alignments : 32455688                                             ||
||    Successfully assigned alignments : 1427903 (4.4%)                       ||
||    Running time : 0.04 minutes                                             ||
||                                                                            ||
|| Process BAM file SRR5944070.sorted.bam...                                  ||
||    Single-end reads are included.                                          ||
||    Total alignments : 7025384                                              ||
||    Successfully assigned alignments : 380827 (5.4%)                        ||
||    Running time : 0.02 minutes                                             ||
||                                                                            ||
|| Process BAM file SRR5944071.sorted.bam...                                  ||
||    Single-end reads are included.                                          ||
||    Total alignments : 31413973                                             ||
||    Successfully assigned alignments : 3823897 (12.2%)                      ||
||    Running time : 0.05 minutes                                             ||
||                                                                            ||
|| Process BAM file SRR5944072.sorted.bam...                                  ||
||    Single-end reads are included.                                          ||
||    Total alignments : 35301835                                             ||
||    Successfully assigned alignments : 1746740 (4.9%)                       ||
||    Running time : 0.05 minutes                                             ||
||                                                                            ||
|| Process BAM file SRR5944073.sorted.bam...                                  ||
||    Single-end reads are included.                                          ||
||    Total alignments : 32028233                                             ||
||    Successfully assigned alignments : 13518086 (42.2%)                     ||
||    Running time : 0.04 minutes                                             ||
||                                                                            ||
|| Process BAM file SRR5944074.sorted.bam...                                  ||
||    Single-end reads are included.                                          ||
||    Total alignments : 14165673                                             ||
||    Successfully assigned alignments : 6457084 (45.6%)                      ||
||    Running time : 0.03 minutes                                             ||
||                                                                            ||
|| Process BAM file SRR5944075.sorted.bam...                                  ||
||    Single-end reads are included.                                          ||
||    Total alignments : 24066084                                             ||
||    Successfully assigned alignments : 10057159 (41.8%)                     ||
||    Running time : 0.03 minutes                                             ||
||                                                                            ||
|| Process BAM file SRR5944076.sorted.bam...                                  ||
||    Single-end reads are included.                                          ||
||    Total alignments : 14935053                                             ||
||    Successfully assigned alignments : 6816882 (45.6%)                      ||
||    Running time : 0.02 minutes                                             ||
||                                                                            ||
|| Process BAM file SRR5944077.sorted.bam...                                  ||
||    Single-end reads are included.                                          ||
||    Total alignments : 29304403                                             ||
||    Successfully assigned alignments : 14182308 (48.4%)                     ||
||    Running time : 0.04 minutes                                             ||
||                                                                            ||
|| Process BAM file SRR5944078.sorted.bam...                                  ||
||    Single-end reads are included.                                          ||
||    Total alignments : 14867297                                             ||
||    Successfully assigned alignments : 6883355 (46.3%)                      ||
||    Running time : 0.03 minutes                                             ||
||                                                                            ||
|| Process BAM file SRR5944079.sorted.bam...                                  ||
||    Single-end reads are included.                                          ||
||    Total alignments : 24951294                                             ||
||    Successfully assigned alignments : 11348304 (45.5%)                     ||
||    Running time : 0.04 minutes                                             ||
||                                                                            ||
|| Process BAM file SRR5944080.sorted.bam...                                  ||
||    Single-end reads are included.                                          ||
||    Total alignments : 17145209                                             ||
||    Successfully assigned alignments : 7620164 (44.4%)                      ||
||    Running time : 0.03 minutes                                             ||
||                                                                            ||
|| Process BAM file SRR5944081.sorted.bam...                                  ||
||    Single-end reads are included.                                          ||
||    Total alignments : 46876527                                             ||
||    Successfully assigned alignments : 2019190 (4.3%)                       ||
||    Running time : 0.07 minutes                                             ||
||                                                                            ||
|| Process BAM file SRR5944082.sorted.bam...                                  ||
||    Single-end reads are included.                                          ||
||    Total alignments : 41641476                                             ||
||    Successfully assigned alignments : 1739638 (4.2%)                       ||
||    Running time : 0.06 minutes                                             ||
||                                                                            ||
|| Write the final count table.                                               ||
|| Write the read assignment summary.                                         ||
||                                                                            ||
|| Summary of counting results can be found in file "rna_seq_featurecounts/r  ||
|| na_seq_featureCounts.txt.summary"                                          ||
||                                                                            ||
\\============================================================================//

RNA-seq strandedness reports: rna_seq_featurecounts/strandedness
Raw featureCounts output: rna_seq_featurecounts/rna_seq_featureCounts.txt
Cleaned featureCounts output: rna_seq_featurecounts/rna_seq_featureCounts_cleaned.txt
