Using R: /home/nqp9093/.conda/envs/chipseeker/bin/Rscript
null device 
          1 
null device 
          1 
>> preparing features information...		 2026-08-10 04:57:56 PM 
>> Using Genome: hg38 ...
>> identifying nearest features...		 2026-08-10 04:57:57 PM 
>> calculating distance from peak to TSS...	 2026-08-10 04:57:58 PM 
>> assigning genomic annotation...		 2026-08-10 04:57:58 PM 
>> Using Genome: hg38 ...
>> Using Genome: hg38 ...
>> adding gene annotation...			 2026-08-10 04:58:36 PM 
>> assigning chromosome lengths			 2026-08-10 04:58:36 PM 
>> done...					 2026-08-10 04:58:36 PM 
>> preparing features information...		 2026-08-10 04:58:36 PM 
>> Using Genome: hg38 ...
>> identifying nearest features...		 2026-08-10 04:58:36 PM 
>> calculating distance from peak to TSS...	 2026-08-10 04:58:37 PM 
>> assigning genomic annotation...		 2026-08-10 04:58:37 PM 
>> Using Genome: hg38 ...
>> Using Genome: hg38 ...
>> adding gene annotation...			 2026-08-10 04:58:43 PM 
>> assigning chromosome lengths			 2026-08-10 04:58:43 PM 
>> done...					 2026-08-10 04:58:43 PM 
null device 
          1 
null device 
          1 
